Archive member included to satisfy reference by file (symbol)

c:/st/stm32cubeide_1.10.1/stm32cubeide/plugins/com.st.stm32cube.ide.mcu.externaltools.gnu-tools-for-stm32.10.3-2021.10.win32_1.0.0.202111181127/tools/bin/../lib/gcc/arm-none-eabi/10.3.1/../../../../arm-none-eabi/lib/thumb/v7e-m+dp/hard\libc_nano.a(lib_a-errno.o)
                              ./Core/Src/syscalls.o (__errno)
c:/st/stm32cubeide_1.10.1/stm32cubeide/plugins/com.st.stm32cube.ide.mcu.externaltools.gnu-tools-for-stm32.10.3-2021.10.win32_1.0.0.202111181127/tools/bin/../lib/gcc/arm-none-eabi/10.3.1/../../../../arm-none-eabi/lib/thumb/v7e-m+dp/hard\libc_nano.a(lib_a-exit.o)
                              c:/st/stm32cubeide_1.10.1/stm32cubeide/plugins/com.st.stm32cube.ide.mcu.externaltools.gnu-tools-for-stm32.10.3-2021.10.win32_1.0.0.202111181127/tools/bin/../lib/gcc/arm-none-eabi/10.3.1/../../../../arm-none-eabi/lib/thumb/v7e-m+dp/hard/crt0.o (exit)
c:/st/stm32cubeide_1.10.1/stm32cubeide/plugins/com.st.stm32cube.ide.mcu.externaltools.gnu-tools-for-stm32.10.3-2021.10.win32_1.0.0.202111181127/tools/bin/../lib/gcc/arm-none-eabi/10.3.1/../../../../arm-none-eabi/lib/thumb/v7e-m+dp/hard\libc_nano.a(lib_a-impure.o)
                              c:/st/stm32cubeide_1.10.1/stm32cubeide/plugins/com.st.stm32cube.ide.mcu.externaltools.gnu-tools-for-stm32.10.3-2021.10.win32_1.0.0.202111181127/tools/bin/../lib/gcc/arm-none-eabi/10.3.1/../../../../arm-none-eabi/lib/thumb/v7e-m+dp/hard\libc_nano.a(lib_a-exit.o) (_global_impure_ptr)
c:/st/stm32cubeide_1.10.1/stm32cubeide/plugins/com.st.stm32cube.ide.mcu.externaltools.gnu-tools-for-stm32.10.3-2021.10.win32_1.0.0.202111181127/tools/bin/../lib/gcc/arm-none-eabi/10.3.1/../../../../arm-none-eabi/lib/thumb/v7e-m+dp/hard\libc_nano.a(lib_a-init.o)
                              c:/st/stm32cubeide_1.10.1/stm32cubeide/plugins/com.st.stm32cube.ide.mcu.externaltools.gnu-tools-for-stm32.10.3-2021.10.win32_1.0.0.202111181127/tools/bin/../lib/gcc/arm-none-eabi/10.3.1/../../../../arm-none-eabi/lib/thumb/v7e-m+dp/hard/crt0.o (__libc_init_array)
c:/st/stm32cubeide_1.10.1/stm32cubeide/plugins/com.st.stm32cube.ide.mcu.externaltools.gnu-tools-for-stm32.10.3-2021.10.win32_1.0.0.202111181127/tools/bin/../lib/gcc/arm-none-eabi/10.3.1/../../../../arm-none-eabi/lib/thumb/v7e-m+dp/hard\libc_nano.a(lib_a-memcpy-stub.o)
                              ./Drivers/STM32H7xx_HAL_Driver/Src/stm32h7xx_hal_fdcan.o (memcpy)
c:/st/stm32cubeide_1.10.1/stm32cubeide/plugins/com.st.stm32cube.ide.mcu.externaltools.gnu-tools-for-stm32.10.3-2021.10.win32_1.0.0.202111181127/tools/bin/../lib/gcc/arm-none-eabi/10.3.1/../../../../arm-none-eabi/lib/thumb/v7e-m+dp/hard\libc_nano.a(lib_a-memset.o)
                              c:/st/stm32cubeide_1.10.1/stm32cubeide/plugins/com.st.stm32cube.ide.mcu.externaltools.gnu-tools-for-stm32.10.3-2021.10.win32_1.0.0.202111181127/tools/bin/../lib/gcc/arm-none-eabi/10.3.1/../../../../arm-none-eabi/lib/thumb/v7e-m+dp/hard/crt0.o (memset)
c:/st/stm32cubeide_1.10.1/stm32cubeide/plugins/com.st.stm32cube.ide.mcu.externaltools.gnu-tools-for-stm32.10.3-2021.10.win32_1.0.0.202111181127/tools/bin/../lib/gcc/arm-none-eabi/10.3.1/thumb/v7e-m+dp/hard\libgcc.a(_aeabi_uldivmod.o)
                              ./Drivers/STM32H7xx_HAL_Driver/Src/stm32h7xx_hal_uart.o (__aeabi_uldivmod)
c:/st/stm32cubeide_1.10.1/stm32cubeide/plugins/com.st.stm32cube.ide.mcu.externaltools.gnu-tools-for-stm32.10.3-2021.10.win32_1.0.0.202111181127/tools/bin/../lib/gcc/arm-none-eabi/10.3.1/thumb/v7e-m+dp/hard\libgcc.a(_udivmoddi4.o)
                              c:/st/stm32cubeide_1.10.1/stm32cubeide/plugins/com.st.stm32cube.ide.mcu.externaltools.gnu-tools-for-stm32.10.3-2021.10.win32_1.0.0.202111181127/tools/bin/../lib/gcc/arm-none-eabi/10.3.1/thumb/v7e-m+dp/hard\libgcc.a(_aeabi_uldivmod.o) (__udivmoddi4)
c:/st/stm32cubeide_1.10.1/stm32cubeide/plugins/com.st.stm32cube.ide.mcu.externaltools.gnu-tools-for-stm32.10.3-2021.10.win32_1.0.0.202111181127/tools/bin/../lib/gcc/arm-none-eabi/10.3.1/thumb/v7e-m+dp/hard\libgcc.a(_dvmd_tls.o)
                              c:/st/stm32cubeide_1.10.1/stm32cubeide/plugins/com.st.stm32cube.ide.mcu.externaltools.gnu-tools-for-stm32.10.3-2021.10.win32_1.0.0.202111181127/tools/bin/../lib/gcc/arm-none-eabi/10.3.1/thumb/v7e-m+dp/hard\libgcc.a(_aeabi_uldivmod.o) (__aeabi_ldiv0)

Discarded input sections

 .text          0x0000000000000000        0x0 c:/st/stm32cubeide_1.10.1/stm32cubeide/plugins/com.st.stm32cube.ide.mcu.externaltools.gnu-tools-for-stm32.10.3-2021.10.win32_1.0.0.202111181127/tools/bin/../lib/gcc/arm-none-eabi/10.3.1/thumb/v7e-m+dp/hard/crti.o
 .data          0x0000000000000000        0x0 c:/st/stm32cubeide_1.10.1/stm32cubeide/plugins/com.st.stm32cube.ide.mcu.externaltools.gnu-tools-for-stm32.10.3-2021.10.win32_1.0.0.202111181127/tools/bin/../lib/gcc/arm-none-eabi/10.3.1/thumb/v7e-m+dp/hard/crti.o
[...]
Memory Configuration

Name             Origin             Length             Attributes
ITCMRAM          0x0000000000000000 0x0000000000010000 xrw
DTCMRAM          0x0000000020000000 0x0000000000020000 xrw
FLASH            0x0000000008000000 0x0000000000100000 xr
RAM_D1           0x0000000024000000 0x0000000000050000 xrw
RAM_D2           0x0000000030000000 0x0000000000008000 xrw
RAM_D3           0x0000000038000000 0x0000000000004000 xrw
*default*        0x0000000000000000 0xffffffffffffffff

Linker script and memory map

LOAD c:/st/stm32cubeide_1.10.1/stm32cubeide/plugins/com.st.stm32cube.ide.mcu.externaltools.gnu-tools-for-stm32.10.3-2021.10.win32_1.0.0.202111181127/tools/bin/../lib/gcc/arm-none-eabi/10.3.1/thumb/v7e-m+dp/hard/crti.o
LOAD c:/st/stm32cubeide_1.10.1/stm32cubeide/plugins/com.st.stm32cube.ide.mcu.externaltools.gnu-tools-for-stm32.10.3-2021.10.win32_1.0.0.202111181127/tools/bin/../lib/gcc/arm-none-eabi/10.3.1/thumb/v7e-m+dp/hard/crtbegin.o
LOAD c:/st/stm32cubeide_1.10.1/stm32cubeide/plugins/com.st.stm32cube.ide.mcu.externaltools.gnu-tools-for-stm32.10.3-2021.10.win32_1.0.0.202111181127/tools/bin/../lib/gcc/arm-none-eabi/10.3.1/../../../../arm-none-eabi/lib/thumb/v7e-m+dp/hard/crt0.o
LOAD ./Core/Src/main.o
LOAD ./Core/Src/stm32h7xx_hal_msp.o
LOAD ./Core/Src/stm32h7xx_it.o
LOAD ./Core/Src/syscalls.o
LOAD ./Core/Src/sysmem.o
LOAD ./Core/Src/system_stm32h7xx.o
LOAD ./Core/Startup/startup_stm32h723zgtx.o
LOAD ./Drivers/STM32H7xx_HAL_Driver/Src/stm32h7xx_hal.o
LOAD ./Drivers/STM32H7xx_HAL_Driver/Src/stm32h7xx_hal_adc.o
LOAD ./Drivers/STM32H7xx_HAL_Driver/Src/stm32h7xx_hal_adc_ex.o
LOAD ./Drivers/STM32H7xx_HAL_Driver/Src/stm32h7xx_hal_cordic.o
LOAD ./Drivers/STM32H7xx_HAL_Driver/Src/stm32h7xx_hal_cortex.o
LOAD ./Drivers/STM32H7xx_HAL_Driver/Src/stm32h7xx_hal_dma.o
LOAD ./Drivers/STM32H7xx_HAL_Driver/Src/stm32h7xx_hal_dma_ex.o
LOAD ./Drivers/STM32H7xx_HAL_Driver/Src/stm32h7xx_hal_exti.o
LOAD ./Drivers/STM32H7xx_HAL_Driver/Src/stm32h7xx_hal_fdcan.o
LOAD ./Drivers/STM32H7xx_HAL_Driver/Src/stm32h7xx_hal_flash.o
LOAD ./Drivers/STM32H7xx_HAL_Driver/Src/stm32h7xx_hal_flash_ex.o
LOAD ./Drivers/STM32H7xx_HAL_Driver/Src/stm32h7xx_hal_fmac.o
LOAD ./Drivers/STM32H7xx_HAL_Driver/Src/stm32h7xx_hal_gpio.o
LOAD ./Drivers/STM32H7xx_HAL_Driver/Src/stm32h7xx_hal_hsem.o
LOAD ./Drivers/STM32H7xx_HAL_Driver/Src/stm32h7xx_hal_i2c.o
LOAD ./Drivers/STM32H7xx_HAL_Driver/Src/stm32h7xx_hal_i2c_ex.o
LOAD ./Drivers/STM32H7xx_HAL_Driver/Src/stm32h7xx_hal_lptim.o
LOAD ./Drivers/STM32H7xx_HAL_Driver/Src/stm32h7xx_hal_mdma.o
LOAD ./Drivers/STM32H7xx_HAL_Driver/Src/stm32h7xx_hal_pwr.o
LOAD ./Drivers/STM32H7xx_HAL_Driver/Src/stm32h7xx_hal_pwr_ex.o
LOAD ./Drivers/STM32H7xx_HAL_Driver/Src/stm32h7xx_hal_rcc.o
LOAD ./Drivers/STM32H7xx_HAL_Driver/Src/stm32h7xx_hal_rcc_ex.o
LOAD ./Drivers/STM32H7xx_HAL_Driver/Src/stm32h7xx_hal_rtc.o
LOAD ./Drivers/STM32H7xx_HAL_Driver/Src/stm32h7xx_hal_rtc_ex.o
LOAD ./Drivers/STM32H7xx_HAL_Driver/Src/stm32h7xx_hal_spi.o
LOAD ./Drivers/STM32H7xx_HAL_Driver/Src/stm32h7xx_hal_spi_ex.o
LOAD ./Drivers/STM32H7xx_HAL_Driver/Src/stm32h7xx_hal_tim.o
LOAD ./Drivers/STM32H7xx_HAL_Driver/Src/stm32h7xx_hal_tim_ex.o
LOAD ./Drivers/STM32H7xx_HAL_Driver/Src/stm32h7xx_hal_uart.o
LOAD ./Drivers/STM32H7xx_HAL_Driver/Src/stm32h7xx_hal_uart_ex.o
START GROUP
LOAD c:/st/stm32cubeide_1.10.1/stm32cubeide/plugins/com.st.stm32cube.ide.mcu.externaltools.gnu-tools-for-stm32.10.3-2021.10.win32_1.0.0.202111181127/tools/bin/../lib/gcc/arm-none-eabi/10.3.1/../../../../arm-none-eabi/lib/thumb/v7e-m+dp/hard\libstdc++_nano.a
LOAD c:/st/stm32cubeide_1.10.1/stm32cubeide/plugins/com.st.stm32cube.ide.mcu.externaltools.gnu-tools-for-stm32.10.3-2021.10.win32_1.0.0.202111181127/tools/bin/../lib/gcc/arm-none-eabi/10.3.1/../../../../arm-none-eabi/lib/thumb/v7e-m+dp/hard\libsupc++_nano.a
END GROUP
LOAD c:/st/stm32cubeide_1.10.1/stm32cubeide/plugins/com.st.stm32cube.ide.mcu.externaltools.gnu-tools-for-stm32.10.3-2021.10.win32_1.0.0.202111181127/tools/bin/../lib/gcc/arm-none-eabi/10.3.1/../../../../arm-none-eabi/lib/thumb/v7e-m+dp/hard\libstdc++_nano.a
LOAD c:/st/stm32cubeide_1.10.1/stm32cubeide/plugins/com.st.stm32cube.ide.mcu.externaltools.gnu-tools-for-stm32.10.3-2021.10.win32_1.0.0.202111181127/tools/bin/../lib/gcc/arm-none-eabi/10.3.1/../../../../arm-none-eabi/lib/thumb/v7e-m+dp/hard\libm.a
LOAD c:/st/stm32cubeide_1.10.1/stm32cubeide/plugins/com.st.stm32cube.ide.mcu.externaltools.gnu-tools-for-stm32.10.3-2021.10.win32_1.0.0.202111181127/tools/bin/../lib/gcc/arm-none-eabi/10.3.1/../../../../arm-none-eabi/lib/thumb/v7e-m+dp/hard\libc_nano.a
START GROUP
LOAD c:/st/stm32cubeide_1.10.1/stm32cubeide/plugins/com.st.stm32cube.ide.mcu.externaltools.gnu-tools-for-stm32.10.3-2021.10.win32_1.0.0.202111181127/tools/bin/../lib/gcc/arm-none-eabi/10.3.1/thumb/v7e-m+dp/hard\libgcc.a
LOAD c:/st/stm32cubeide_1.10.1/stm32cubeide/plugins/com.st.stm32cube.ide.mcu.externaltools.gnu-tools-for-stm32.10.3-2021.10.win32_1.0.0.202111181127/tools/bin/../lib/gcc/arm-none-eabi/10.3.1/../../../../arm-none-eabi/lib/thumb/v7e-m+dp/hard\libc_nano.a
END GROUP
START GROUP
LOAD c:/st/stm32cubeide_1.10.1/stm32cubeide/plugins/com.st.stm32cube.ide.mcu.externaltools.gnu-tools-for-stm32.10.3-2021.10.win32_1.0.0.202111181127/tools/bin/../lib/gcc/arm-none-eabi/10.3.1/thumb/v7e-m+dp/hard\libgcc.a
LOAD c:/st/stm32cubeide_1.10.1/stm32cubeide/plugins/com.st.stm32cube.ide.mcu.externaltools.gnu-tools-for-stm32.10.3-2021.10.win32_1.0.0.202111181127/tools/bin/../lib/gcc/arm-none-eabi/10.3.1/../../../../arm-none-eabi/lib/thumb/v7e-m+dp/hard\libc_nano.a
LOAD c:/st/stm32cubeide_1.10.1/stm32cubeide/plugins/com.st.stm32cube.ide.mcu.externaltools.gnu-tools-for-stm32.10.3-2021.10.win32_1.0.0.202111181127/tools/bin/../lib/gcc/arm-none-eabi/10.3.1/../../../../arm-none-eabi/lib/thumb/v7e-m+dp/hard\libnosys.a
END GROUP
START GROUP
LOAD c:/st/stm32cubeide_1.10.1/stm32cubeide/plugins/com.st.stm32cube.ide.mcu.externaltools.gnu-tools-for-stm32.10.3-2021.10.win32_1.0.0.202111181127/tools/bin/../lib/gcc/arm-none-eabi/10.3.1/thumb/v7e-m+dp/hard\libgcc.a
LOAD c:/st/stm32cubeide_1.10.1/stm32cubeide/plugins/com.st.stm32cube.ide.mcu.externaltools.gnu-tools-for-stm32.10.3-2021.10.win32_1.0.0.202111181127/tools/bin/../lib/gcc/arm-none-eabi/10.3.1/../../../../arm-none-eabi/lib/thumb/v7e-m+dp/hard\libc_nano.a
LOAD c:/st/stm32cubeide_1.10.1/stm32cubeide/plugins/com.st.stm32cube.ide.mcu.externaltools.gnu-tools-for-stm32.10.3-2021.10.win32_1.0.0.202111181127/tools/bin/../lib/gcc/arm-none-eabi/10.3.1/../../../../arm-none-eabi/lib/thumb/v7e-m+dp/hard\libnosys.a
END GROUP
LOAD c:/st/stm32cubeide_1.10.1/stm32cubeide/plugins/com.st.stm32cube.ide.mcu.externaltools.gnu-tools-for-stm32.10.3-2021.10.win32_1.0.0.202111181127/tools/bin/../lib/gcc/arm-none-eabi/10.3.1/thumb/v7e-m+dp/hard/crtend.o
LOAD c:/st/stm32cubeide_1.10.1/stm32cubeide/plugins/com.st.stm32cube.ide.mcu.externaltools.gnu-tools-for-stm32.10.3-2021.10.win32_1.0.0.202111181127/tools/bin/../lib/gcc/arm-none-eabi/10.3.1/thumb/v7e-m+dp/hard/crtn.o
                0x0000000024050000                _estack = (ORIGIN (RAM_D1) + LENGTH (RAM_D1))
                0x0000000000000200                _Min_Heap_Size = 0x200
                0x0000000000000400                _Min_Stack_Size = 0x400

.isr_vector     0x0000000008000000      0x2cc
                0x0000000008000000                . = ALIGN (0x4)
 *(.isr_vector)
 .isr_vector    0x0000000008000000      0x2cc ./Core/Startup/startup_stm32h723zgtx.o
                0x0000000008000000                g_pfnVectors
                0x00000000080002cc                . = ALIGN (0x4)

.text           0x00000000080002cc     0xccac
                0x00000000080002cc                . = ALIGN (0x4)
 *(.text)
 .text          0x00000000080002cc       0x40 c:/st/stm32cubeide_1.10.1/stm32cubeide/plugins/com.st.stm32cube.ide.mcu.externaltools.gnu-tools-for-stm32.10.3-2021.10.win32_1.0.0.202111181127/tools/bin/../lib/gcc/arm-none-eabi/10.3.1/thumb/v7e-m+dp/hard/crtbegin.o
 .text          0x000000000800030c       0x30 c:/st/stm32cubeide_1.10.1/stm32cubeide/plugins/com.st.stm32cube.ide.mcu.externaltools.gnu-tools-for-stm32.10.3-2021.10.win32_1.0.0.202111181127/tools/bin/../lib/gcc/arm-none-eabi/10.3.1/thumb/v7e-m+dp/hard\libgcc.a(_aeabi_uldivmod.o)
                0x000000000800030c                __aeabi_uldivmod
 .text          0x000000000800033c      0x2d0 c:/st/stm32cubeide_1.10.1/stm32cubeide/plugins/com.st.stm32cube.ide.mcu.externaltools.gnu-tools-for-stm32.10.3-2021.10.win32_1.0.0.202111181127/tools/bin/../lib/gcc/arm-none-eabi/10.3.1/thumb/v7e-m+dp/hard\libgcc.a(_udivmoddi4.o)
                0x000000000800033c                __udivmoddi4
 .text          0x000000000800060c        0x4 c:/st/stm32cubeide_1.10.1/stm32cubeide/plugins/com.st.stm32cube.ide.mcu.externaltools.gnu-tools-for-stm32.10.3-2021.10.win32_1.0.0.202111181127/tools/bin/../lib/gcc/arm-none-eabi/10.3.1/thumb/v7e-m+dp/hard\libgcc.a(_dvmd_tls.o)
                0x000000000800060c                __aeabi_idiv0
                0x000000000800060c                __aeabi_ldiv0
 *(.text*)
 .text.main     0x0000000008000610       0x76 ./Core/Src/main.o
                0x0000000008000610                main
 *fill*         0x0000000008000686        0x2 
 .text._Z18SystemClock_Configv
                0x0000000008000688      0x114 ./Core/Src/main.o
                0x0000000008000688                SystemClock_Config()
 .text._Z24PeriphCommonClock_Configv
                0x000000000800079c       0x62 ./Core/Src/main.o
                0x000000000800079c                PeriphCommonClock_Config()
 *fill*         0x00000000080007fe        0x2 
 .text._ZL12MX_ADC1_Initv
                0x0000000008000800      0x298 ./Core/Src/main.o
 .text._ZL12MX_ADC2_Initv
                0x0000000008000a98      0x10c ./Core/Src/main.o
 .text._ZL12MX_ADC3_Initv
                0x0000000008000ba4      0x224 ./Core/Src/main.o
 .text._ZL14MX_CORDIC_Initv
                0x0000000008000dc8       0x30 ./Core/Src/main.o
 .text._ZL14MX_FDCAN1_Initv
                0x0000000008000df8       0xd4 ./Core/Src/main.o
 .text._ZL14MX_FDCAN3_Initv
                0x0000000008000ecc       0xd4 ./Core/Src/main.o
 .text._ZL12MX_FMAC_Initv
                0x0000000008000fa0       0x30 ./Core/Src/main.o
 .text._ZL14MX_LPTIM1_Initv
                0x0000000008000fd0       0x64 ./Core/Src/main.o
 .text._ZL14MX_LPTIM2_Initv
                0x0000000008001034       0x64 ./Core/Src/main.o
 .text._ZL14MX_LPTIM3_Initv
                0x0000000008001098       0x5c ./Core/Src/main.o
 .text._ZL11MX_RTC_Initv
                0x00000000080010f4       0x5c ./Core/Src/main.o
 .text._ZL12MX_SPI3_Initv
                0x0000000008001150       0xb4 ./Core/Src/main.o
 .text._ZL12MX_TIM1_Initv
                0x0000000008001204      0x1ac ./Core/Src/main.o
 .text._ZL12MX_TIM3_Initv
                0x00000000080013b0      0x134 ./Core/Src/main.o
 .text._ZL12MX_TIM4_Initv
                0x00000000080014e4      0x134 ./Core/Src/main.o
 .text._ZL12MX_TIM8_Initv
                0x0000000008001618       0xc8 ./Core/Src/main.o
 .text._ZL13MX_TIM12_Initv
                0x00000000080016e0       0xc0 ./Core/Src/main.o
 .text._ZL13MX_TIM15_Initv
                0x00000000080017a0      0x158 ./Core/Src/main.o
 .text._ZL13MX_TIM16_Initv
                0x00000000080018f8      0x11c ./Core/Src/main.o
 .text._ZL13MX_TIM17_Initv
                0x0000000008001a14      0x11c ./Core/Src/main.o
 .text._ZL13MX_TIM23_Initv
                0x0000000008001b30      0x16c ./Core/Src/main.o
 .text._ZL19MX_USART1_UART_Initv
                0x0000000008001c9c       0xc0 ./Core/Src/main.o
 .text._ZL19MX_USART2_UART_Initv
                0x0000000008001d5c       0xc0 ./Core/Src/main.o
 .text._ZL11MX_DMA_Initv
                0x0000000008001e1c       0x60 ./Core/Src/main.o
 .text._ZL12MX_GPIO_Initv
                0x0000000008001e7c      0x1c8 ./Core/Src/main.o
 .text.Error_Handler
                0x0000000008002044        0xa ./Core/Src/main.o
                0x0000000008002044                Error_Handler
 *fill*         0x000000000800204e        0x2 
 .text.HAL_MspInit
                0x0000000008002050       0x34 ./Core/Src/stm32h7xx_hal_msp.o
                0x0000000008002050                HAL_MspInit
 .text.HAL_ADC_MspInit
                0x0000000008002084      0x3a8 ./Core/Src/stm32h7xx_hal_msp.o
                0x0000000008002084                HAL_ADC_MspInit
 .text.HAL_CORDIC_MspInit
                0x000000000800242c       0x44 ./Core/Src/stm32h7xx_hal_msp.o
                0x000000000800242c                HAL_CORDIC_MspInit
 .text.HAL_FDCAN_MspInit
                0x0000000008002470      0x194 ./Core/Src/stm32h7xx_hal_msp.o
                0x0000000008002470                HAL_FDCAN_MspInit
 .text.HAL_FMAC_MspInit
                0x0000000008002604       0x44 ./Core/Src/stm32h7xx_hal_msp.o
                0x0000000008002604                HAL_FMAC_MspInit
 .text.HAL_LPTIM_MspInit
                0x0000000008002648      0x134 ./Core/Src/stm32h7xx_hal_msp.o
                0x0000000008002648                HAL_LPTIM_MspInit
 .text.HAL_RTC_MspInit
                0x000000000800277c       0x60 ./Core/Src/stm32h7xx_hal_msp.o
                0x000000000800277c                HAL_RTC_MspInit
 .text.HAL_SPI_MspInit
                0x00000000080027dc       0xcc ./Core/Src/stm32h7xx_hal_msp.o
                0x00000000080027dc                HAL_SPI_MspInit
 .text.HAL_TIM_PWM_MspInit
                0x00000000080028a8       0xfc ./Core/Src/stm32h7xx_hal_msp.o
                0x00000000080028a8                HAL_TIM_PWM_MspInit
 .text.HAL_TIM_Encoder_MspInit
                0x00000000080029a4       0x94 ./Core/Src/stm32h7xx_hal_msp.o
                0x00000000080029a4                HAL_TIM_Encoder_MspInit
 .text.HAL_TIM_Base_MspInit
                0x0000000008002a38       0x74 ./Core/Src/stm32h7xx_hal_msp.o
                0x0000000008002a38                HAL_TIM_Base_MspInit
 .text.HAL_TIM_IC_MspInit
                0x0000000008002aac       0x94 ./Core/Src/stm32h7xx_hal_msp.o
                0x0000000008002aac                HAL_TIM_IC_MspInit
 .text.HAL_TIM_MspPostInit
                0x0000000008002b40      0x2f0 ./Core/Src/stm32h7xx_hal_msp.o
                0x0000000008002b40                HAL_TIM_MspPostInit
 .text.HAL_UART_MspInit
                0x0000000008002e30      0x164 ./Core/Src/stm32h7xx_hal_msp.o
                0x0000000008002e30                HAL_UART_MspInit
 .text.NMI_Handler
                0x0000000008002f94        0x6 ./Core/Src/stm32h7xx_it.o
                0x0000000008002f94                NMI_Handler
 .text.HardFault_Handler
                0x0000000008002f9a        0x6 ./Core/Src/stm32h7xx_it.o
                0x0000000008002f9a                HardFault_Handler
 .text.MemManage_Handler
                0x0000000008002fa0        0x6 ./Core/Src/stm32h7xx_it.o
                0x0000000008002fa0                MemManage_Handler
 .text.BusFault_Handler
                0x0000000008002fa6        0x6 ./Core/Src/stm32h7xx_it.o
                0x0000000008002fa6                BusFault_Handler
 .text.UsageFault_Handler
                0x0000000008002fac        0x6 ./Core/Src/stm32h7xx_it.o
                0x0000000008002fac                UsageFault_Handler
 .text.SVC_Handler
                0x0000000008002fb2        0xe ./Core/Src/stm32h7xx_it.o
                0x0000000008002fb2                SVC_Handler
 .text.DebugMon_Handler
                0x0000000008002fc0        0xe ./Core/Src/stm32h7xx_it.o
                0x0000000008002fc0                DebugMon_Handler
 .text.PendSV_Handler
                0x0000000008002fce        0xe ./Core/Src/stm32h7xx_it.o
                0x0000000008002fce                PendSV_Handler
 .text.SysTick_Handler
                0x0000000008002fdc        0xc ./Core/Src/stm32h7xx_it.o
                0x0000000008002fdc                SysTick_Handler
 .text.EXTI0_IRQHandler
                0x0000000008002fe8        0xe ./Core/Src/stm32h7xx_it.o
                0x0000000008002fe8                EXTI0_IRQHandler
 .text.EXTI1_IRQHandler
                0x0000000008002ff6        0xe ./Core/Src/stm32h7xx_it.o
                0x0000000008002ff6                EXTI1_IRQHandler
 .text.DMA1_Stream0_IRQHandler
                0x0000000008003004       0x14 ./Core/Src/stm32h7xx_it.o
                0x0000000008003004                DMA1_Stream0_IRQHandler
 .text.DMA1_Stream1_IRQHandler
                0x0000000008003018       0x14 ./Core/Src/stm32h7xx_it.o
                0x0000000008003018                DMA1_Stream1_IRQHandler
 .text.DMA1_Stream2_IRQHandler
                0x000000000800302c       0x14 ./Core/Src/stm32h7xx_it.o
                0x000000000800302c                DMA1_Stream2_IRQHandler
 .text.LPTIM1_IRQHandler
                0x0000000008003040       0x14 ./Core/Src/stm32h7xx_it.o
                0x0000000008003040                LPTIM1_IRQHandler
 .text.LPTIM2_IRQHandler
                0x0000000008003054       0x14 ./Core/Src/stm32h7xx_it.o
                0x0000000008003054                LPTIM2_IRQHandler
 .text.LPTIM3_IRQHandler
                0x0000000008003068       0x14 ./Core/Src/stm32h7xx_it.o
                0x0000000008003068                LPTIM3_IRQHandler
 .text.SystemInit
                0x000000000800307c       0xf0 ./Core/Src/system_stm32h7xx.o
                0x000000000800307c                SystemInit
 .text.Reset_Handler
                0x000000000800316c       0x50 ./Core/Startup/startup_stm32h723zgtx.o
                0x000000000800316c                Reset_Handler
 .text.Default_Handler
                0x00000000080031bc        0x2 ./Core/Startup/startup_stm32h723zgtx.o
                0x00000000080031bc                RTC_Alarm_IRQHandler
                0x00000000080031bc                EXTI2_IRQHandler
                0x00000000080031bc                TIM8_CC_IRQHandler
                0x00000000080031bc                UART8_IRQHandler
                0x00000000080031bc                SPI4_IRQHandler
                0x00000000080031bc                FDCAN3_IT0_IRQHandler
                0x00000000080031bc                TIM1_CC_IRQHandler
                0x00000000080031bc                BDMA_Channel6_IRQHandler
                0x00000000080031bc                DMA2_Stream5_IRQHandler
                0x00000000080031bc                DMA1_Stream5_IRQHandler
                0x00000000080031bc                CORDIC_IRQHandler
                0x00000000080031bc                BDMA_Channel1_IRQHandler
                0x00000000080031bc                TAMP_STAMP_IRQHandler
                0x00000000080031bc                EXTI3_IRQHandler
                0x00000000080031bc                LPTIM4_IRQHandler
                0x00000000080031bc                TIM8_TRG_COM_TIM14_IRQHandler
                0x00000000080031bc                DFSDM1_FLT1_IRQHandler
                0x00000000080031bc                DMAMUX2_OVR_IRQHandler
                0x00000000080031bc                TIM8_UP_TIM13_IRQHandler
                0x00000000080031bc                I2C3_ER_IRQHandler
                0x00000000080031bc                DFSDM1_FLT2_IRQHandler
                0x00000000080031bc                I2C5_EV_IRQHandler
                0x00000000080031bc                USART10_IRQHandler
                0x00000000080031bc                MDMA_IRQHandler
                0x00000000080031bc                HSEM1_IRQHandler
                0x00000000080031bc                I2C2_EV_IRQHandler
                0x00000000080031bc                FPU_IRQHandler
                0x00000000080031bc                OTG_HS_WKUP_IRQHandler
                0x00000000080031bc                FDCAN1_IT1_IRQHandler
                0x00000000080031bc                LTDC_ER_IRQHandler
                0x00000000080031bc                DMA2_Stream2_IRQHandler
                0x00000000080031bc                SPI1_IRQHandler
                0x00000000080031bc                OCTOSPI1_IRQHandler
                0x00000000080031bc                TIM6_DAC_IRQHandler
                0x00000000080031bc                DMA2_Stream3_IRQHandler
                0x00000000080031bc                OCTOSPI2_IRQHandler
                0x00000000080031bc                DFSDM1_FLT3_IRQHandler
                0x00000000080031bc                TIM23_IRQHandler
                0x00000000080031bc                USART6_IRQHandler
                0x00000000080031bc                TIM17_IRQHandler
                0x00000000080031bc                USART3_IRQHandler
                0x00000000080031bc                BDMA_Channel7_IRQHandler
                0x00000000080031bc                LPTIM5_IRQHandler
                0x00000000080031bc                UART5_IRQHandler
                0x00000000080031bc                ADC3_IRQHandler
                0x00000000080031bc                DMA2_Stream0_IRQHandler
                0x00000000080031bc                TIM4_IRQHandler
                0x00000000080031bc                BDMA_Channel2_IRQHandler
                0x00000000080031bc                I2C1_EV_IRQHandler
                0x00000000080031bc                DMA1_Stream6_IRQHandler
                0x00000000080031bc                DMAMUX1_OVR_IRQHandler
                0x00000000080031bc                TIM16_IRQHandler
                0x00000000080031bc                UART4_IRQHandler
                0x00000000080031bc                BDMA_Channel5_IRQHandler
                0x00000000080031bc                TIM3_IRQHandler
                0x00000000080031bc                RCC_IRQHandler
                0x00000000080031bc                UART9_IRQHandler
                0x00000000080031bc                TIM8_BRK_TIM12_IRQHandler
                0x00000000080031bc                TIM1_TRG_COM_IRQHandler
                0x00000000080031bc                Default_Handler
                0x00000000080031bc                ECC_IRQHandler
                0x00000000080031bc                FMAC_IRQHandler
                0x00000000080031bc                CEC_IRQHandler
                0x00000000080031bc                EXTI15_10_IRQHandler
                0x00000000080031bc                BDMA_Channel0_IRQHandler
                0x00000000080031bc                ADC_IRQHandler
                0x00000000080031bc                I2C5_ER_IRQHandler
                0x00000000080031bc                DMA1_Stream7_IRQHandler
                0x00000000080031bc                SPI5_IRQHandler
                0x00000000080031bc                TIM7_IRQHandler
                0x00000000080031bc                FDCAN3_IT1_IRQHandler
                0x00000000080031bc                SDMMC1_IRQHandler
                0x00000000080031bc                TIM5_IRQHandler
                0x00000000080031bc                DMA2_Stream7_IRQHandler
                0x00000000080031bc                TIM15_IRQHandler
                0x00000000080031bc                PVD_AVD_IRQHandler
                0x00000000080031bc                I2C3_EV_IRQHandler
                0x00000000080031bc                EXTI9_5_IRQHandler
                0x00000000080031bc                RTC_WKUP_IRQHandler
                0x00000000080031bc                LTDC_IRQHandler
                0x00000000080031bc                ETH_WKUP_IRQHandler
                0x00000000080031bc                SPDIF_RX_IRQHandler
                0x00000000080031bc                SPI2_IRQHandler
                0x00000000080031bc                OTG_HS_EP1_IN_IRQHandler
                0x00000000080031bc                TIM24_IRQHandler
                0x00000000080031bc                CRS_IRQHandler
                0x00000000080031bc                EXTI4_IRQHandler
                0x00000000080031bc                RNG_IRQHandler
                0x00000000080031bc                FDCAN2_IT1_IRQHandler
                0x00000000080031bc                ETH_IRQHandler
                0x00000000080031bc                TIM1_UP_IRQHandler
                0x00000000080031bc                BDMA_Channel4_IRQHandler
                0x00000000080031bc                OTG_HS_EP1_OUT_IRQHandler
                0x00000000080031bc                WWDG_IRQHandler
                0x00000000080031bc                SPI6_IRQHandler
                0x00000000080031bc                MDIOS_IRQHandler
                0x00000000080031bc                I2C4_EV_IRQHandler
                0x00000000080031bc                FDCAN2_IT0_IRQHandler
                0x00000000080031bc                LPUART1_IRQHandler
                0x00000000080031bc                FDCAN1_IT0_IRQHandler
                0x00000000080031bc                TIM2_IRQHandler
                0x00000000080031bc                OTG_HS_IRQHandler
                0x00000000080031bc                DMA2D_IRQHandler
                0x00000000080031bc                TIM1_BRK_IRQHandler
                0x00000000080031bc                SDMMC2_IRQHandler
                0x00000000080031bc                BDMA_Channel3_IRQHandler
                0x00000000080031bc                DTS_IRQHandler
                0x00000000080031bc                UART7_IRQHandler
                0x00000000080031bc                MDIOS_WKUP_IRQHandler
                0x00000000080031bc                USART2_IRQHandler
                0x00000000080031bc                DFSDM1_FLT0_IRQHandler
                0x00000000080031bc                SAI4_IRQHandler
                0x00000000080031bc                I2C2_ER_IRQHandler
                0x00000000080031bc                DMA2_Stream1_IRQHandler
                0x00000000080031bc                FLASH_IRQHandler
                0x00000000080031bc                DMA2_Stream4_IRQHandler
                0x00000000080031bc                USART1_IRQHandler
                0x00000000080031bc                SPI3_IRQHandler
                0x00000000080031bc                WAKEUP_PIN_IRQHandler
                0x00000000080031bc                DMA1_Stream4_IRQHandler
                0x00000000080031bc                I2C1_ER_IRQHandler
                0x00000000080031bc                FMC_IRQHandler
                0x00000000080031bc                FDCAN_CAL_IRQHandler
                0x00000000080031bc                SWPMI1_IRQHandler
                0x00000000080031bc                COMP1_IRQHandler
                0x00000000080031bc                DCMI_PSSI_IRQHandler
                0x00000000080031bc                I2C4_ER_IRQHandler
                0x00000000080031bc                DMA2_Stream6_IRQHandler
                0x00000000080031bc                SAI1_IRQHandler
                0x00000000080031bc                DMA1_Stream3_IRQHandler
 *fill*         0x00000000080031be        0x2 
 .text.HAL_Init
                0x00000000080031c0       0x78 ./Drivers/STM32H7xx_HAL_Driver/Src/stm32h7xx_hal.o
                0x00000000080031c0                HAL_Init
 .text.HAL_InitTick
                0x0000000008003238       0x6c ./Drivers/STM32H7xx_HAL_Driver/Src/stm32h7xx_hal.o
                0x0000000008003238                HAL_InitTick
 .text.HAL_IncTick
                0x00000000080032a4       0x28 ./Drivers/STM32H7xx_HAL_Driver/Src/stm32h7xx_hal.o
                0x00000000080032a4                HAL_IncTick
 .text.HAL_GetTick
                0x00000000080032cc       0x18 ./Drivers/STM32H7xx_HAL_Driver/Src/stm32h7xx_hal.o
                0x00000000080032cc                HAL_GetTick
 .text.HAL_SYSCFG_AnalogSwitchConfig
                0x00000000080032e4       0x2c ./Drivers/STM32H7xx_HAL_Driver/Src/stm32h7xx_hal.o
                0x00000000080032e4                HAL_SYSCFG_AnalogSwitchConfig
 .text.LL_ADC_SetCommonClock
                0x0000000008003310       0x26 ./Drivers/STM32H7xx_HAL_Driver/Src/stm32h7xx_hal_adc.o
 .text.LL_ADC_SetCommonPathInternalCh
                0x0000000008003336       0x26 ./Drivers/STM32H7xx_HAL_Driver/Src/stm32h7xx_hal_adc.o
 .text.LL_ADC_GetCommonPathInternalCh
                0x000000000800335c       0x1c ./Drivers/STM32H7xx_HAL_Driver/Src/stm32h7xx_hal_adc.o
 .text.LL_ADC_SetOffset
                0x0000000008003378       0x64 ./Drivers/STM32H7xx_HAL_Driver/Src/stm32h7xx_hal_adc.o
 .text.LL_ADC_GetOffsetChannel
                0x00000000080033dc       0x2c ./Drivers/STM32H7xx_HAL_Driver/Src/stm32h7xx_hal_adc.o
 .text.LL_ADC_SetDataRightShift
                0x0000000008003408       0x32 ./Drivers/STM32H7xx_HAL_Driver/Src/stm32h7xx_hal_adc.o
 *fill*         0x000000000800343a        0x2 
 .text.LL_ADC_SetOffsetSignedSaturation
                0x000000000800343c       0x44 ./Drivers/STM32H7xx_HAL_Driver/Src/stm32h7xx_hal_adc.o
 .text.LL_ADC_SetOffsetSaturation
                0x0000000008003480       0x44 ./Drivers/STM32H7xx_HAL_Driver/Src/stm32h7xx_hal_adc.o
 .text.LL_ADC_SetOffsetSign
                0x00000000080034c4       0x44 ./Drivers/STM32H7xx_HAL_Driver/Src/stm32h7xx_hal_adc.o
 .text.LL_ADC_SetOffsetState
                0x0000000008003508       0x54 ./Drivers/STM32H7xx_HAL_Driver/Src/stm32h7xx_hal_adc.o
 .text.LL_ADC_REG_SetSequencerRanks
                0x000000000800355c       0x58 ./Drivers/STM32H7xx_HAL_Driver/Src/stm32h7xx_hal_adc.o
 .text.LL_ADC_SetChannelSamplingTime
                0x00000000080035b4       0x56 ./Drivers/STM32H7xx_HAL_Driver/Src/stm32h7xx_hal_adc.o
 *fill*         0x000000000800360a        0x2 
 .text.LL_ADC_SetChannelSingleDiff
                0x000000000800360c       0x80 ./Drivers/STM32H7xx_HAL_Driver/Src/stm32h7xx_hal_adc.o
 .text.LL_ADC_DisableDeepPowerDown
                0x000000000800368c       0x24 ./Drivers/STM32H7xx_HAL_Driver/Src/stm32h7xx_hal_adc.o
 .text.LL_ADC_IsDeepPowerDownEnabled
                0x00000000080036b0       0x28 ./Drivers/STM32H7xx_HAL_Driver/Src/stm32h7xx_hal_adc.o
 .text.LL_ADC_EnableInternalRegulator
                0x00000000080036d8       0x28 ./Drivers/STM32H7xx_HAL_Driver/Src/stm32h7xx_hal_adc.o
 .text.LL_ADC_IsInternalRegulatorEnabled
                0x0000000008003700       0x28 ./Drivers/STM32H7xx_HAL_Driver/Src/stm32h7xx_hal_adc.o
 .text.LL_ADC_IsEnabled
                0x0000000008003728       0x26 ./Drivers/STM32H7xx_HAL_Driver/Src/stm32h7xx_hal_adc.o
 .text.LL_ADC_REG_IsConversionOngoing
                0x000000000800374e       0x26 ./Drivers/STM32H7xx_HAL_Driver/Src/stm32h7xx_hal_adc.o
 .text.LL_ADC_INJ_IsConversionOngoing
                0x0000000008003774       0x26 ./Drivers/STM32H7xx_HAL_Driver/Src/stm32h7xx_hal_adc.o
 *fill*         0x000000000800379a        0x2 
 .text.HAL_ADC_Init
                0x000000000800379c      0x410 ./Drivers/STM32H7xx_HAL_Driver/Src/stm32h7xx_hal_adc.o
                0x000000000800379c                HAL_ADC_Init
 .text.HAL_ADC_ConfigChannel
                0x0000000008003bac      0xa58 ./Drivers/STM32H7xx_HAL_Driver/Src/stm32h7xx_hal_adc.o
                0x0000000008003bac                HAL_ADC_ConfigChannel
 .text.ADC_ConfigureBoostMode
                0x0000000008004604      0x1d8 ./Drivers/STM32H7xx_HAL_Driver/Src/stm32h7xx_hal_adc.o
                0x0000000008004604                ADC_ConfigureBoostMode
 .text.LL_ADC_IsEnabled
                0x00000000080047dc       0x26 ./Drivers/STM32H7xx_HAL_Driver/Src/stm32h7xx_hal_adc_ex.o
 .text.LL_ADC_REG_IsConversionOngoing
                0x0000000008004802       0x26 ./Drivers/STM32H7xx_HAL_Driver/Src/stm32h7xx_hal_adc_ex.o
 .text.HAL_ADCEx_MultiModeConfigChannel
                0x0000000008004828      0x1c4 ./Drivers/STM32H7xx_HAL_Driver/Src/stm32h7xx_hal_adc_ex.o
                0x0000000008004828                HAL_ADCEx_MultiModeConfigChannel
 .text.HAL_CORDIC_Init
                0x00000000080049ec       0x62 ./Drivers/STM32H7xx_HAL_Driver/Src/stm32h7xx_hal_cordic.o
                0x00000000080049ec                HAL_CORDIC_Init
 *fill*         0x0000000008004a4e        0x2 
 .text.__NVIC_SetPriorityGrouping
                0x0000000008004a50       0x48 ./Drivers/STM32H7xx_HAL_Driver/Src/stm32h7xx_hal_cortex.o
 .text.__NVIC_GetPriorityGrouping
                0x0000000008004a98       0x1c ./Drivers/STM32H7xx_HAL_Driver/Src/stm32h7xx_hal_cortex.o
 .text.__NVIC_EnableIRQ
                0x0000000008004ab4       0x3c ./Drivers/STM32H7xx_HAL_Driver/Src/stm32h7xx_hal_cortex.o
 .text.__NVIC_SetPriority
                0x0000000008004af0       0x54 ./Drivers/STM32H7xx_HAL_Driver/Src/stm32h7xx_hal_cortex.o
 .text.NVIC_EncodePriority
                0x0000000008004b44       0x66 ./Drivers/STM32H7xx_HAL_Driver/Src/stm32h7xx_hal_cortex.o
 *fill*         0x0000000008004baa        0x2 
 .text.SysTick_Config
                0x0000000008004bac       0x44 ./Drivers/STM32H7xx_HAL_Driver/Src/stm32h7xx_hal_cortex.o
 .text.HAL_NVIC_SetPriorityGrouping
                0x0000000008004bf0       0x16 ./Drivers/STM32H7xx_HAL_Driver/Src/stm32h7xx_hal_cortex.o
                0x0000000008004bf0                HAL_NVIC_SetPriorityGrouping
 .text.HAL_NVIC_SetPriority
                0x0000000008004c06       0x34 ./Drivers/STM32H7xx_HAL_Driver/Src/stm32h7xx_hal_cortex.o
                0x0000000008004c06                HAL_NVIC_SetPriority
 .text.HAL_NVIC_EnableIRQ
                0x0000000008004c3a       0x1c ./Drivers/STM32H7xx_HAL_Driver/Src/stm32h7xx_hal_cortex.o
                0x0000000008004c3a                HAL_NVIC_EnableIRQ
 .text.HAL_SYSTICK_Config
                0x0000000008004c56       0x18 ./Drivers/STM32H7xx_HAL_Driver/Src/stm32h7xx_hal_cortex.o
                0x0000000008004c56                HAL_SYSTICK_Config
 *fill*         0x0000000008004c6e        0x2 
 .text.HAL_DMA_Init
                0x0000000008004c70      0x6b4 ./Drivers/STM32H7xx_HAL_Driver/Src/stm32h7xx_hal_dma.o
                0x0000000008004c70                HAL_DMA_Init
 .text.HAL_DMA_IRQHandler
                0x0000000008005324      0xe54 ./Drivers/STM32H7xx_HAL_Driver/Src/stm32h7xx_hal_dma.o
                0x0000000008005324                HAL_DMA_IRQHandler
 .text.DMA_CalcBaseAndBitshift
                0x0000000008006178      0x164 ./Drivers/STM32H7xx_HAL_Driver/Src/stm32h7xx_hal_dma.o
 .text.DMA_CheckFifoParam
                0x00000000080062dc       0xf8 ./Drivers/STM32H7xx_HAL_Driver/Src/stm32h7xx_hal_dma.o
 .text.DMA_CalcDMAMUXChannelBaseAndMask
                0x00000000080063d4      0x134 ./Drivers/STM32H7xx_HAL_Driver/Src/stm32h7xx_hal_dma.o
 .text.DMA_CalcDMAMUXRequestGenBaseAndMask
                0x0000000008006508       0xe8 ./Drivers/STM32H7xx_HAL_Driver/Src/stm32h7xx_hal_dma.o
 .text.HAL_FDCAN_Init
                0x00000000080065f0      0x3bc ./Drivers/STM32H7xx_HAL_Driver/Src/stm32h7xx_hal_fdcan.o
                0x00000000080065f0                HAL_FDCAN_Init
 .text.FDCAN_CalcultateRamBlockAddresses
                0x00000000080069ac      0x30c ./Drivers/STM32H7xx_HAL_Driver/Src/stm32h7xx_hal_fdcan.o
 .text.HAL_FMAC_Init
                0x0000000008006cb8       0x82 ./Drivers/STM32H7xx_HAL_Driver/Src/stm32h7xx_hal_fmac.o
                0x0000000008006cb8                HAL_FMAC_Init
 .text.FMAC_Reset
                0x0000000008006d3a       0x5e ./Drivers/STM32H7xx_HAL_Driver/Src/stm32h7xx_hal_fmac.o
 .text.FMAC_ResetDataPointers
                0x0000000008006d98       0x1c ./Drivers/STM32H7xx_HAL_Driver/Src/stm32h7xx_hal_fmac.o
 .text.FMAC_ResetInputStateAndDataPointers
                0x0000000008006db4       0x2e ./Drivers/STM32H7xx_HAL_Driver/Src/stm32h7xx_hal_fmac.o
 .text.FMAC_ResetOutputStateAndDataPointers
                0x0000000008006de2       0x2e ./Drivers/STM32H7xx_HAL_Driver/Src/stm32h7xx_hal_fmac.o
 .text.HAL_GPIO_Init
                0x0000000008006e10      0x350 ./Drivers/STM32H7xx_HAL_Driver/Src/stm32h7xx_hal_gpio.o
                0x0000000008006e10                HAL_GPIO_Init
 .text.HAL_GPIO_WritePin
                0x0000000008007160       0x32 ./Drivers/STM32H7xx_HAL_Driver/Src/stm32h7xx_hal_gpio.o
                0x0000000008007160                HAL_GPIO_WritePin
 .text.HAL_GPIO_EXTI_IRQHandler
                0x0000000008007192       0x34 ./Drivers/STM32H7xx_HAL_Driver/Src/stm32h7xx_hal_gpio.o
                0x0000000008007192                HAL_GPIO_EXTI_IRQHandler
 .text.HAL_GPIO_EXTI_Callback
                0x00000000080071c6       0x16 ./Drivers/STM32H7xx_HAL_Driver/Src/stm32h7xx_hal_gpio.o
                0x00000000080071c6                HAL_GPIO_EXTI_Callback
 .text.HAL_LPTIM_Init
                0x00000000080071dc      0x160 ./Drivers/STM32H7xx_HAL_Driver/Src/stm32h7xx_hal_lptim.o
                0x00000000080071dc                HAL_LPTIM_Init
 .text.HAL_LPTIM_IRQHandler
                0x000000000800733c      0x136 ./Drivers/STM32H7xx_HAL_Driver/Src/stm32h7xx_hal_lptim.o
                0x000000000800733c                HAL_LPTIM_IRQHandler
 .text.HAL_LPTIM_CompareMatchCallback
                0x0000000008007472       0x14 ./Drivers/STM32H7xx_HAL_Driver/Src/stm32h7xx_hal_lptim.o
                0x0000000008007472                HAL_LPTIM_CompareMatchCallback
 .text.HAL_LPTIM_AutoReloadMatchCallback
                0x0000000008007486       0x14 ./Drivers/STM32H7xx_HAL_Driver/Src/stm32h7xx_hal_lptim.o
                0x0000000008007486                HAL_LPTIM_AutoReloadMatchCallback
 .text.HAL_LPTIM_TriggerCallback
                0x000000000800749a       0x14 ./Drivers/STM32H7xx_HAL_Driver/Src/stm32h7xx_hal_lptim.o
                0x000000000800749a                HAL_LPTIM_TriggerCallback
 .text.HAL_LPTIM_CompareWriteCallback
                0x00000000080074ae       0x14 ./Drivers/STM32H7xx_HAL_Driver/Src/stm32h7xx_hal_lptim.o
                0x00000000080074ae                HAL_LPTIM_CompareWriteCallback
 .text.HAL_LPTIM_AutoReloadWriteCallback
                0x00000000080074c2       0x14 ./Drivers/STM32H7xx_HAL_Driver/Src/stm32h7xx_hal_lptim.o
                0x00000000080074c2                HAL_LPTIM_AutoReloadWriteCallback
 .text.HAL_LPTIM_DirectionUpCallback
                0x00000000080074d6       0x14 ./Drivers/STM32H7xx_HAL_Driver/Src/stm32h7xx_hal_lptim.o
                0x00000000080074d6                HAL_LPTIM_DirectionUpCallback
 .text.HAL_LPTIM_DirectionDownCallback
                0x00000000080074ea       0x14 ./Drivers/STM32H7xx_HAL_Driver/Src/stm32h7xx_hal_lptim.o
                0x00000000080074ea                HAL_LPTIM_DirectionDownCallback
 *fill*         0x00000000080074fe        0x2 
 .text.HAL_PWREx_ConfigSupply
                0x0000000008007500       0x74 ./Drivers/STM32H7xx_HAL_Driver/Src/stm32h7xx_hal_pwr_ex.o
                0x0000000008007500                HAL_PWREx_ConfigSupply
 .text.HAL_RCC_OscConfig
                0x0000000008007574      0x75c ./Drivers/STM32H7xx_HAL_Driver/Src/stm32h7xx_hal_rcc.o
                0x0000000008007574                HAL_RCC_OscConfig
 .text.HAL_RCC_ClockConfig
                0x0000000008007cd0      0x36c ./Drivers/STM32H7xx_HAL_Driver/Src/stm32h7xx_hal_rcc.o
                0x0000000008007cd0                HAL_RCC_ClockConfig
 .text.HAL_RCC_GetSysClockFreq
                0x000000000800803c      0x2f4 ./Drivers/STM32H7xx_HAL_Driver/Src/stm32h7xx_hal_rcc.o
                0x000000000800803c                HAL_RCC_GetSysClockFreq
 .text.HAL_RCC_GetHCLKFreq
                0x0000000008008330       0x60 ./Drivers/STM32H7xx_HAL_Driver/Src/stm32h7xx_hal_rcc.o
                0x0000000008008330                HAL_RCC_GetHCLKFreq
 .text.HAL_RCC_GetPCLK1Freq
                0x0000000008008390       0x2c ./Drivers/STM32H7xx_HAL_Driver/Src/stm32h7xx_hal_rcc.o
                0x0000000008008390                HAL_RCC_GetPCLK1Freq
 .text.HAL_RCC_GetPCLK2Freq
                0x00000000080083bc       0x2c ./Drivers/STM32H7xx_HAL_Driver/Src/stm32h7xx_hal_rcc.o
                0x00000000080083bc                HAL_RCC_GetPCLK2Freq
 .text.HAL_RCCEx_PeriphCLKConfig
                0x00000000080083e8      0xdf4 ./Drivers/STM32H7xx_HAL_Driver/Src/stm32h7xx_hal_rcc_ex.o
                0x00000000080083e8                HAL_RCCEx_PeriphCLKConfig
 .text.HAL_RCCEx_GetPeriphCLKFreq
                0x00000000080091dc      0x84c ./Drivers/STM32H7xx_HAL_Driver/Src/stm32h7xx_hal_rcc_ex.o
                0x00000000080091dc                HAL_RCCEx_GetPeriphCLKFreq
 .text.HAL_RCCEx_GetD3PCLK1Freq
                0x0000000008009a28       0x2c ./Drivers/STM32H7xx_HAL_Driver/Src/stm32h7xx_hal_rcc_ex.o
                0x0000000008009a28                HAL_RCCEx_GetD3PCLK1Freq
 .text.HAL_RCCEx_GetPLL2ClockFreq
                0x0000000008009a54      0x2a8 ./Drivers/STM32H7xx_HAL_Driver/Src/stm32h7xx_hal_rcc_ex.o
                0x0000000008009a54                HAL_RCCEx_GetPLL2ClockFreq
 .text.HAL_RCCEx_GetPLL3ClockFreq
                0x0000000008009cfc      0x2a8 ./Drivers/STM32H7xx_HAL_Driver/Src/stm32h7xx_hal_rcc_ex.o
                0x0000000008009cfc                HAL_RCCEx_GetPLL3ClockFreq
 .text.HAL_RCCEx_GetPLL1ClockFreq
                0x0000000008009fa4      0x2a4 ./Drivers/STM32H7xx_HAL_Driver/Src/stm32h7xx_hal_rcc_ex.o
                0x0000000008009fa4                HAL_RCCEx_GetPLL1ClockFreq
 .text.RCCEx_PLL2_Config
                0x000000000800a248      0x164 ./Drivers/STM32H7xx_HAL_Driver/Src/stm32h7xx_hal_rcc_ex.o
 .text.RCCEx_PLL3_Config
                0x000000000800a3ac      0x164 ./Drivers/STM32H7xx_HAL_Driver/Src/stm32h7xx_hal_rcc_ex.o
 .text.HAL_RTC_Init
                0x000000000800a510       0xf0 ./Drivers/STM32H7xx_HAL_Driver/Src/stm32h7xx_hal_rtc.o
                0x000000000800a510                HAL_RTC_Init
 .text.HAL_RTC_WaitForSynchro
                0x000000000800a600       0x4c ./Drivers/STM32H7xx_HAL_Driver/Src/stm32h7xx_hal_rtc.o
                0x000000000800a600                HAL_RTC_WaitForSynchro
 .text.RTC_EnterInitMode
                0x000000000800a64c       0x66 ./Drivers/STM32H7xx_HAL_Driver/Src/stm32h7xx_hal_rtc.o
                0x000000000800a64c                RTC_EnterInitMode
 *fill*         0x000000000800a6b2        0x2 
 .text.RTC_ExitInitMode
                0x000000000800a6b4       0x7c ./Drivers/STM32H7xx_HAL_Driver/Src/stm32h7xx_hal_rtc.o
                0x000000000800a6b4                RTC_ExitInitMode
 .text.HAL_SPI_Init
                0x000000000800a730      0x20c ./Drivers/STM32H7xx_HAL_Driver/Src/stm32h7xx_hal_spi.o
                0x000000000800a730                HAL_SPI_Init
 .text.SPI_GetPacketSize
                0x000000000800a93c       0x36 ./Drivers/STM32H7xx_HAL_Driver/Src/stm32h7xx_hal_spi.o
 .text.HAL_TIM_Base_Init
                0x000000000800a972       0xae ./Drivers/STM32H7xx_HAL_Driver/Src/stm32h7xx_hal_tim.o
                0x000000000800a972                HAL_TIM_Base_Init
 .text.HAL_TIM_PWM_Init
                0x000000000800aa20       0xae ./Drivers/STM32H7xx_HAL_Driver/Src/stm32h7xx_hal_tim.o
                0x000000000800aa20                HAL_TIM_PWM_Init
 .text.HAL_TIM_IC_Init
                0x000000000800aace       0xae ./Drivers/STM32H7xx_HAL_Driver/Src/stm32h7xx_hal_tim.o
                0x000000000800aace                HAL_TIM_IC_Init
 .text.HAL_TIM_Encoder_Init
                0x000000000800ab7c      0x14c ./Drivers/STM32H7xx_HAL_Driver/Src/stm32h7xx_hal_tim.o
                0x000000000800ab7c                HAL_TIM_Encoder_Init
 .text.HAL_TIM_IC_ConfigChannel
                0x000000000800acc8      0x138 ./Drivers/STM32H7xx_HAL_Driver/Src/stm32h7xx_hal_tim.o
                0x000000000800acc8                HAL_TIM_IC_ConfigChannel
 .text.HAL_TIM_PWM_ConfigChannel
                0x000000000800ae00      0x228 ./Drivers/STM32H7xx_HAL_Driver/Src/stm32h7xx_hal_tim.o
                0x000000000800ae00                HAL_TIM_PWM_ConfigChannel
 .text.TIM_Base_SetConfig
                0x000000000800b028      0x14c ./Drivers/STM32H7xx_HAL_Driver/Src/stm32h7xx_hal_tim.o
                0x000000000800b028                TIM_Base_SetConfig
 .text.TIM_OC1_SetConfig
                0x000000000800b174      0x120 ./Drivers/STM32H7xx_HAL_Driver/Src/stm32h7xx_hal_tim.o
 .text.TIM_OC2_SetConfig
                0x000000000800b294      0x114 ./Drivers/STM32H7xx_HAL_Driver/Src/stm32h7xx_hal_tim.o
                0x000000000800b294                TIM_OC2_SetConfig
 .text.TIM_OC3_SetConfig
                0x000000000800b3a8      0x110 ./Drivers/STM32H7xx_HAL_Driver/Src/stm32h7xx_hal_tim.o
 .text.TIM_OC4_SetConfig
                0x000000000800b4b8       0xd4 ./Drivers/STM32H7xx_HAL_Driver/Src/stm32h7xx_hal_tim.o
 .text.TIM_OC5_SetConfig
                0x000000000800b58c       0xc8 ./Drivers/STM32H7xx_HAL_Driver/Src/stm32h7xx_hal_tim.o
 .text.TIM_OC6_SetConfig
                0x000000000800b654       0xcc ./Drivers/STM32H7xx_HAL_Driver/Src/stm32h7xx_hal_tim.o
 .text.TIM_TI1_SetConfig
                0x000000000800b720      0x100 ./Drivers/STM32H7xx_HAL_Driver/Src/stm32h7xx_hal_tim.o
                0x000000000800b720                TIM_TI1_SetConfig
 .text.TIM_TI2_SetConfig
                0x000000000800b820       0x7a ./Drivers/STM32H7xx_HAL_Driver/Src/stm32h7xx_hal_tim.o
 .text.TIM_TI3_SetConfig
                0x000000000800b89a       0x78 ./Drivers/STM32H7xx_HAL_Driver/Src/stm32h7xx_hal_tim.o
 .text.TIM_TI4_SetConfig
                0x000000000800b912       0x7a ./Drivers/STM32H7xx_HAL_Driver/Src/stm32h7xx_hal_tim.o
 .text.HAL_TIMEx_MasterConfigSynchronization
                0x000000000800b98c      0x138 ./Drivers/STM32H7xx_HAL_Driver/Src/stm32h7xx_hal_tim_ex.o
                0x000000000800b98c                HAL_TIMEx_MasterConfigSynchronization
 .text.HAL_TIMEx_ConfigBreakDeadTime
                0x000000000800bac4      0x140 ./Drivers/STM32H7xx_HAL_Driver/Src/stm32h7xx_hal_tim_ex.o
                0x000000000800bac4                HAL_TIMEx_ConfigBreakDeadTime
 .text.HAL_UART_Init
                0x000000000800bc04       0xa0 ./Drivers/STM32H7xx_HAL_Driver/Src/stm32h7xx_hal_uart.o
                0x000000000800bc04                HAL_UART_Init
 .text.UART_SetConfig
                0x000000000800bca4      0xcd8 ./Drivers/STM32H7xx_HAL_Driver/Src/stm32h7xx_hal_uart.o
                0x000000000800bca4                UART_SetConfig
 .text.UART_AdvFeatureConfig
                0x000000000800c97c      0x144 ./Drivers/STM32H7xx_HAL_Driver/Src/stm32h7xx_hal_uart.o
                0x000000000800c97c                UART_AdvFeatureConfig
 .text.UART_CheckIdleState
                0x000000000800cac0       0x96 ./Drivers/STM32H7xx_HAL_Driver/Src/stm32h7xx_hal_uart.o
                0x000000000800cac0                UART_CheckIdleState
 .text.UART_WaitOnFlagUntilTimeout
                0x000000000800cb56      0x190 ./Drivers/STM32H7xx_HAL_Driver/Src/stm32h7xx_hal_uart.o
                0x000000000800cb56                UART_WaitOnFlagUntilTimeout
 .text.HAL_UARTEx_DisableFifoMode
                0x000000000800cce6       0x72 ./Drivers/STM32H7xx_HAL_Driver/Src/stm32h7xx_hal_uart_ex.o
                0x000000000800cce6                HAL_UARTEx_DisableFifoMode
 .text.HAL_UARTEx_SetTxFifoThreshold
                0x000000000800cd58       0x7c ./Drivers/STM32H7xx_HAL_Driver/Src/stm32h7xx_hal_uart_ex.o
                0x000000000800cd58                HAL_UARTEx_SetTxFifoThreshold
 .text.HAL_UARTEx_SetRxFifoThreshold
                0x000000000800cdd4       0x7c ./Drivers/STM32H7xx_HAL_Driver/Src/stm32h7xx_hal_uart_ex.o
                0x000000000800cdd4                HAL_UARTEx_SetRxFifoThreshold
 .text.UARTEx_SetNbDataToProcess
                0x000000000800ce50       0x9c ./Drivers/STM32H7xx_HAL_Driver/Src/stm32h7xx_hal_uart_ex.o
 .text.__libc_init_array
                0x000000000800ceec       0x48 c:/st/stm32cubeide_1.10.1/stm32cubeide/plugins/com.st.stm32cube.ide.mcu.externaltools.gnu-tools-for-stm32.10.3-2021.10.win32_1.0.0.202111181127/tools/bin/../lib/gcc/arm-none-eabi/10.3.1/../../../../arm-none-eabi/lib/thumb/v7e-m+dp/hard\libc_nano.a(lib_a-init.o)
                0x000000000800ceec                __libc_init_array
 .text.memcpy   0x000000000800cf34       0x1c c:/st/stm32cubeide_1.10.1/stm32cubeide/plugins/com.st.stm32cube.ide.mcu.externaltools.gnu-tools-for-stm32.10.3-2021.10.win32_1.0.0.202111181127/tools/bin/../lib/gcc/arm-none-eabi/10.3.1/../../../../arm-none-eabi/lib/thumb/v7e-m+dp/hard\libc_nano.a(lib_a-memcpy-stub.o)
                0x000000000800cf34                memcpy
 .text.memset   0x000000000800cf50       0x10 c:/st/stm32cubeide_1.10.1/stm32cubeide/plugins/com.st.stm32cube.ide.mcu.externaltools.gnu-tools-for-stm32.10.3-2021.10.win32_1.0.0.202111181127/tools/bin/../lib/gcc/arm-none-eabi/10.3.1/../../../../arm-none-eabi/lib/thumb/v7e-m+dp/hard\libc_nano.a(lib_a-memset.o)
                0x000000000800cf50                memset
 *(.glue_7)
 .glue_7        0x000000000800cf60        0x0 linker stubs
 *(.glue_7t)
 .glue_7t       0x000000000800cf60        0x0 linker stubs
 *(.eh_frame)
 .eh_frame      0x000000000800cf60        0x0 c:/st/stm32cubeide_1.10.1/stm32cubeide/plugins/com.st.stm32cube.ide.mcu.externaltools.gnu-tools-for-stm32.10.3-2021.10.win32_1.0.0.202111181127/tools/bin/../lib/gcc/arm-none-eabi/10.3.1/thumb/v7e-m+dp/hard/crtbegin.o
 *(.init)
 .init          0x000000000800cf60        0x4 c:/st/stm32cubeide_1.10.1/stm32cubeide/plugins/com.st.stm32cube.ide.mcu.externaltools.gnu-tools-for-stm32.10.3-2021.10.win32_1.0.0.202111181127/tools/bin/../lib/gcc/arm-none-eabi/10.3.1/thumb/v7e-m+dp/hard/crti.o
                0x000000000800cf60                _init
 .init          0x000000000800cf64        0x8 c:/st/stm32cubeide_1.10.1/stm32cubeide/plugins/com.st.stm32cube.ide.mcu.externaltools.gnu-tools-for-stm32.10.3-2021.10.win32_1.0.0.202111181127/tools/bin/../lib/gcc/arm-none-eabi/10.3.1/thumb/v7e-m+dp/hard/crtn.o
 *(.fini)
 .fini          0x000000000800cf6c        0x4 c:/st/stm32cubeide_1.10.1/stm32cubeide/plugins/com.st.stm32cube.ide.mcu.externaltools.gnu-tools-for-stm32.10.3-2021.10.win32_1.0.0.202111181127/tools/bin/../lib/gcc/arm-none-eabi/10.3.1/thumb/v7e-m+dp/hard/crti.o
                0x000000000800cf6c                _fini
 .fini          0x000000000800cf70        0x8 c:/st/stm32cubeide_1.10.1/stm32cubeide/plugins/com.st.stm32cube.ide.mcu.externaltools.gnu-tools-for-stm32.10.3-2021.10.win32_1.0.0.202111181127/tools/bin/../lib/gcc/arm-none-eabi/10.3.1/thumb/v7e-m+dp/hard/crtn.o
                0x000000000800cf78                . = ALIGN (0x4)
                0x000000000800cf78                _etext = .

.vfp11_veneer   0x000000000800cf78        0x0
 .vfp11_veneer  0x000000000800cf78        0x0 linker stubs

.v4_bx          0x000000000800cf78        0x0
 .v4_bx         0x000000000800cf78        0x0 linker stubs

.iplt           0x000000000800cf78        0x0
 .iplt          0x000000000800cf78        0x0 c:/st/stm32cubeide_1.10.1/stm32cubeide/plugins/com.st.stm32cube.ide.mcu.externaltools.gnu-tools-for-stm32.10.3-2021.10.win32_1.0.0.202111181127/tools/bin/../lib/gcc/arm-none-eabi/10.3.1/thumb/v7e-m+dp/hard/crtbegin.o

.rodata         0x000000000800cf78       0x8c
                0x000000000800cf78                . = ALIGN (0x4)
 *(.rodata)
 .rodata        0x000000000800cf78       0x4c ./Drivers/STM32H7xx_HAL_Driver/Src/stm32h7xx_hal_fdcan.o
 *(.rodata*)
 .rodata.D1CorePrescTable
                0x000000000800cfc4       0x10 ./Core/Src/system_stm32h7xx.o
                0x000000000800cfc4                D1CorePrescTable
 .rodata.flagBitshiftOffset.0
                0x000000000800cfd4        0x8 ./Drivers/STM32H7xx_HAL_Driver/Src/stm32h7xx_hal_dma.o
 .rodata.UARTPrescTable
                0x000000000800cfdc       0x18 ./Drivers/STM32H7xx_HAL_Driver/Src/stm32h7xx_hal_uart.o
                0x000000000800cfdc                UARTPrescTable
 .rodata.numerator.1
                0x000000000800cff4        0x8 ./Drivers/STM32H7xx_HAL_Driver/Src/stm32h7xx_hal_uart_ex.o
 .rodata.denominator.0
                0x000000000800cffc        0x8 ./Drivers/STM32H7xx_HAL_Driver/Src/stm32h7xx_hal_uart_ex.o
                0x000000000800d004                . = ALIGN (0x4)

.ARM.extab
 *(.ARM.extab* .gnu.linkonce.armextab.*)

.ARM            0x000000000800d004        0x8
                0x000000000800d004                __exidx_start = .
 *(.ARM.exidx*)
 .ARM.exidx     0x000000000800d004        0x8 c:/st/stm32cubeide_1.10.1/stm32cubeide/plugins/com.st.stm32cube.ide.mcu.externaltools.gnu-tools-for-stm32.10.3-2021.10.win32_1.0.0.202111181127/tools/bin/../lib/gcc/arm-none-eabi/10.3.1/thumb/v7e-m+dp/hard\libgcc.a(_udivmoddi4.o)
                0x000000000800d00c                __exidx_end = .

.rel.dyn        0x000000000800d00c        0x0
 .rel.iplt      0x000000000800d00c        0x0 c:/st/stm32cubeide_1.10.1/stm32cubeide/plugins/com.st.stm32cube.ide.mcu.externaltools.gnu-tools-for-stm32.10.3-2021.10.win32_1.0.0.202111181127/tools/bin/../lib/gcc/arm-none-eabi/10.3.1/thumb/v7e-m+dp/hard/crtbegin.o

.preinit_array  0x000000000800d00c        0x0
                0x000000000800d00c                PROVIDE (__preinit_array_start = .)
 *(.preinit_array*)
                0x000000000800d00c                PROVIDE (__preinit_array_end = .)

.init_array     0x000000000800d00c        0x4
                0x000000000800d00c                PROVIDE (__init_array_start = .)
 *(SORT_BY_NAME(.init_array.*))
 *(.init_array*)
 .init_array    0x000000000800d00c        0x4 c:/st/stm32cubeide_1.10.1/stm32cubeide/plugins/com.st.stm32cube.ide.mcu.externaltools.gnu-tools-for-stm32.10.3-2021.10.win32_1.0.0.202111181127/tools/bin/../lib/gcc/arm-none-eabi/10.3.1/thumb/v7e-m+dp/hard/crtbegin.o
                0x000000000800d010                PROVIDE (__init_array_end = .)

.fini_array     0x000000000800d010        0x4
                [!provide]                        PROVIDE (__fini_array_start = .)
 *(SORT_BY_NAME(.fini_array.*))
 *(.fini_array*)
 .fini_array    0x000000000800d010        0x4 c:/st/stm32cubeide_1.10.1/stm32cubeide/plugins/com.st.stm32cube.ide.mcu.externaltools.gnu-tools-for-stm32.10.3-2021.10.win32_1.0.0.202111181127/tools/bin/../lib/gcc/arm-none-eabi/10.3.1/thumb/v7e-m+dp/hard/crtbegin.o
                [!provide]                        PROVIDE (__fini_array_end = .)
                0x000000000800d014                _sidata = LOADADDR (.data)

.data           0x0000000024000000       0x10 load address 0x000000000800d014
                0x0000000024000000                . = ALIGN (0x4)
                0x0000000024000000                _sdata = .
 *(.data)
 *(.data*)
 .data.SystemCoreClock
                0x0000000024000000        0x4 ./Core/Src/system_stm32h7xx.o
                0x0000000024000000                SystemCoreClock
 .data.SystemD2Clock
                0x0000000024000004        0x4 ./Core/Src/system_stm32h7xx.o
                0x0000000024000004                SystemD2Clock
 .data.uwTickPrio
                0x0000000024000008        0x4 ./Drivers/STM32H7xx_HAL_Driver/Src/stm32h7xx_hal.o
                0x0000000024000008                uwTickPrio
 .data.uwTickFreq
                0x000000002400000c        0x1 ./Drivers/STM32H7xx_HAL_Driver/Src/stm32h7xx_hal.o
                0x000000002400000c                uwTickFreq
 *(.RamFunc)
 *(.RamFunc*)
                0x0000000024000010                . = ALIGN (0x4)
 *fill*         0x000000002400000d        0x3 
                0x0000000024000010                _edata = .

.igot.plt       0x0000000024000010        0x0 load address 0x000000000800d024
 .igot.plt      0x0000000024000010        0x0 c:/st/stm32cubeide_1.10.1/stm32cubeide/plugins/com.st.stm32cube.ide.mcu.externaltools.gnu-tools-for-stm32.10.3-2021.10.win32_1.0.0.202111181127/tools/bin/../lib/gcc/arm-none-eabi/10.3.1/thumb/v7e-m+dp/hard/crtbegin.o
                0x0000000024000010                . = ALIGN (0x4)

.bss            0x0000000024000010      0x9a0 load address 0x000000000800d024
                0x0000000024000010                _sbss = .
                0x0000000024000010                __bss_start__ = _sbss
 *(.bss)
 .bss           0x0000000024000010       0x1c c:/st/stm32cubeide_1.10.1/stm32cubeide/plugins/com.st.stm32cube.ide.mcu.externaltools.gnu-tools-for-stm32.10.3-2021.10.win32_1.0.0.202111181127/tools/bin/../lib/gcc/arm-none-eabi/10.3.1/thumb/v7e-m+dp/hard/crtbegin.o
 *(.bss*)
 .bss.hadc1     0x000000002400002c       0x70 ./Core/Src/main.o
                0x000000002400002c                hadc1
 .bss.hadc2     0x000000002400009c       0x70 ./Core/Src/main.o
                0x000000002400009c                hadc2
 .bss.hadc3     0x000000002400010c       0x70 ./Core/Src/main.o
                0x000000002400010c                hadc3
 .bss.hdma_adc1
                0x000000002400017c       0x78 ./Core/Src/main.o
                0x000000002400017c                hdma_adc1
 .bss.hdma_adc2
                0x00000000240001f4       0x78 ./Core/Src/main.o
                0x00000000240001f4                hdma_adc2
 .bss.hdma_adc3
                0x000000002400026c       0x78 ./Core/Src/main.o
                0x000000002400026c                hdma_adc3
 .bss.hcordic   0x00000000240002e4       0x28 ./Core/Src/main.o
                0x00000000240002e4                hcordic
 .bss.hfdcan1   0x000000002400030c       0xa0 ./Core/Src/main.o
                0x000000002400030c                hfdcan1
 .bss.hfdcan3   0x00000000240003ac       0xa0 ./Core/Src/main.o
                0x00000000240003ac                hfdcan3
 .bss.hfmac     0x000000002400044c       0x38 ./Core/Src/main.o
                0x000000002400044c                hfmac
 .bss.hlptim1   0x0000000024000484       0x38 ./Core/Src/main.o
                0x0000000024000484                hlptim1
 .bss.hlptim2   0x00000000240004bc       0x38 ./Core/Src/main.o
                0x00000000240004bc                hlptim2
 .bss.hlptim3   0x00000000240004f4       0x38 ./Core/Src/main.o
                0x00000000240004f4                hlptim3
 .bss.hrtc      0x000000002400052c       0x24 ./Core/Src/main.o
                0x000000002400052c                hrtc
 .bss.hspi3     0x0000000024000550       0x88 ./Core/Src/main.o
                0x0000000024000550                hspi3
 .bss.htim1     0x00000000240005d8       0x4c ./Core/Src/main.o
                0x00000000240005d8                htim1
 .bss.htim3     0x0000000024000624       0x4c ./Core/Src/main.o
                0x0000000024000624                htim3
 .bss.htim4     0x0000000024000670       0x4c ./Core/Src/main.o
                0x0000000024000670                htim4
 .bss.htim8     0x00000000240006bc       0x4c ./Core/Src/main.o
                0x00000000240006bc                htim8
 .bss.htim12    0x0000000024000708       0x4c ./Core/Src/main.o
                0x0000000024000708                htim12
 .bss.htim15    0x0000000024000754       0x4c ./Core/Src/main.o
                0x0000000024000754                htim15
 .bss.htim16    0x00000000240007a0       0x4c ./Core/Src/main.o
                0x00000000240007a0                htim16
 .bss.htim17    0x00000000240007ec       0x4c ./Core/Src/main.o
                0x00000000240007ec                htim17
 .bss.htim23    0x0000000024000838       0x4c ./Core/Src/main.o
                0x0000000024000838                htim23
 .bss.huart1    0x0000000024000884       0x90 ./Core/Src/main.o
                0x0000000024000884                huart1
 .bss.huart2    0x0000000024000914       0x90 ./Core/Src/main.o
                0x0000000024000914                huart2
 .bss.HAL_RCC_ADC12_CLK_ENABLED
                0x00000000240009a4        0x4 ./Core/Src/stm32h7xx_hal_msp.o
 .bss.HAL_RCC_FDCAN_CLK_ENABLED
                0x00000000240009a8        0x4 ./Core/Src/stm32h7xx_hal_msp.o
 .bss.uwTick    0x00000000240009ac        0x4 ./Drivers/STM32H7xx_HAL_Driver/Src/stm32h7xx_hal.o
                0x00000000240009ac                uwTick
 *(COMMON)
                0x00000000240009b0                . = ALIGN (0x4)
                0x00000000240009b0                _ebss = .
                0x00000000240009b0                __bss_end__ = _ebss

._user_heap_stack
                0x00000000240009b0      0x600 load address 0x000000000800d024
                0x00000000240009b0                . = ALIGN (0x8)
                [!provide]                        PROVIDE (end = .)
                0x00000000240009b0                PROVIDE (_end = .)
                0x0000000024000bb0                . = (. + _Min_Heap_Size)
 *fill*         0x00000000240009b0      0x200 
                0x0000000024000fb0                . = (. + _Min_Stack_Size)
 *fill*         0x0000000024000bb0      0x400 
                0x0000000024000fb0                . = ALIGN (0x8)

/DISCARD/
 libc.a(*)
 libm.a(*)
 libgcc.a(*)

.ARM.attributes
                0x0000000000000000       0x2e
 *(.ARM.attributes)
 .ARM.attributes
                0x0000000000000000       0x1e c:/st/stm32cubeide_1.10.1/stm32cubeide/plugins/com.st.stm32cube.ide.mcu.externaltools.gnu-tools-for-stm32.10.3-2021.10.win32_1.0.0.202111181127/tools/bin/../lib/gcc/arm-none-eabi/10.3.1/thumb/v7e-m+dp/hard/crti.o
 .ARM.attributes
                0x000000000000001e       0x32 c:/st/stm32cubeide_1.10.1/stm32cubeide/plugins/com.st.stm32cube.ide.mcu.externaltools.gnu-tools-for-stm32.10.3-2021.10.win32_1.0.0.202111181127/tools/bin/../lib/gcc/arm-none-eabi/10.3.1/thumb/v7e-m+dp/hard/crtbegin.o
 .ARM.attributes
                0x0000000000000050       0x32 ./Core/Src/main.o
 .ARM.attributes
                0x0000000000000082       0x32 ./Core/Src/stm32h7xx_hal_msp.o
 .ARM.attributes
                0x00000000000000b4       0x32 ./Core/Src/stm32h7xx_it.o
 .ARM.attributes
                0x00000000000000e6       0x32 ./Core/Src/system_stm32h7xx.o
 .ARM.attributes
                0x0000000000000118       0x21 ./Core/Startup/startup_stm32h723zgtx.o
 .ARM.attributes
                0x0000000000000139       0x32 ./Drivers/STM32H7xx_HAL_Driver/Src/stm32h7xx_hal.o
 .ARM.attributes
                0x000000000000016b       0x32 ./Drivers/STM32H7xx_HAL_Driver/Src/stm32h7xx_hal_adc.o
 .ARM.attributes
                0x000000000000019d       0x32 ./Drivers/STM32H7xx_HAL_Driver/Src/stm32h7xx_hal_adc_ex.o
 .ARM.attributes
                0x00000000000001cf       0x32 ./Drivers/STM32H7xx_HAL_Driver/Src/stm32h7xx_hal_cordic.o
 .ARM.attributes
                0x0000000000000201       0x32 ./Drivers/STM32H7xx_HAL_Driver/Src/stm32h7xx_hal_cortex.o
 .ARM.attributes
                0x0000000000000233       0x32 ./Drivers/STM32H7xx_HAL_Driver/Src/stm32h7xx_hal_dma.o
 .ARM.attributes
                0x0000000000000265       0x32 ./Drivers/STM32H7xx_HAL_Driver/Src/stm32h7xx_hal_fdcan.o
 .ARM.attributes
                0x0000000000000297       0x32 ./Drivers/STM32H7xx_HAL_Driver/Src/stm32h7xx_hal_fmac.o
 .ARM.attributes
                0x00000000000002c9       0x32 ./Drivers/STM32H7xx_HAL_Driver/Src/stm32h7xx_hal_gpio.o
 .ARM.attributes
                0x00000000000002fb       0x32 ./Drivers/STM32H7xx_HAL_Driver/Src/stm32h7xx_hal_lptim.o
 .ARM.attributes
                0x000000000000032d       0x32 ./Drivers/STM32H7xx_HAL_Driver/Src/stm32h7xx_hal_pwr_ex.o
 .ARM.attributes
                0x000000000000035f       0x32 ./Drivers/STM32H7xx_HAL_Driver/Src/stm32h7xx_hal_rcc.o
 .ARM.attributes
                0x0000000000000391       0x32 ./Drivers/STM32H7xx_HAL_Driver/Src/stm32h7xx_hal_rcc_ex.o
 .ARM.attributes
                0x00000000000003c3       0x32 ./Drivers/STM32H7xx_HAL_Driver/Src/stm32h7xx_hal_rtc.o
 .ARM.attributes
                0x00000000000003f5       0x32 ./Drivers/STM32H7xx_HAL_Driver/Src/stm32h7xx_hal_spi.o
 .ARM.attributes
                0x0000000000000427       0x32 ./Drivers/STM32H7xx_HAL_Driver/Src/stm32h7xx_hal_tim.o
 .ARM.attributes
                0x0000000000000459       0x32 ./Drivers/STM32H7xx_HAL_Driver/Src/stm32h7xx_hal_tim_ex.o
 .ARM.attributes
                0x000000000000048b       0x32 ./Drivers/STM32H7xx_HAL_Driver/Src/stm32h7xx_hal_uart.o
 .ARM.attributes
                0x00000000000004bd       0x32 ./Drivers/STM32H7xx_HAL_Driver/Src/stm32h7xx_hal_uart_ex.o
 .ARM.attributes
                0x00000000000004ef       0x32 c:/st/stm32cubeide_1.10.1/stm32cubeide/plugins/com.st.stm32cube.ide.mcu.externaltools.gnu-tools-for-stm32.10.3-2021.10.win32_1.0.0.202111181127/tools/bin/../lib/gcc/arm-none-eabi/10.3.1/../../../../arm-none-eabi/lib/thumb/v7e-m+dp/hard\libc_nano.a(lib_a-init.o)
 .ARM.attributes
                0x0000000000000521       0x32 c:/st/stm32cubeide_1.10.1/stm32cubeide/plugins/com.st.stm32cube.ide.mcu.externaltools.gnu-tools-for-stm32.10.3-2021.10.win32_1.0.0.202111181127/tools/bin/../lib/gcc/arm-none-eabi/10.3.1/../../../../arm-none-eabi/lib/thumb/v7e-m+dp/hard\libc_nano.a(lib_a-memcpy-stub.o)
 .ARM.attributes
                0x0000000000000553       0x32 c:/st/stm32cubeide_1.10.1/stm32cubeide/plugins/com.st.stm32cube.ide.mcu.externaltools.gnu-tools-for-stm32.10.3-2021.10.win32_1.0.0.202111181127/tools/bin/../lib/gcc/arm-none-eabi/10.3.1/../../../../arm-none-eabi/lib/thumb/v7e-m+dp/hard\libc_nano.a(lib_a-memset.o)
 .ARM.attributes
                0x0000000000000585       0x1e c:/st/stm32cubeide_1.10.1/stm32cubeide/plugins/com.st.stm32cube.ide.mcu.externaltools.gnu-tools-for-stm32.10.3-2021.10.win32_1.0.0.202111181127/tools/bin/../lib/gcc/arm-none-eabi/10.3.1/thumb/v7e-m+dp/hard\libgcc.a(_aeabi_uldivmod.o)
 .ARM.attributes
                0x00000000000005a3       0x32 c:/st/stm32cubeide_1.10.1/stm32cubeide/plugins/com.st.stm32cube.ide.mcu.externaltools.gnu-tools-for-stm32.10.3-2021.10.win32_1.0.0.202111181127/tools/bin/../lib/gcc/arm-none-eabi/10.3.1/thumb/v7e-m+dp/hard\libgcc.a(_udivmoddi4.o)
 .ARM.attributes
                0x00000000000005d5       0x1e c:/st/stm32cubeide_1.10.1/stm32cubeide/plugins/com.st.stm32cube.ide.mcu.externaltools.gnu-tools-for-stm32.10.3-2021.10.win32_1.0.0.202111181127/tools/bin/../lib/gcc/arm-none-eabi/10.3.1/thumb/v7e-m+dp/hard\libgcc.a(_dvmd_tls.o)
 .ARM.attributes
                0x00000000000005f3       0x1e c:/st/stm32cubeide_1.10.1/stm32cubeide/plugins/com.st.stm32cube.ide.mcu.externaltools.gnu-tools-for-stm32.10.3-2021.10.win32_1.0.0.202111181127/tools/bin/../lib/gcc/arm-none-eabi/10.3.1/thumb/v7e-m+dp/hard/crtn.o
OUTPUT(SPI_ST-LIB.elf elf32-littlearm)
LOAD linker stubs
LOAD c:/st/stm32cubeide_1.10.1/stm32cubeide/plugins/com.st.stm32cube.ide.mcu.externaltools.gnu-tools-for-stm32.10.3-2021.10.win32_1.0.0.202111181127/tools/bin/../lib/gcc/arm-none-eabi/10.3.1/../../../../arm-none-eabi/lib/thumb/v7e-m+dp/hard\libc.a
LOAD c:/st/stm32cubeide_1.10.1/stm32cubeide/plugins/com.st.stm32cube.ide.mcu.externaltools.gnu-tools-for-stm32.10.3-2021.10.win32_1.0.0.202111181127/tools/bin/../lib/gcc/arm-none-eabi/10.3.1/../../../../arm-none-eabi/lib/thumb/v7e-m+dp/hard\libm.a
LOAD c:/st/stm32cubeide_1.10.1/stm32cubeide/plugins/com.st.stm32cube.ide.mcu.externaltools.gnu-tools-for-stm32.10.3-2021.10.win32_1.0.0.202111181127/tools/bin/../lib/gcc/arm-none-eabi/10.3.1/thumb/v7e-m+dp/hard\libgcc.a

.debug_info     0x0000000000000000    0x2af5a
 .debug_info    0x0000000000000000     0x7f74 ./Core/Src/main.o
 .debug_info    0x0000000000007f74     0x3b13 ./Core/Src/stm32h7xx_hal_msp.o
 .debug_info    0x000000000000ba87      0x833 ./Core/Src/stm32h7xx_it.o
 .debug_info    0x000000000000c2ba      0xb45 ./Core/Src/system_stm32h7xx.o
 .debug_info    0x000000000000cdff       0x22 ./Core/Startup/startup_stm32h723zgtx.o
 .debug_info    0x000000000000ce21     0x1746 ./Drivers/STM32H7xx_HAL_Driver/Src/stm32h7xx_hal.o
 .debug_info    0x000000000000e567     0x2559 ./Drivers/STM32H7xx_HAL_Driver/Src/stm32h7xx_hal_adc.o
 .debug_info    0x0000000000010ac0     0x253c ./Drivers/STM32H7xx_HAL_Driver/Src/stm32h7xx_hal_adc_ex.o
 .debug_info    0x0000000000012ffc      0xb3b ./Drivers/STM32H7xx_HAL_Driver/Src/stm32h7xx_hal_cordic.o
 .debug_info    0x0000000000013b37     0x1161 ./Drivers/STM32H7xx_HAL_Driver/Src/stm32h7xx_hal_cortex.o
 .debug_info    0x0000000000014c98      0xc06 ./Drivers/STM32H7xx_HAL_Driver/Src/stm32h7xx_hal_dma.o
 .debug_info    0x000000000001589e     0x2dae ./Drivers/STM32H7xx_HAL_Driver/Src/stm32h7xx_hal_fdcan.o
 .debug_info    0x000000000001864c     0x127a ./Drivers/STM32H7xx_HAL_Driver/Src/stm32h7xx_hal_fmac.o
 .debug_info    0x00000000000198c6      0xd37 ./Drivers/STM32H7xx_HAL_Driver/Src/stm32h7xx_hal_gpio.o
 .debug_info    0x000000000001a5fd     0x10ff ./Drivers/STM32H7xx_HAL_Driver/Src/stm32h7xx_hal_lptim.o
 .debug_info    0x000000000001b6fc      0xe71 ./Drivers/STM32H7xx_HAL_Driver/Src/stm32h7xx_hal_pwr_ex.o
 .debug_info    0x000000000001c56d      0xe4a ./Drivers/STM32H7xx_HAL_Driver/Src/stm32h7xx_hal_rcc.o
 .debug_info    0x000000000001d3b7     0x1299 ./Drivers/STM32H7xx_HAL_Driver/Src/stm32h7xx_hal_rcc_ex.o
 .debug_info    0x000000000001e650      0xf49 ./Drivers/STM32H7xx_HAL_Driver/Src/stm32h7xx_hal_rtc.o
 .debug_info    0x000000000001f599     0x15ce ./Drivers/STM32H7xx_HAL_Driver/Src/stm32h7xx_hal_spi.o
 .debug_info    0x0000000000020b67     0x2dd1 ./Drivers/STM32H7xx_HAL_Driver/Src/stm32h7xx_hal_tim.o
 .debug_info    0x0000000000023938     0x19d5 ./Drivers/STM32H7xx_HAL_Driver/Src/stm32h7xx_hal_tim_ex.o
 .debug_info    0x000000000002530d     0x4c42 ./Drivers/STM32H7xx_HAL_Driver/Src/stm32h7xx_hal_uart.o
 .debug_info    0x0000000000029f4f     0x100b ./Drivers/STM32H7xx_HAL_Driver/Src/stm32h7xx_hal_uart_ex.o

.debug_abbrev   0x0000000000000000     0x3bc3
 .debug_abbrev  0x0000000000000000      0x67d ./Core/Src/main.o
 .debug_abbrev  0x000000000000067d      0x283 ./Core/Src/stm32h7xx_hal_msp.o
 .debug_abbrev  0x0000000000000900      0x179 ./Core/Src/stm32h7xx_it.o
 .debug_abbrev  0x0000000000000a79      0x136 ./Core/Src/system_stm32h7xx.o
 .debug_abbrev  0x0000000000000baf       0x12 ./Core/Startup/startup_stm32h723zgtx.o
 .debug_abbrev  0x0000000000000bc1      0x292 ./Drivers/STM32H7xx_HAL_Driver/Src/stm32h7xx_hal.o
 .debug_abbrev  0x0000000000000e53      0x2f3 ./Drivers/STM32H7xx_HAL_Driver/Src/stm32h7xx_hal_adc.o
 .debug_abbrev  0x0000000000001146      0x32e ./Drivers/STM32H7xx_HAL_Driver/Src/stm32h7xx_hal_adc_ex.o
 .debug_abbrev  0x0000000000001474      0x213 ./Drivers/STM32H7xx_HAL_Driver/Src/stm32h7xx_hal_cordic.o
 .debug_abbrev  0x0000000000001687      0x329 ./Drivers/STM32H7xx_HAL_Driver/Src/stm32h7xx_hal_cortex.o
 .debug_abbrev  0x00000000000019b0      0x239 ./Drivers/STM32H7xx_HAL_Driver/Src/stm32h7xx_hal_dma.o
 .debug_abbrev  0x0000000000001be9      0x278 ./Drivers/STM32H7xx_HAL_Driver/Src/stm32h7xx_hal_fdcan.o
 .debug_abbrev  0x0000000000001e61      0x22f ./Drivers/STM32H7xx_HAL_Driver/Src/stm32h7xx_hal_fmac.o
 .debug_abbrev  0x0000000000002090      0x1ec ./Drivers/STM32H7xx_HAL_Driver/Src/stm32h7xx_hal_gpio.o
 .debug_abbrev  0x000000000000227c      0x282 ./Drivers/STM32H7xx_HAL_Driver/Src/stm32h7xx_hal_lptim.o
 .debug_abbrev  0x00000000000024fe      0x27e ./Drivers/STM32H7xx_HAL_Driver/Src/stm32h7xx_hal_pwr_ex.o
 .debug_abbrev  0x000000000000277c      0x2a7 ./Drivers/STM32H7xx_HAL_Driver/Src/stm32h7xx_hal_rcc.o
 .debug_abbrev  0x0000000000002a23      0x25c ./Drivers/STM32H7xx_HAL_Driver/Src/stm32h7xx_hal_rcc_ex.o
 .debug_abbrev  0x0000000000002c7f      0x1f0 ./Drivers/STM32H7xx_HAL_Driver/Src/stm32h7xx_hal_rtc.o
 .debug_abbrev  0x0000000000002e6f      0x29b ./Drivers/STM32H7xx_HAL_Driver/Src/stm32h7xx_hal_spi.o
 .debug_abbrev  0x000000000000310a      0x25d ./Drivers/STM32H7xx_HAL_Driver/Src/stm32h7xx_hal_tim.o
 .debug_abbrev  0x0000000000003367      0x27a ./Drivers/STM32H7xx_HAL_Driver/Src/stm32h7xx_hal_tim_ex.o
 .debug_abbrev  0x00000000000035e1      0x325 ./Drivers/STM32H7xx_HAL_Driver/Src/stm32h7xx_hal_uart.o
 .debug_abbrev  0x0000000000003906      0x2bd ./Drivers/STM32H7xx_HAL_Driver/Src/stm32h7xx_hal_uart_ex.o

.debug_aranges  0x0000000000000000     0x1f50
 .debug_aranges
                0x0000000000000000      0x108 ./Core/Src/main.o
 .debug_aranges
                0x0000000000000108       0xe8 ./Core/Src/stm32h7xx_hal_msp.o
 .debug_aranges
                0x00000000000001f0       0xa0 ./Core/Src/stm32h7xx_it.o
 .debug_aranges
                0x0000000000000290       0x28 ./Core/Src/system_stm32h7xx.o
 .debug_aranges
                0x00000000000002b8       0x28 ./Core/Startup/startup_stm32h723zgtx.o
 .debug_aranges
                0x00000000000002e0      0x1c8 ./Drivers/STM32H7xx_HAL_Driver/Src/stm32h7xx_hal.o
 .debug_aranges
                0x00000000000004a8      0x260 ./Drivers/STM32H7xx_HAL_Driver/Src/stm32h7xx_hal_adc.o
 .debug_aranges
                0x0000000000000708      0x1f0 ./Drivers/STM32H7xx_HAL_Driver/Src/stm32h7xx_hal_adc_ex.o
 .debug_aranges
                0x00000000000008f8       0xb0 ./Drivers/STM32H7xx_HAL_Driver/Src/stm32h7xx_hal_cordic.o
 .debug_aranges
                0x00000000000009a8      0x120 ./Drivers/STM32H7xx_HAL_Driver/Src/stm32h7xx_hal_cortex.o
 .debug_aranges
                0x0000000000000ac8       0xa0 ./Drivers/STM32H7xx_HAL_Driver/Src/stm32h7xx_hal_dma.o
 .debug_aranges
                0x0000000000000b68      0x338 ./Drivers/STM32H7xx_HAL_Driver/Src/stm32h7xx_hal_fdcan.o
 .debug_aranges
                0x0000000000000ea0      0x168 ./Drivers/STM32H7xx_HAL_Driver/Src/stm32h7xx_hal_fmac.o
 .debug_aranges
                0x0000000000001008       0x58 ./Drivers/STM32H7xx_HAL_Driver/Src/stm32h7xx_hal_gpio.o
 .debug_aranges
                0x0000000000001060      0x168 ./Drivers/STM32H7xx_HAL_Driver/Src/stm32h7xx_hal_lptim.o
 .debug_aranges
                0x00000000000011c8      0x148 ./Drivers/STM32H7xx_HAL_Driver/Src/stm32h7xx_hal_pwr_ex.o
 .debug_aranges
                0x0000000000001310       0x88 ./Drivers/STM32H7xx_HAL_Driver/Src/stm32h7xx_hal_rcc.o
 .debug_aranges
                0x0000000000001398       0xf8 ./Drivers/STM32H7xx_HAL_Driver/Src/stm32h7xx_hal_rcc_ex.o
 .debug_aranges
                0x0000000000001490       0xc0 ./Drivers/STM32H7xx_HAL_Driver/Src/stm32h7xx_hal_rtc.o
 .debug_aranges
                0x0000000000001550      0x1a0 ./Drivers/STM32H7xx_HAL_Driver/Src/stm32h7xx_hal_spi.o
 .debug_aranges
                0x00000000000016f0      0x3e0 ./Drivers/STM32H7xx_HAL_Driver/Src/stm32h7xx_hal_tim.o
 .debug_aranges
                0x0000000000001ad0      0x198 ./Drivers/STM32H7xx_HAL_Driver/Src/stm32h7xx_hal_tim_ex.o
 .debug_aranges
                0x0000000000001c68      0x248 ./Drivers/STM32H7xx_HAL_Driver/Src/stm32h7xx_hal_uart.o
 .debug_aranges
                0x0000000000001eb0       0xa0 ./Drivers/STM32H7xx_HAL_Driver/Src/stm32h7xx_hal_uart_ex.o

.debug_ranges   0x0000000000000000     0x1e08
 .debug_ranges  0x0000000000000000       0xf8 ./Core/Src/main.o
 .debug_ranges  0x00000000000000f8       0xd8 ./Core/Src/stm32h7xx_hal_msp.o
 .debug_ranges  0x00000000000001d0       0x90 ./Core/Src/stm32h7xx_it.o
 .debug_ranges  0x0000000000000260       0x18 ./Core/Src/system_stm32h7xx.o
 .debug_ranges  0x0000000000000278       0x20 ./Core/Startup/startup_stm32h723zgtx.o
 .debug_ranges  0x0000000000000298      0x1b8 ./Drivers/STM32H7xx_HAL_Driver/Src/stm32h7xx_hal.o
 .debug_ranges  0x0000000000000450      0x250 ./Drivers/STM32H7xx_HAL_Driver/Src/stm32h7xx_hal_adc.o
 .debug_ranges  0x00000000000006a0      0x1e0 ./Drivers/STM32H7xx_HAL_Driver/Src/stm32h7xx_hal_adc_ex.o
 .debug_ranges  0x0000000000000880       0xa0 ./Drivers/STM32H7xx_HAL_Driver/Src/stm32h7xx_hal_cordic.o
 .debug_ranges  0x0000000000000920      0x110 ./Drivers/STM32H7xx_HAL_Driver/Src/stm32h7xx_hal_cortex.o
 .debug_ranges  0x0000000000000a30       0x90 ./Drivers/STM32H7xx_HAL_Driver/Src/stm32h7xx_hal_dma.o
 .debug_ranges  0x0000000000000ac0      0x328 ./Drivers/STM32H7xx_HAL_Driver/Src/stm32h7xx_hal_fdcan.o
 .debug_ranges  0x0000000000000de8      0x158 ./Drivers/STM32H7xx_HAL_Driver/Src/stm32h7xx_hal_fmac.o
 .debug_ranges  0x0000000000000f40       0x48 ./Drivers/STM32H7xx_HAL_Driver/Src/stm32h7xx_hal_gpio.o
 .debug_ranges  0x0000000000000f88      0x158 ./Drivers/STM32H7xx_HAL_Driver/Src/stm32h7xx_hal_lptim.o
 .debug_ranges  0x00000000000010e0      0x138 ./Drivers/STM32H7xx_HAL_Driver/Src/stm32h7xx_hal_pwr_ex.o
 .debug_ranges  0x0000000000001218       0x78 ./Drivers/STM32H7xx_HAL_Driver/Src/stm32h7xx_hal_rcc.o
 .debug_ranges  0x0000000000001290       0xe8 ./Drivers/STM32H7xx_HAL_Driver/Src/stm32h7xx_hal_rcc_ex.o
 .debug_ranges  0x0000000000001378       0xb0 ./Drivers/STM32H7xx_HAL_Driver/Src/stm32h7xx_hal_rtc.o
 .debug_ranges  0x0000000000001428      0x190 ./Drivers/STM32H7xx_HAL_Driver/Src/stm32h7xx_hal_spi.o
 .debug_ranges  0x00000000000015b8      0x3d0 ./Drivers/STM32H7xx_HAL_Driver/Src/stm32h7xx_hal_tim.o
 .debug_ranges  0x0000000000001988      0x188 ./Drivers/STM32H7xx_HAL_Driver/Src/stm32h7xx_hal_tim_ex.o
 .debug_ranges  0x0000000000001b10      0x268 ./Drivers/STM32H7xx_HAL_Driver/Src/stm32h7xx_hal_uart.o
 .debug_ranges  0x0000000000001d78       0x90 ./Drivers/STM32H7xx_HAL_Driver/Src/stm32h7xx_hal_uart_ex.o

.debug_macro    0x0000000000000000    0x3dfcd
 .debug_macro   0x0000000000000000      0xf02 ./Core/Src/main.o
 .debug_macro   0x0000000000000f02      0xc28 ./Core/Src/main.o
 .debug_macro   0x0000000000001b2a      0x262 ./Core/Src/main.o
 .debug_macro   0x0000000000001d8c       0x2e ./Core/Src/main.o
 .debug_macro   0x0000000000001dba       0x3b ./Core/Src/main.o
 .debug_macro   0x0000000000001df5       0x1c ./Core/Src/main.o
 .debug_macro   0x0000000000001e11       0x22 ./Core/Src/main.o
 .debug_macro   0x0000000000001e33       0x8e ./Core/Src/main.o
 .debug_macro   0x0000000000001ec1       0x51 ./Core/Src/main.o
 .debug_macro   0x0000000000001f12      0x103 ./Core/Src/main.o
 .debug_macro   0x0000000000002015       0x6a ./Core/Src/main.o
 .debug_macro   0x000000000000207f      0x1df ./Core/Src/main.o
 .debug_macro   0x000000000000225e       0x1c ./Core/Src/main.o
 .debug_macro   0x000000000000227a       0x22 ./Core/Src/main.o
 .debug_macro   0x000000000000229c       0xfb ./Core/Src/main.o
 .debug_macro   0x0000000000002397     0x1305 ./Core/Src/main.o
 .debug_macro   0x000000000000369c      0x11f ./Core/Src/main.o
 .debug_macro   0x00000000000037bb       0x27 ./Core/Src/main.o
 .debug_macro   0x00000000000037e2    0x211d1 ./Core/Src/main.o
 .debug_macro   0x00000000000249b3       0x6d ./Core/Src/main.o
 .debug_macro   0x0000000000024a20     0x3d0d ./Core/Src/main.o
 .debug_macro   0x000000000002872d      0x17b ./Core/Src/main.o
 .debug_macro   0x00000000000288a8      0x18a ./Core/Src/main.o
 .debug_macro   0x0000000000028a32       0x10 ./Core/Src/main.o
 .debug_macro   0x0000000000028a42       0xba ./Core/Src/main.o
 .debug_macro   0x0000000000028afc       0xf7 ./Core/Src/main.o
 .debug_macro   0x0000000000028bf3      0x34c ./Core/Src/main.o
 .debug_macro   0x0000000000028f3f       0x18 ./Core/Src/main.o
 .debug_macro   0x0000000000028f57       0x52 ./Core/Src/main.o
 .debug_macro   0x0000000000028fa9       0x1d ./Core/Src/main.o
 .debug_macro   0x0000000000028fc6       0x3c ./Core/Src/main.o
 .debug_macro   0x0000000000029002       0x34 ./Core/Src/main.o
 .debug_macro   0x0000000000029036       0x16 ./Core/Src/main.o
 .debug_macro   0x000000000002904c       0x43 ./Core/Src/main.o
 .debug_macro   0x000000000002908f       0x34 ./Core/Src/main.o
 .debug_macro   0x00000000000290c3       0x10 ./Core/Src/main.o
 .debug_macro   0x00000000000290d3       0x58 ./Core/Src/main.o
 .debug_macro   0x000000000002912b       0x71 ./Core/Src/main.o
 .debug_macro   0x000000000002919c       0x16 ./Core/Src/main.o
 .debug_macro   0x00000000000291b2      0x12a ./Core/Src/main.o
 .debug_macro   0x00000000000292dc      0x364 ./Core/Src/main.o
 .debug_macro   0x0000000000029640      0x194 ./Core/Src/main.o
 .debug_macro   0x00000000000297d4       0x10 ./Core/Src/main.o
 .debug_macro   0x00000000000297e4       0x16 ./Core/Src/main.o
 .debug_macro   0x00000000000297fa       0x35 ./Core/Src/main.o
 .debug_macro   0x000000000002982f       0x16 ./Core/Src/main.o
 .debug_macro   0x0000000000029845       0x29 ./Core/Src/main.o
 .debug_macro   0x000000000002986e       0x10 ./Core/Src/main.o
 .debug_macro   0x000000000002987e      0x3d5 ./Core/Src/main.o
 .debug_macro   0x0000000000029c53       0x16 ./Core/Src/main.o
 .debug_macro   0x0000000000029c69       0x1c ./Core/Src/main.o
 .debug_macro   0x0000000000029c85       0x4f ./Core/Src/main.o
 .debug_macro   0x0000000000029cd4       0x94 ./Core/Src/main.o
 .debug_macro   0x0000000000029d68       0x19 ./Core/Src/main.o
 .debug_macro   0x0000000000029d81       0x10 ./Core/Src/main.o
 .debug_macro   0x0000000000029d91       0x17 ./Core/Src/main.o
 .debug_macro   0x0000000000029da8       0x10 ./Core/Src/main.o
 .debug_macro   0x0000000000029db8       0x28 ./Core/Src/main.o
 .debug_macro   0x0000000000029de0       0x2e ./Core/Src/main.o
 .debug_macro   0x0000000000029e0e       0x16 ./Core/Src/main.o
 .debug_macro   0x0000000000029e24       0x10 ./Core/Src/main.o
 .debug_macro   0x0000000000029e34       0x12 ./Core/Src/main.o
 .debug_macro   0x0000000000029e46       0x19 ./Core/Src/main.o
 .debug_macro   0x0000000000029e5f       0x88 ./Core/Src/main.o
 .debug_macro   0x0000000000029ee7       0x19 ./Core/Src/main.o
 .debug_macro   0x0000000000029f00      0x120 ./Core/Src/main.o
 .debug_macro   0x000000000002a020       0x11 ./Core/Src/main.o
 .debug_macro   0x000000000002a031       0x17 ./Core/Src/main.o
 .debug_macro   0x000000000002a048       0x17 ./Core/Src/main.o
 .debug_macro   0x000000000002a05f       0x17 ./Core/Src/main.o
 .debug_macro   0x000000000002a076       0x17 ./Core/Src/main.o
 .debug_macro   0x000000000002a08d       0x17 ./Core/Src/main.o
 .debug_macro   0x000000000002a0a4       0x17 ./Core/Src/main.o
 .debug_macro   0x000000000002a0bb       0x5d ./Core/Src/main.o
 .debug_macro   0x000000000002a118     0x2462 ./Core/Src/main.o
 .debug_macro   0x000000000002c57a     0x104f ./Core/Src/main.o
 .debug_macro   0x000000000002d5c9      0x14d ./Core/Src/main.o
 .debug_macro   0x000000000002d716      0x114 ./Core/Src/main.o
 .debug_macro   0x000000000002d82a      0x3f8 ./Core/Src/main.o
 .debug_macro   0x000000000002dc22       0xac ./Core/Src/main.o
 .debug_macro   0x000000000002dcce      0x788 ./Core/Src/main.o
 .debug_macro   0x000000000002e456      0x228 ./Core/Src/main.o
 .debug_macro   0x000000000002e67e       0x66 ./Core/Src/main.o
 .debug_macro   0x000000000002e6e4      0x3a6 ./Core/Src/main.o
 .debug_macro   0x000000000002ea8a      0x3f9 ./Core/Src/main.o
 .debug_macro   0x000000000002ee83      0x275 ./Core/Src/main.o
 .debug_macro   0x000000000002f0f8     0x116a ./Core/Src/main.o
 .debug_macro   0x0000000000030262      0x7c1 ./Core/Src/main.o
 .debug_macro   0x0000000000030a23      0x398 ./Core/Src/main.o
 .debug_macro   0x0000000000030dbb      0xe42 ./Core/Src/main.o
 .debug_macro   0x0000000000031bfd      0x1f4 ./Core/Src/main.o
 .debug_macro   0x0000000000031df1      0x3ca ./Core/Src/main.o
 .debug_macro   0x00000000000321bb      0x45c ./Core/Src/main.o
 .debug_macro   0x0000000000032617       0x3c ./Core/Src/main.o
 .debug_macro   0x0000000000032653      0x184 ./Core/Src/main.o
 .debug_macro   0x00000000000327d7       0x4a ./Core/Src/main.o
 .debug_macro   0x0000000000032821      0x22c ./Core/Src/main.o
 .debug_macro   0x0000000000032a4d       0x67 ./Core/Src/main.o
 .debug_macro   0x0000000000032ab4       0xa5 ./Core/Src/main.o
 .debug_macro   0x0000000000032b59      0x295 ./Core/Src/main.o
 .debug_macro   0x0000000000032dee      0x1c4 ./Core/Src/main.o
 .debug_macro   0x0000000000032fb2      0x22a ./Core/Src/main.o
 .debug_macro   0x00000000000331dc       0x35 ./Core/Src/main.o
 .debug_macro   0x0000000000033211      0x321 ./Core/Src/main.o
 .debug_macro   0x0000000000033532      0x662 ./Core/Src/main.o
 .debug_macro   0x0000000000033b94       0xe4 ./Core/Src/main.o
 .debug_macro   0x0000000000033c78      0x5e4 ./Core/Src/main.o
 .debug_macro   0x000000000003425c       0x9e ./Core/Src/main.o
 .debug_macro   0x00000000000342fa      0xb16 ./Core/Src/main.o
 .debug_macro   0x0000000000034e10      0x29f ./Core/Src/main.o
 .debug_macro   0x00000000000350af      0x67e ./Core/Src/main.o
 .debug_macro   0x000000000003572d       0xa6 ./Core/Src/main.o
 .debug_macro   0x00000000000357d3      0x5e6 ./Core/Src/main.o
 .debug_macro   0x0000000000035db9      0x2b6 ./Core/Src/main.o
 .debug_macro   0x000000000003606f       0x11 ./Core/Src/main.o
 .debug_macro   0x0000000000036080       0x11 ./Core/Src/main.o
 .debug_macro   0x0000000000036091       0x11 ./Core/Src/main.o
 .debug_macro   0x00000000000360a2       0x10 ./Core/Src/main.o
 .debug_macro   0x00000000000360b2       0x35 ./Core/Src/main.o
 .debug_macro   0x00000000000360e7       0x17 ./Core/Src/main.o
 .debug_macro   0x00000000000360fe       0x18 ./Core/Src/main.o
 .debug_macro   0x0000000000036116       0x1f ./Core/Src/main.o
 .debug_macro   0x0000000000036135       0x10 ./Core/Src/main.o
 .debug_macro   0x0000000000036145       0x11 ./Core/Src/main.o
 .debug_macro   0x0000000000036156       0xf0 ./Core/Src/main.o
 .debug_macro   0x0000000000036246       0x11 ./Core/Src/main.o
 .debug_macro   0x0000000000036257       0x12 ./Core/Src/main.o
 .debug_macro   0x0000000000036269       0x11 ./Core/Src/main.o
 .debug_macro   0x000000000003627a       0x2d ./Core/Src/main.o
 .debug_macro   0x00000000000362a7       0x26 ./Core/Src/main.o
 .debug_macro   0x00000000000362cd       0x22 ./Core/Src/main.o
 .debug_macro   0x00000000000362ef       0x3c ./Core/Src/main.o
 .debug_macro   0x000000000003632b       0x10 ./Core/Src/main.o
 .debug_macro   0x000000000003633b       0x10 ./Core/Src/main.o
 .debug_macro   0x000000000003634b       0x33 ./Core/Src/main.o
 .debug_macro   0x000000000003637e      0x173 ./Core/Src/main.o
 .debug_macro   0x00000000000364f1       0x11 ./Core/Src/main.o
 .debug_macro   0x0000000000036502       0x10 ./Core/Src/main.o
 .debug_macro   0x0000000000036512       0x5e ./Core/Src/main.o
 .debug_macro   0x0000000000036570       0x16 ./Core/Src/main.o
 .debug_macro   0x0000000000036586       0x52 ./Core/Src/main.o
 .debug_macro   0x00000000000365d8       0x5e ./Core/Src/main.o
 .debug_macro   0x0000000000036636       0x11 ./Core/Src/main.o
 .debug_macro   0x0000000000036647       0x2f ./Core/Src/main.o
 .debug_macro   0x0000000000036676       0x16 ./Core/Src/main.o
 .debug_macro   0x000000000003668c       0x1d ./Core/Src/main.o
 .debug_macro   0x00000000000366a9       0x1c ./Core/Src/main.o
 .debug_macro   0x00000000000366c5       0x10 ./Core/Src/main.o
 .debug_macro   0x00000000000366d5       0x1c ./Core/Src/main.o
 .debug_macro   0x00000000000366f1       0x52 ./Core/Src/main.o
 .debug_macro   0x0000000000036743       0x22 ./Core/Src/main.o
 .debug_macro   0x0000000000036765       0x10 ./Core/Src/main.o
 .debug_macro   0x0000000000036775       0x52 ./Core/Src/main.o
 .debug_macro   0x00000000000367c7       0xd5 ./Core/Src/main.o
 .debug_macro   0x000000000003689c       0x1c ./Core/Src/main.o
 .debug_macro   0x00000000000368b8       0x3d ./Core/Src/main.o
 .debug_macro   0x00000000000368f5       0x16 ./Core/Src/main.o
 .debug_macro   0x000000000003690b      0x130 ./Core/Src/main.o
 .debug_macro   0x0000000000036a3b      0x11d ./Core/Src/main.o
 .debug_macro   0x0000000000036b58       0x10 ./Core/Src/main.o
 .debug_macro   0x0000000000036b68      0x241 ./Core/Src/main.o
 .debug_macro   0x0000000000036da9       0x17 ./Core/Src/main.o
 .debug_macro   0x0000000000036dc0       0x10 ./Core/Src/main.o
 .debug_macro   0x0000000000036dd0       0x10 ./Core/Src/main.o
 .debug_macro   0x0000000000036de0       0x76 ./Core/Src/main.o
 .debug_macro   0x0000000000036e56       0x16 ./Core/Src/main.o
 .debug_macro   0x0000000000036e6c       0x16 ./Core/Src/main.o
 .debug_macro   0x0000000000036e82       0x10 ./Core/Src/main.o
 .debug_macro   0x0000000000036e92       0x41 ./Core/Src/main.o
 .debug_macro   0x0000000000036ed3       0x40 ./Core/Src/main.o
 .debug_macro   0x0000000000036f13       0x20 ./Core/Src/main.o
 .debug_macro   0x0000000000036f33       0x22 ./Core/Src/main.o
 .debug_macro   0x0000000000036f55       0x41 ./Core/Src/main.o
 .debug_macro   0x0000000000036f96       0x10 ./Core/Src/main.o
 .debug_macro   0x0000000000036fa6       0x31 ./Core/Src/main.o
 .debug_macro   0x0000000000036fd7       0x10 ./Core/Src/main.o
 .debug_macro   0x0000000000036fe7       0x3c ./Core/Src/main.o
 .debug_macro   0x0000000000037023       0x17 ./Core/Src/main.o
 .debug_macro   0x000000000003703a       0x11 ./Core/Src/main.o
 .debug_macro   0x000000000003704b       0x12 ./Core/Src/main.o
 .debug_macro   0x000000000003705d       0x4c ./Core/Src/main.o
 .debug_macro   0x00000000000370a9       0x27 ./Core/Src/main.o
 .debug_macro   0x00000000000370d0       0x1f ./Core/Src/main.o
 .debug_macro   0x00000000000370ef       0x19 ./Core/Src/main.o
 .debug_macro   0x0000000000037108       0x10 ./Core/Src/main.o
 .debug_macro   0x0000000000037118       0x17 ./Core/Src/main.o
 .debug_macro   0x000000000003712f       0x24 ./Core/Src/main.o
 .debug_macro   0x0000000000037153       0x12 ./Core/Src/main.o
 .debug_macro   0x0000000000037165       0x1f ./Core/Src/main.o
 .debug_macro   0x0000000000037184       0x18 ./Core/Src/main.o
 .debug_macro   0x000000000003719c       0x16 ./Core/Src/main.o
 .debug_macro   0x00000000000371b2       0x20 ./Core/Src/main.o
 .debug_macro   0x00000000000371d2       0x8e ./Core/Src/main.o
 .debug_macro   0x0000000000037260       0x10 ./Core/Src/main.o
 .debug_macro   0x0000000000037270       0x4c ./Core/Src/main.o
 .debug_macro   0x00000000000372bc       0x2e ./Core/Src/main.o
 .debug_macro   0x00000000000372ea       0x10 ./Core/Src/main.o
 .debug_macro   0x00000000000372fa       0x10 ./Core/Src/main.o
 .debug_macro   0x000000000003730a      0x335 ./Core/Src/stm32h7xx_hal_msp.o
 .debug_macro   0x000000000003763f      0xa90 ./Core/Src/stm32h7xx_hal_msp.o
 .debug_macro   0x00000000000380cf     0x1305 ./Core/Src/stm32h7xx_hal_msp.o
 .debug_macro   0x00000000000393d4      0x174 ./Core/Src/stm32h7xx_hal_msp.o
 .debug_macro   0x0000000000039548       0x34 ./Core/Src/stm32h7xx_hal_msp.o
 .debug_macro   0x000000000003957c       0x43 ./Core/Src/stm32h7xx_hal_msp.o
 .debug_macro   0x00000000000395bf       0x1c ./Core/Src/stm32h7xx_hal_msp.o
 .debug_macro   0x00000000000395db      0x341 ./Core/Src/stm32h7xx_hal_msp.o
 .debug_macro   0x000000000003991c      0x19b ./Core/Src/stm32h7xx_hal_msp.o
 .debug_macro   0x0000000000039ab7      0x33f ./Core/Src/stm32h7xx_it.o
 .debug_macro   0x0000000000039df6      0x326 ./Core/Src/system_stm32h7xx.o
 .debug_macro   0x000000000003a11c      0x350 ./Drivers/STM32H7xx_HAL_Driver/Src/stm32h7xx_hal.o
 .debug_macro   0x000000000003a46c      0x351 ./Drivers/STM32H7xx_HAL_Driver/Src/stm32h7xx_hal_adc.o
 .debug_macro   0x000000000003a7bd      0x332 ./Drivers/STM32H7xx_HAL_Driver/Src/stm32h7xx_hal_adc_ex.o
 .debug_macro   0x000000000003aaef      0x327 ./Drivers/STM32H7xx_HAL_Driver/Src/stm32h7xx_hal_cordic.o
 .debug_macro   0x000000000003ae16      0x326 ./Drivers/STM32H7xx_HAL_Driver/Src/stm32h7xx_hal_cortex.o
 .debug_macro   0x000000000003b13c      0x379 ./Drivers/STM32H7xx_HAL_Driver/Src/stm32h7xx_hal_dma.o
 .debug_macro   0x000000000003b4b5      0x3eb ./Drivers/STM32H7xx_HAL_Driver/Src/stm32h7xx_hal_fdcan.o
 .debug_macro   0x000000000003b8a0      0x3b3 ./Drivers/STM32H7xx_HAL_Driver/Src/stm32h7xx_hal_fmac.o
 .debug_macro   0x000000000003bc53      0x32d ./Drivers/STM32H7xx_HAL_Driver/Src/stm32h7xx_hal_gpio.o
 .debug_macro   0x000000000003bf80      0x32e ./Drivers/STM32H7xx_HAL_Driver/Src/stm32h7xx_hal_lptim.o
 .debug_macro   0x000000000003c2ae      0x35f ./Drivers/STM32H7xx_HAL_Driver/Src/stm32h7xx_hal_pwr_ex.o
 .debug_macro   0x000000000003c60d      0x34a ./Drivers/STM32H7xx_HAL_Driver/Src/stm32h7xx_hal_rcc.o
 .debug_macro   0x000000000003c957      0x344 ./Drivers/STM32H7xx_HAL_Driver/Src/stm32h7xx_hal_rcc_ex.o
 .debug_macro   0x000000000003cc9b      0x327 ./Drivers/STM32H7xx_HAL_Driver/Src/stm32h7xx_hal_rtc.o
 .debug_macro   0x000000000003cfc2      0x335 ./Drivers/STM32H7xx_HAL_Driver/Src/stm32h7xx_hal_spi.o
 .debug_macro   0x000000000003d2f7      0x327 ./Drivers/STM32H7xx_HAL_Driver/Src/stm32h7xx_hal_tim.o
 .debug_macro   0x000000000003d61e      0x32c ./Drivers/STM32H7xx_HAL_Driver/Src/stm32h7xx_hal_tim_ex.o
 .debug_macro   0x000000000003d94a      0x351 ./Drivers/STM32H7xx_HAL_Driver/Src/stm32h7xx_hal_uart.o
 .debug_macro   0x000000000003dc9b      0x332 ./Drivers/STM32H7xx_HAL_Driver/Src/stm32h7xx_hal_uart_ex.o

.debug_line     0x0000000000000000    0x27fce
 .debug_line    0x0000000000000000     0x3542 ./Core/Src/main.o
 .debug_line    0x0000000000003542     0x10cf ./Core/Src/stm32h7xx_hal_msp.o
 .debug_line    0x0000000000004611      0xadb ./Core/Src/stm32h7xx_it.o
 .debug_line    0x00000000000050ec      0xafd ./Core/Src/system_stm32h7xx.o
 .debug_line    0x0000000000005be9       0x88 ./Core/Startup/startup_stm32h723zgtx.o
 .debug_line    0x0000000000005c71      0xf97 ./Drivers/STM32H7xx_HAL_Driver/Src/stm32h7xx_hal.o
 .debug_line    0x0000000000006c08     0x283a ./Drivers/STM32H7xx_HAL_Driver/Src/stm32h7xx_hal_adc.o
 .debug_line    0x0000000000009442     0x22e9 ./Drivers/STM32H7xx_HAL_Driver/Src/stm32h7xx_hal_adc_ex.o
 .debug_line    0x000000000000b72b      0xe02 ./Drivers/STM32H7xx_HAL_Driver/Src/stm32h7xx_hal_cordic.o
 .debug_line    0x000000000000c52d      0xf0c ./Drivers/STM32H7xx_HAL_Driver/Src/stm32h7xx_hal_cortex.o
 .debug_line    0x000000000000d439     0x2858 ./Drivers/STM32H7xx_HAL_Driver/Src/stm32h7xx_hal_dma.o
 .debug_line    0x000000000000fc91     0x2867 ./Drivers/STM32H7xx_HAL_Driver/Src/stm32h7xx_hal_fdcan.o
 .debug_line    0x00000000000124f8     0x1692 ./Drivers/STM32H7xx_HAL_Driver/Src/stm32h7xx_hal_fmac.o
 .debug_line    0x0000000000013b8a      0xdb5 ./Drivers/STM32H7xx_HAL_Driver/Src/stm32h7xx_hal_gpio.o
 .debug_line    0x000000000001493f     0x13e9 ./Drivers/STM32H7xx_HAL_Driver/Src/stm32h7xx_hal_lptim.o
 .debug_line    0x0000000000015d28      0xf7b ./Drivers/STM32H7xx_HAL_Driver/Src/stm32h7xx_hal_pwr_ex.o
 .debug_line    0x0000000000016ca3     0x13db ./Drivers/STM32H7xx_HAL_Driver/Src/stm32h7xx_hal_rcc.o
 .debug_line    0x000000000001807e     0x1b54 ./Drivers/STM32H7xx_HAL_Driver/Src/stm32h7xx_hal_rcc_ex.o
 .debug_line    0x0000000000019bd2     0x12ff ./Drivers/STM32H7xx_HAL_Driver/Src/stm32h7xx_hal_rtc.o
 .debug_line    0x000000000001aed1     0x20d6 ./Drivers/STM32H7xx_HAL_Driver/Src/stm32h7xx_hal_spi.o
 .debug_line    0x000000000001cfa7     0x405f ./Drivers/STM32H7xx_HAL_Driver/Src/stm32h7xx_hal_tim.o
 .debug_line    0x0000000000021006     0x2014 ./Drivers/STM32H7xx_HAL_Driver/Src/stm32h7xx_hal_tim_ex.o
 .debug_line    0x000000000002301a     0x3fd0 ./Drivers/STM32H7xx_HAL_Driver/Src/stm32h7xx_hal_uart.o
 .debug_line    0x0000000000026fea      0xfe4 ./Drivers/STM32H7xx_HAL_Driver/Src/stm32h7xx_hal_uart_ex.o

.debug_str      0x0000000000000000   0x188abf
 .debug_str     0x0000000000000000   0x17f627 ./Core/Src/main.o
                                     0x180a6e (size before relaxing)
 .debug_str     0x000000000017f627      0x5d3 ./Core/Src/stm32h7xx_hal_msp.o
                                     0x17428f (size before relaxing)
 .debug_str     0x000000000017fbfa      0x1aa ./Core/Src/stm32h7xx_it.o