Archive member included to satisfy reference by file (symbol)

/home/dgoncas/st/stm32cubeide_1.6.1/plugins/com.st.stm32cube.ide.mcu.externaltools.gnu-tools-for-stm32.10.3-2021.10.linux64_1.0.100.202210260954/tools/bin/../lib/gcc/arm-none-eabi/10.3.1/../../../../arm-none-eabi/lib/thumb/v7e-m+dp/hard/libc_nano.a(lib_a-errno.o)
                              ./Core/Src/syscalls.o (__errno)
/home/dgoncas/st/stm32cubeide_1.6.1/plugins/com.st.stm32cube.ide.mcu.externaltools.gnu-tools-for-stm32.10.3-2021.10.linux64_1.0.100.202210260954/tools/bin/../lib/gcc/arm-none-eabi/10.3.1/../../../../arm-none-eabi/lib/thumb/v7e-m+dp/hard/libc_nano.a(lib_a-exit.o)
                              /home/dgoncas/st/stm32cubeide_1.6.1/plugins/com.st.stm32cube.ide.mcu.externaltools.gnu-tools-for-stm32.10.3-2021.10.linux64_1.0.100.202210260954/tools/bin/../lib/gcc/arm-none-eabi/10.3.1/../../../../arm-none-eabi/lib/thumb/v7e-m+dp/hard/crt0.o (exit)
/home/dgoncas/st/stm32cubeide_1.6.1/plugins/com.st.stm32cube.ide.mcu.externaltools.gnu-tools-for-stm32.10.3-2021.10.linux64_1.0.100.202210260954/tools/bin/../lib/gcc/arm-none-eabi/10.3.1/../../../../arm-none-eabi/lib/thumb/v7e-m+dp/hard/libc_nano.a(lib_a-impure.o)
                              /home/dgoncas/st/stm32cubeide_1.6.1/plugins/com.st.stm32cube.ide.mcu.externaltools.gnu-tools-for-stm32.10.3-2021.10.linux64_1.0.100.202210260954/tools/bin/../lib/gcc/arm-none-eabi/10.3.1/../../../../arm-none-eabi/lib/thumb/v7e-m+dp/hard/libc_nano.a(lib_a-exit.o) (_global_impure_ptr)
/home/dgoncas/st/stm32cubeide_1.6.1/plugins/com.st.stm32cube.ide.mcu.externaltools.gnu-tools-for-stm32.10.3-2021.10.linux64_1.0.100.202210260954/tools/bin/../lib/gcc/arm-none-eabi/10.3.1/../../../../arm-none-eabi/lib/thumb/v7e-m+dp/hard/libc_nano.a(lib_a-init.o)
                              /home/dgoncas/st/stm32cubeide_1.6.1/plugins/com.st.stm32cube.ide.mcu.externaltools.gnu-tools-for-stm32.10.3-2021.10.linux64_1.0.100.202210260954/tools/bin/../lib/gcc/arm-none-eabi/10.3.1/../../../../arm-none-eabi/lib/thumb/v7e-m+dp/hard/crt0.o (__libc_init_array)
/home/dgoncas/st/stm32cubeide_1.6.1/plugins/com.st.stm32cube.ide.mcu.externaltools.gnu-tools-for-stm32.10.3-2021.10.linux64_1.0.100.202210260954/tools/bin/../lib/gcc/arm-none-eabi/10.3.1/../../../../arm-none-eabi/lib/thumb/v7e-m+dp/hard/libc_nano.a(lib_a-memcpy-stub.o)
                              ./Drivers/STM32H7xx_HAL_Driver/Src/stm32h7xx_hal_fdcan.o (memcpy)
/home/dgoncas/st/stm32cubeide_1.6.1/plugins/com.st.stm32cube.ide.mcu.externaltools.gnu-tools-for-stm32.10.3-2021.10.linux64_1.0.100.202210260954/tools/bin/../lib/gcc/arm-none-eabi/10.3.1/../../../../arm-none-eabi/lib/thumb/v7e-m+dp/hard/libc_nano.a(lib_a-memset.o)
                              /home/dgoncas/st/stm32cubeide_1.6.1/plugins/com.st.stm32cube.ide.mcu.externaltools.gnu-tools-for-stm32.10.3-2021.10.linux64_1.0.100.202210260954/tools/bin/../lib/gcc/arm-none-eabi/10.3.1/../../../../arm-none-eabi/lib/thumb/v7e-m+dp/hard/crt0.o (memset)
/home/dgoncas/st/stm32cubeide_1.6.1/plugins/com.st.stm32cube.ide.mcu.externaltools.gnu-tools-for-stm32.10.3-2021.10.linux64_1.0.100.202210260954/tools/bin/../lib/gcc/arm-none-eabi/10.3.1/thumb/v7e-m+dp/hard/libgcc.a(_aeabi_uldivmod.o)
                              ./Drivers/STM32H7xx_HAL_Driver/Src/stm32h7xx_hal_uart.o (__aeabi_uldivmod)
/home/dgoncas/st/stm32cubeide_1.6.1/plugins/com.st.stm32cube.ide.mcu.externaltools.gnu-tools-for-stm32.10.3-2021.10.linux64_1.0.100.202210260954/tools/bin/../lib/gcc/arm-none-eabi/10.3.1/thumb/v7e-m+dp/hard/libgcc.a(_udivmoddi4.o)
                              /home/dgoncas/st/stm32cubeide_1.6.1/plugins/com.st.stm32cube.ide.mcu.externaltools.gnu-tools-for-stm32.10.3-2021.10.linux64_1.0.100.202210260954/tools/bin/../lib/gcc/arm-none-eabi/10.3.1/thumb/v7e-m+dp/hard/libgcc.a(_aeabi_uldivmod.o) (__udivmoddi4)
/home/dgoncas/st/stm32cubeide_1.6.1/plugins/com.st.stm32cube.ide.mcu.externaltools.gnu-tools-for-stm32.10.3-2021.10.linux64_1.0.100.202210260954/tools/bin/../lib/gcc/arm-none-eabi/10.3.1/thumb/v7e-m+dp/hard/libgcc.a(_dvmd_tls.o)
                              /home/dgoncas/st/stm32cubeide_1.6.1/plugins/com.st.stm32cube.ide.mcu.externaltools.gnu-tools-for-stm32.10.3-2021.10.linux64_1.0.100.202210260954/tools/bin/../lib/gcc/arm-none-eabi/10.3.1/thumb/v7e-m+dp/hard/libgcc.a(_aeabi_uldivmod.o) (__aeabi_ldiv0)

Discarded input sections

 .text          0x0000000000000000        0x0 /home/dgoncas/st/stm32cubeide_1.6.1/plugins/com.st.stm32cube.ide.mcu.externaltools.gnu-tools-for-stm32.10.3-2021.10.linux64_1.0.100.202210260954/tools/bin/../lib/gcc/arm-none-eabi/10.3.1/thumb/v7e-m+dp/hard/crti.o
 .data          0x0000000000000000        0x0 /home/dgoncas/st/stm32cubeide_1.6.1/plugins/com.st.stm32cube.ide.mcu.externaltools.gnu-tools-for-stm32.10.3-2021.10.linux64_1.0.100.202210260954/tools/bin/../lib/gcc/arm-none-eabi/10.3.1/thumb/v7e-m+dp/hard/crti.o
[...]
Memory Configuration

Name             Origin             Length             Attributes
ITCMRAM          0x0000000000000000 0x0000000000010000 xrw
DTCMRAM          0x0000000020000000 0x0000000000020000 xrw
FLASH            0x0000000008000000 0x0000000000100000 xr
RAM_D1           0x0000000024000000 0x0000000000050000 xrw
RAM_D2           0x0000000030000000 0x0000000000008000 xrw
RAM_D3           0x0000000038000000 0x0000000000004000 xrw
*default*        0x0000000000000000 0xffffffffffffffff

Linker script and memory map

LOAD /home/dgoncas/st/stm32cubeide_1.6.1/plugins/com.st.stm32cube.ide.mcu.externaltools.gnu-tools-for-stm32.10.3-2021.10.linux64_1.0.100.202210260954/tools/bin/../lib/gcc/arm-none-eabi/10.3.1/thumb/v7e-m+dp/hard/crti.o
LOAD /home/dgoncas/st/stm32cubeide_1.6.1/plugins/com.st.stm32cube.ide.mcu.externaltools.gnu-tools-for-stm32.10.3-2021.10.linux64_1.0.100.202210260954/tools/bin/../lib/gcc/arm-none-eabi/10.3.1/thumb/v7e-m+dp/hard/crtbegin.o
LOAD /home/dgoncas/st/stm32cubeide_1.6.1/plugins/com.st.stm32cube.ide.mcu.externaltools.gnu-tools-for-stm32.10.3-2021.10.linux64_1.0.100.202210260954/tools/bin/../lib/gcc/arm-none-eabi/10.3.1/../../../../arm-none-eabi/lib/thumb/v7e-m+dp/hard/crt0.o
LOAD ./Core/Src/main.o
LOAD ./Core/Src/stm32h7xx_hal_msp.o
LOAD ./Core/Src/stm32h7xx_it.o
LOAD ./Core/Src/syscalls.o
LOAD ./Core/Src/sysmem.o
LOAD ./Core/Src/system_stm32h7xx.o
LOAD ./Core/Startup/startup_stm32h723zgtx.o
LOAD ./Drivers/STM32H7xx_HAL_Driver/Src/stm32h7xx_hal.o
LOAD ./Drivers/STM32H7xx_HAL_Driver/Src/stm32h7xx_hal_adc.o
LOAD ./Drivers/STM32H7xx_HAL_Driver/Src/stm32h7xx_hal_adc_ex.o
LOAD ./Drivers/STM32H7xx_HAL_Driver/Src/stm32h7xx_hal_cordic.o
LOAD ./Drivers/STM32H7xx_HAL_Driver/Src/stm32h7xx_hal_cortex.o
LOAD ./Drivers/STM32H7xx_HAL_Driver/Src/stm32h7xx_hal_dma.o
LOAD ./Drivers/STM32H7xx_HAL_Driver/Src/stm32h7xx_hal_dma_ex.o
LOAD ./Drivers/STM32H7xx_HAL_Driver/Src/stm32h7xx_hal_exti.o
LOAD ./Drivers/STM32H7xx_HAL_Driver/Src/stm32h7xx_hal_fdcan.o
LOAD ./Drivers/STM32H7xx_HAL_Driver/Src/stm32h7xx_hal_flash.o
LOAD ./Drivers/STM32H7xx_HAL_Driver/Src/stm32h7xx_hal_flash_ex.o
LOAD ./Drivers/STM32H7xx_HAL_Driver/Src/stm32h7xx_hal_fmac.o
LOAD ./Drivers/STM32H7xx_HAL_Driver/Src/stm32h7xx_hal_gpio.o
LOAD ./Drivers/STM32H7xx_HAL_Driver/Src/stm32h7xx_hal_hsem.o
LOAD ./Drivers/STM32H7xx_HAL_Driver/Src/stm32h7xx_hal_i2c.o
LOAD ./Drivers/STM32H7xx_HAL_Driver/Src/stm32h7xx_hal_i2c_ex.o
LOAD ./Drivers/STM32H7xx_HAL_Driver/Src/stm32h7xx_hal_lptim.o
LOAD ./Drivers/STM32H7xx_HAL_Driver/Src/stm32h7xx_hal_mdma.o
LOAD ./Drivers/STM32H7xx_HAL_Driver/Src/stm32h7xx_hal_pwr.o
LOAD ./Drivers/STM32H7xx_HAL_Driver/Src/stm32h7xx_hal_pwr_ex.o
LOAD ./Drivers/STM32H7xx_HAL_Driver/Src/stm32h7xx_hal_rcc.o
LOAD ./Drivers/STM32H7xx_HAL_Driver/Src/stm32h7xx_hal_rcc_ex.o
LOAD ./Drivers/STM32H7xx_HAL_Driver/Src/stm32h7xx_hal_rtc.o
LOAD ./Drivers/STM32H7xx_HAL_Driver/Src/stm32h7xx_hal_rtc_ex.o
LOAD ./Drivers/STM32H7xx_HAL_Driver/Src/stm32h7xx_hal_spi.o
LOAD ./Drivers/STM32H7xx_HAL_Driver/Src/stm32h7xx_hal_spi_ex.o
LOAD ./Drivers/STM32H7xx_HAL_Driver/Src/stm32h7xx_hal_tim.o
LOAD ./Drivers/STM32H7xx_HAL_Driver/Src/stm32h7xx_hal_tim_ex.o
LOAD ./Drivers/STM32H7xx_HAL_Driver/Src/stm32h7xx_hal_uart.o
LOAD ./Drivers/STM32H7xx_HAL_Driver/Src/stm32h7xx_hal_uart_ex.o
START GROUP
LOAD /home/dgoncas/st/stm32cubeide_1.6.1/plugins/com.st.stm32cube.ide.mcu.externaltools.gnu-tools-for-stm32.10.3-2021.10.linux64_1.0.100.202210260954/tools/bin/../lib/gcc/arm-none-eabi/10.3.1/../../../../arm-none-eabi/lib/thumb/v7e-m+dp/hard/libstdc++_nano.a
LOAD /home/dgoncas/st/stm32cubeide_1.6.1/plugins/com.st.stm32cube.ide.mcu.externaltools.gnu-tools-for-stm32.10.3-2021.10.linux64_1.0.100.202210260954/tools/bin/../lib/gcc/arm-none-eabi/10.3.1/../../../../arm-none-eabi/lib/thumb/v7e-m+dp/hard/libsupc++_nano.a
END GROUP
LOAD /home/dgoncas/st/stm32cubeide_1.6.1/plugins/com.st.stm32cube.ide.mcu.externaltools.gnu-tools-for-stm32.10.3-2021.10.linux64_1.0.100.202210260954/tools/bin/../lib/gcc/arm-none-eabi/10.3.1/../../../../arm-none-eabi/lib/thumb/v7e-m+dp/hard/libstdc++_nano.a
LOAD /home/dgoncas/st/stm32cubeide_1.6.1/plugins/com.st.stm32cube.ide.mcu.externaltools.gnu-tools-for-stm32.10.3-2021.10.linux64_1.0.100.202210260954/tools/bin/../lib/gcc/arm-none-eabi/10.3.1/../../../../arm-none-eabi/lib/thumb/v7e-m+dp/hard/libm.a
LOAD /home/dgoncas/st/stm32cubeide_1.6.1/plugins/com.st.stm32cube.ide.mcu.externaltools.gnu-tools-for-stm32.10.3-2021.10.linux64_1.0.100.202210260954/tools/bin/../lib/gcc/arm-none-eabi/10.3.1/../../../../arm-none-eabi/lib/thumb/v7e-m+dp/hard/libc_nano.a
START GROUP
LOAD /home/dgoncas/st/stm32cubeide_1.6.1/plugins/com.st.stm32cube.ide.mcu.externaltools.gnu-tools-for-stm32.10.3-2021.10.linux64_1.0.100.202210260954/tools/bin/../lib/gcc/arm-none-eabi/10.3.1/thumb/v7e-m+dp/hard/libgcc.a
LOAD /home/dgoncas/st/stm32cubeide_1.6.1/plugins/com.st.stm32cube.ide.mcu.externaltools.gnu-tools-for-stm32.10.3-2021.10.linux64_1.0.100.202210260954/tools/bin/../lib/gcc/arm-none-eabi/10.3.1/../../../../arm-none-eabi/lib/thumb/v7e-m+dp/hard/libc_nano.a
END GROUP
START GROUP
LOAD /home/dgoncas/st/stm32cubeide_1.6.1/plugins/com.st.stm32cube.ide.mcu.externaltools.gnu-tools-for-stm32.10.3-2021.10.linux64_1.0.100.202210260954/tools/bin/../lib/gcc/arm-none-eabi/10.3.1/thumb/v7e-m+dp/hard/libgcc.a
LOAD /home/dgoncas/st/stm32cubeide_1.6.1/plugins/com.st.stm32cube.ide.mcu.externaltools.gnu-tools-for-stm32.10.3-2021.10.linux64_1.0.100.202210260954/tools/bin/../lib/gcc/arm-none-eabi/10.3.1/../../../../arm-none-eabi/lib/thumb/v7e-m+dp/hard/libc_nano.a
LOAD /home/dgoncas/st/stm32cubeide_1.6.1/plugins/com.st.stm32cube.ide.mcu.externaltools.gnu-tools-for-stm32.10.3-2021.10.linux64_1.0.100.202210260954/tools/bin/../lib/gcc/arm-none-eabi/10.3.1/../../../../arm-none-eabi/lib/thumb/v7e-m+dp/hard/libnosys.a
END GROUP
START GROUP
LOAD /home/dgoncas/st/stm32cubeide_1.6.1/plugins/com.st.stm32cube.ide.mcu.externaltools.gnu-tools-for-stm32.10.3-2021.10.linux64_1.0.100.202210260954/tools/bin/../lib/gcc/arm-none-eabi/10.3.1/thumb/v7e-m+dp/hard/libgcc.a
LOAD /home/dgoncas/st/stm32cubeide_1.6.1/plugins/com.st.stm32cube.ide.mcu.externaltools.gnu-tools-for-stm32.10.3-2021.10.linux64_1.0.100.202210260954/tools/bin/../lib/gcc/arm-none-eabi/10.3.1/../../../../arm-none-eabi/lib/thumb/v7e-m+dp/hard/libc_nano.a
LOAD /home/dgoncas/st/stm32cubeide_1.6.1/plugins/com.st.stm32cube.ide.mcu.externaltools.gnu-tools-for-stm32.10.3-2021.10.linux64_1.0.100.202210260954/tools/bin/../lib/gcc/arm-none-eabi/10.3.1/../../../../arm-none-eabi/lib/thumb/v7e-m+dp/hard/libnosys.a
END GROUP
LOAD /home/dgoncas/st/stm32cubeide_1.6.1/plugins/com.st.stm32cube.ide.mcu.externaltools.gnu-tools-for-stm32.10.3-2021.10.linux64_1.0.100.202210260954/tools/bin/../lib/gcc/arm-none-eabi/10.3.1/thumb/v7e-m+dp/hard/crtend.o
LOAD /home/dgoncas/st/stm32cubeide_1.6.1/plugins/com.st.stm32cube.ide.mcu.externaltools.gnu-tools-for-stm32.10.3-2021.10.linux64_1.0.100.202210260954/tools/bin/../lib/gcc/arm-none-eabi/10.3.1/thumb/v7e-m+dp/hard/crtn.o
                0x0000000024050000                _estack = (ORIGIN (RAM_D1) + LENGTH (RAM_D1))
                0x0000000000000200                _Min_Heap_Size = 0x200
                0x0000000000000400                _Min_Stack_Size = 0x400

.isr_vector     0x0000000008000000      0x2cc
                0x0000000008000000                . = ALIGN (0x4)
 *(.isr_vector)
 .isr_vector    0x0000000008000000      0x2cc ./Core/Startup/startup_stm32h723zgtx.o
                0x0000000008000000                g_pfnVectors
                0x00000000080002cc                . = ALIGN (0x4)

.text           0x00000000080002cc     0x3a0c
                0x00000000080002cc                . = ALIGN (0x4)
 *(.text)
 .text          0x00000000080002cc       0x40 /home/dgoncas/st/stm32cubeide_1.6.1/plugins/com.st.stm32cube.ide.mcu.externaltools.gnu-tools-for-stm32.10.3-2021.10.linux64_1.0.100.202210260954/tools/bin/../lib/gcc/arm-none-eabi/10.3.1/thumb/v7e-m+dp/hard/crtbegin.o
 *(.text*)
 .text.main     0x000000000800030c       0x12 ./Core/Src/main.o
                0x000000000800030c                main
 *fill*         0x000000000800031e        0x2 
 .text._Z18SystemClock_Configv
                0x0000000008000320      0x114 ./Core/Src/main.o
                0x0000000008000320                SystemClock_Config()
 .text._Z24PeriphCommonClock_Configv
                0x0000000008000434       0x62 ./Core/Src/main.o
                0x0000000008000434                PeriphCommonClock_Config()
 .text.Error_Handler
                0x0000000008000496        0xa ./Core/Src/main.o
                0x0000000008000496                Error_Handler
 .text.HAL_MspInit
                0x00000000080004a0       0x34 ./Core/Src/stm32h7xx_hal_msp.o
                0x00000000080004a0                HAL_MspInit
 .text.NMI_Handler
                0x00000000080004d4        0x6 ./Core/Src/stm32h7xx_it.o
                0x00000000080004d4                NMI_Handler
 .text.HardFault_Handler
                0x00000000080004da        0x6 ./Core/Src/stm32h7xx_it.o
                0x00000000080004da                HardFault_Handler
 .text.MemManage_Handler
                0x00000000080004e0        0x6 ./Core/Src/stm32h7xx_it.o
                0x00000000080004e0                MemManage_Handler
 .text.BusFault_Handler
                0x00000000080004e6        0x6 ./Core/Src/stm32h7xx_it.o
                0x00000000080004e6                BusFault_Handler
 .text.UsageFault_Handler
                0x00000000080004ec        0x6 ./Core/Src/stm32h7xx_it.o
                0x00000000080004ec                UsageFault_Handler
 .text.SVC_Handler
                0x00000000080004f2        0xe ./Core/Src/stm32h7xx_it.o
                0x00000000080004f2                SVC_Handler
 .text.DebugMon_Handler
                0x0000000008000500        0xe ./Core/Src/stm32h7xx_it.o
                0x0000000008000500                DebugMon_Handler
 .text.PendSV_Handler
                0x000000000800050e        0xe ./Core/Src/stm32h7xx_it.o
                0x000000000800050e                PendSV_Handler
 .text.SysTick_Handler
                0x000000000800051c        0xc ./Core/Src/stm32h7xx_it.o
                0x000000000800051c                SysTick_Handler
 .text.EXTI0_IRQHandler
                0x0000000008000528        0xe ./Core/Src/stm32h7xx_it.o
                0x0000000008000528                EXTI0_IRQHandler
 .text.EXTI1_IRQHandler
                0x0000000008000536        0xe ./Core/Src/stm32h7xx_it.o
                0x0000000008000536                EXTI1_IRQHandler
 .text.DMA1_Stream0_IRQHandler
                0x0000000008000544       0x14 ./Core/Src/stm32h7xx_it.o
                0x0000000008000544                DMA1_Stream0_IRQHandler
 .text.DMA1_Stream1_IRQHandler
                0x0000000008000558       0x14 ./Core/Src/stm32h7xx_it.o
                0x0000000008000558                DMA1_Stream1_IRQHandler
 .text.DMA1_Stream2_IRQHandler
                0x000000000800056c       0x14 ./Core/Src/stm32h7xx_it.o
                0x000000000800056c                DMA1_Stream2_IRQHandler
 .text.TIM2_IRQHandler
                0x0000000008000580       0x14 ./Core/Src/stm32h7xx_it.o
                0x0000000008000580                TIM2_IRQHandler
 .text.TIM5_IRQHandler
                0x0000000008000594       0x14 ./Core/Src/stm32h7xx_it.o
                0x0000000008000594                TIM5_IRQHandler
 .text.TIM6_DAC_IRQHandler
                0x00000000080005a8       0x14 ./Core/Src/stm32h7xx_it.o
                0x00000000080005a8                TIM6_DAC_IRQHandler
 .text.LPTIM1_IRQHandler
                0x00000000080005bc       0x14 ./Core/Src/stm32h7xx_it.o
                0x00000000080005bc                LPTIM1_IRQHandler
 .text.LPTIM2_IRQHandler
                0x00000000080005d0       0x14 ./Core/Src/stm32h7xx_it.o
                0x00000000080005d0                LPTIM2_IRQHandler
 .text.LPTIM3_IRQHandler
                0x00000000080005e4       0x14 ./Core/Src/stm32h7xx_it.o
                0x00000000080005e4                LPTIM3_IRQHandler
 .text.TIM24_IRQHandler
                0x00000000080005f8       0x14 ./Core/Src/stm32h7xx_it.o
                0x00000000080005f8                TIM24_IRQHandler
 .text.SystemInit
                0x000000000800060c       0xf0 ./Core/Src/system_stm32h7xx.o
                0x000000000800060c                SystemInit
 .text.Reset_Handler
                0x00000000080006fc       0x50 ./Core/Startup/startup_stm32h723zgtx.o
                0x00000000080006fc                Reset_Handler
 .text.Default_Handler
                0x000000000800074c        0x2 ./Core/Startup/startup_stm32h723zgtx.o
                0x000000000800074c                RTC_Alarm_IRQHandler
                0x000000000800074c                EXTI2_IRQHandler
                0x000000000800074c                TIM8_CC_IRQHandler
                0x000000000800074c                UART8_IRQHandler
                0x000000000800074c                SPI4_IRQHandler
                0x000000000800074c                FDCAN3_IT0_IRQHandler
                0x000000000800074c                TIM1_CC_IRQHandler
                0x000000000800074c                BDMA_Channel6_IRQHandler
                0x000000000800074c                DMA2_Stream5_IRQHandler
                0x000000000800074c                DMA1_Stream5_IRQHandler
                0x000000000800074c                CORDIC_IRQHandler
                0x000000000800074c                BDMA_Channel1_IRQHandler
                0x000000000800074c                TAMP_STAMP_IRQHandler
                0x000000000800074c                EXTI3_IRQHandler
                0x000000000800074c                LPTIM4_IRQHandler
                0x000000000800074c                TIM8_TRG_COM_TIM14_IRQHandler
                0x000000000800074c                DFSDM1_FLT1_IRQHandler
                0x000000000800074c                DMAMUX2_OVR_IRQHandler
                0x000000000800074c                TIM8_UP_TIM13_IRQHandler
                0x000000000800074c                I2C3_ER_IRQHandler
                0x000000000800074c                DFSDM1_FLT2_IRQHandler
                0x000000000800074c                I2C5_EV_IRQHandler
                0x000000000800074c                USART10_IRQHandler
                0x000000000800074c                MDMA_IRQHandler
                0x000000000800074c                HSEM1_IRQHandler
                0x000000000800074c                I2C2_EV_IRQHandler
                0x000000000800074c                FPU_IRQHandler
                0x000000000800074c                OTG_HS_WKUP_IRQHandler
                0x000000000800074c                FDCAN1_IT1_IRQHandler
                0x000000000800074c                LTDC_ER_IRQHandler
                0x000000000800074c                DMA2_Stream2_IRQHandler
                0x000000000800074c                SPI1_IRQHandler
                0x000000000800074c                OCTOSPI1_IRQHandler
                0x000000000800074c                DMA2_Stream3_IRQHandler
                0x000000000800074c                OCTOSPI2_IRQHandler
                0x000000000800074c                DFSDM1_FLT3_IRQHandler
                0x000000000800074c                TIM23_IRQHandler
                0x000000000800074c                USART6_IRQHandler
                0x000000000800074c                TIM17_IRQHandler
                0x000000000800074c                USART3_IRQHandler
                0x000000000800074c                BDMA_Channel7_IRQHandler
                0x000000000800074c                LPTIM5_IRQHandler
                0x000000000800074c                UART5_IRQHandler
                0x000000000800074c                ADC3_IRQHandler
                0x000000000800074c                DMA2_Stream0_IRQHandler
                0x000000000800074c                TIM4_IRQHandler
                0x000000000800074c                BDMA_Channel2_IRQHandler
                0x000000000800074c                I2C1_EV_IRQHandler
                0x000000000800074c                DMA1_Stream6_IRQHandler
                0x000000000800074c                DMAMUX1_OVR_IRQHandler
                0x000000000800074c                TIM16_IRQHandler
                0x000000000800074c                UART4_IRQHandler
                0x000000000800074c                BDMA_Channel5_IRQHandler
                0x000000000800074c                TIM3_IRQHandler
                0x000000000800074c                RCC_IRQHandler
                0x000000000800074c                UART9_IRQHandler
                0x000000000800074c                TIM8_BRK_TIM12_IRQHandler
                0x000000000800074c                TIM1_TRG_COM_IRQHandler
                0x000000000800074c                Default_Handler
                0x000000000800074c                ECC_IRQHandler
                0x000000000800074c                FMAC_IRQHandler
                0x000000000800074c                CEC_IRQHandler
                0x000000000800074c                EXTI15_10_IRQHandler
                0x000000000800074c                BDMA_Channel0_IRQHandler
                0x000000000800074c                ADC_IRQHandler
                0x000000000800074c                I2C5_ER_IRQHandler
                0x000000000800074c                DMA1_Stream7_IRQHandler
                0x000000000800074c                SPI5_IRQHandler
                0x000000000800074c                TIM7_IRQHandler
                0x000000000800074c                FDCAN3_IT1_IRQHandler
                0x000000000800074c                SDMMC1_IRQHandler
                0x000000000800074c                DMA2_Stream7_IRQHandler
                0x000000000800074c                TIM15_IRQHandler
                0x000000000800074c                PVD_AVD_IRQHandler
                0x000000000800074c                I2C3_EV_IRQHandler
                0x000000000800074c                EXTI9_5_IRQHandler
                0x000000000800074c                RTC_WKUP_IRQHandler
                0x000000000800074c                LTDC_IRQHandler
                0x000000000800074c                ETH_WKUP_IRQHandler
                0x000000000800074c                SPDIF_RX_IRQHandler
                0x000000000800074c                SPI2_IRQHandler
                0x000000000800074c                OTG_HS_EP1_IN_IRQHandler
                0x000000000800074c                CRS_IRQHandler
                0x000000000800074c                EXTI4_IRQHandler
                0x000000000800074c                RNG_IRQHandler
                0x000000000800074c                FDCAN2_IT1_IRQHandler
                0x000000000800074c                ETH_IRQHandler
                0x000000000800074c                TIM1_UP_IRQHandler
                0x000000000800074c                BDMA_Channel4_IRQHandler
                0x000000000800074c                OTG_HS_EP1_OUT_IRQHandler
                0x000000000800074c                WWDG_IRQHandler
                0x000000000800074c                SPI6_IRQHandler
                0x000000000800074c                MDIOS_IRQHandler
                0x000000000800074c                I2C4_EV_IRQHandler
                0x000000000800074c                FDCAN2_IT0_IRQHandler
                0x000000000800074c                LPUART1_IRQHandler
                0x000000000800074c                FDCAN1_IT0_IRQHandler
                0x000000000800074c                OTG_HS_IRQHandler
                0x000000000800074c                DMA2D_IRQHandler
                0x000000000800074c                TIM1_BRK_IRQHandler
                0x000000000800074c                SDMMC2_IRQHandler
                0x000000000800074c                BDMA_Channel3_IRQHandler
                0x000000000800074c                DTS_IRQHandler
                0x000000000800074c                UART7_IRQHandler
                0x000000000800074c                MDIOS_WKUP_IRQHandler
                0x000000000800074c                USART2_IRQHandler
                0x000000000800074c                DFSDM1_FLT0_IRQHandler
                0x000000000800074c                SAI4_IRQHandler
                0x000000000800074c                I2C2_ER_IRQHandler
                0x000000000800074c                DMA2_Stream1_IRQHandler
                0x000000000800074c                FLASH_IRQHandler
                0x000000000800074c                DMA2_Stream4_IRQHandler
                0x000000000800074c                USART1_IRQHandler
                0x000000000800074c                SPI3_IRQHandler
                0x000000000800074c                WAKEUP_PIN_IRQHandler
                0x000000000800074c                DMA1_Stream4_IRQHandler
                0x000000000800074c                I2C1_ER_IRQHandler
                0x000000000800074c                FMC_IRQHandler
                0x000000000800074c                FDCAN_CAL_IRQHandler
                0x000000000800074c                SWPMI1_IRQHandler
                0x000000000800074c                COMP1_IRQHandler
                0x000000000800074c                DCMI_PSSI_IRQHandler
                0x000000000800074c                I2C4_ER_IRQHandler
                0x000000000800074c                DMA2_Stream6_IRQHandler
                0x000000000800074c                SAI1_IRQHandler
                0x000000000800074c                DMA1_Stream3_IRQHandler
 *fill*         0x000000000800074e        0x2 
 .text.HAL_Init
                0x0000000008000750       0x78 ./Drivers/STM32H7xx_HAL_Driver/Src/stm32h7xx_hal.o
                0x0000000008000750                HAL_Init
 .text.HAL_InitTick
                0x00000000080007c8       0x6c ./Drivers/STM32H7xx_HAL_Driver/Src/stm32h7xx_hal.o
                0x00000000080007c8                HAL_InitTick
 .text.HAL_IncTick
                0x0000000008000834       0x28 ./Drivers/STM32H7xx_HAL_Driver/Src/stm32h7xx_hal.o
                0x0000000008000834                HAL_IncTick
 .text.HAL_GetTick
                0x000000000800085c       0x18 ./Drivers/STM32H7xx_HAL_Driver/Src/stm32h7xx_hal.o
                0x000000000800085c                HAL_GetTick
 .text.__NVIC_SetPriorityGrouping
                0x0000000008000874       0x48 ./Drivers/STM32H7xx_HAL_Driver/Src/stm32h7xx_hal_cortex.o
 .text.__NVIC_GetPriorityGrouping
                0x00000000080008bc       0x1c ./Drivers/STM32H7xx_HAL_Driver/Src/stm32h7xx_hal_cortex.o
 .text.__NVIC_SetPriority
                0x00000000080008d8       0x54 ./Drivers/STM32H7xx_HAL_Driver/Src/stm32h7xx_hal_cortex.o
 .text.NVIC_EncodePriority
                0x000000000800092c       0x66 ./Drivers/STM32H7xx_HAL_Driver/Src/stm32h7xx_hal_cortex.o
 *fill*         0x0000000008000992        0x2 
 .text.SysTick_Config
                0x0000000008000994       0x44 ./Drivers/STM32H7xx_HAL_Driver/Src/stm32h7xx_hal_cortex.o
 .text.HAL_NVIC_SetPriorityGrouping
                0x00000000080009d8       0x16 ./Drivers/STM32H7xx_HAL_Driver/Src/stm32h7xx_hal_cortex.o
                0x00000000080009d8                HAL_NVIC_SetPriorityGrouping
 .text.HAL_NVIC_SetPriority
                0x00000000080009ee       0x34 ./Drivers/STM32H7xx_HAL_Driver/Src/stm32h7xx_hal_cortex.o
                0x00000000080009ee                HAL_NVIC_SetPriority
 .text.HAL_SYSTICK_Config
                0x0000000008000a22       0x18 ./Drivers/STM32H7xx_HAL_Driver/Src/stm32h7xx_hal_cortex.o
                0x0000000008000a22                HAL_SYSTICK_Config
 *fill*         0x0000000008000a3a        0x2 
 .text.HAL_DMA_IRQHandler
                0x0000000008000a3c      0xe54 ./Drivers/STM32H7xx_HAL_Driver/Src/stm32h7xx_hal_dma.o
                0x0000000008000a3c                HAL_DMA_IRQHandler
 .text.HAL_GPIO_EXTI_IRQHandler
                0x0000000008001890       0x34 ./Drivers/STM32H7xx_HAL_Driver/Src/stm32h7xx_hal_gpio.o
                0x0000000008001890                HAL_GPIO_EXTI_IRQHandler
 .text.HAL_GPIO_EXTI_Callback
                0x00000000080018c4       0x16 ./Drivers/STM32H7xx_HAL_Driver/Src/stm32h7xx_hal_gpio.o
                0x00000000080018c4                HAL_GPIO_EXTI_Callback
 .text.HAL_LPTIM_IRQHandler
                0x00000000080018da      0x136 ./Drivers/STM32H7xx_HAL_Driver/Src/stm32h7xx_hal_lptim.o
                0x00000000080018da                HAL_LPTIM_IRQHandler
 .text.HAL_LPTIM_CompareMatchCallback
                0x0000000008001a10       0x14 ./Drivers/STM32H7xx_HAL_Driver/Src/stm32h7xx_hal_lptim.o
                0x0000000008001a10                HAL_LPTIM_CompareMatchCallback
 .text.HAL_LPTIM_AutoReloadMatchCallback
                0x0000000008001a24       0x14 ./Drivers/STM32H7xx_HAL_Driver/Src/stm32h7xx_hal_lptim.o
                0x0000000008001a24                HAL_LPTIM_AutoReloadMatchCallback
 .text.HAL_LPTIM_TriggerCallback
                0x0000000008001a38       0x14 ./Drivers/STM32H7xx_HAL_Driver/Src/stm32h7xx_hal_lptim.o
                0x0000000008001a38                HAL_LPTIM_TriggerCallback
 .text.HAL_LPTIM_CompareWriteCallback
                0x0000000008001a4c       0x14 ./Drivers/STM32H7xx_HAL_Driver/Src/stm32h7xx_hal_lptim.o
                0x0000000008001a4c                HAL_LPTIM_CompareWriteCallback
 .text.HAL_LPTIM_AutoReloadWriteCallback
                0x0000000008001a60       0x14 ./Drivers/STM32H7xx_HAL_Driver/Src/stm32h7xx_hal_lptim.o
                0x0000000008001a60                HAL_LPTIM_AutoReloadWriteCallback
 .text.HAL_LPTIM_DirectionUpCallback
                0x0000000008001a74       0x14 ./Drivers/STM32H7xx_HAL_Driver/Src/stm32h7xx_hal_lptim.o
                0x0000000008001a74                HAL_LPTIM_DirectionUpCallback
 .text.HAL_LPTIM_DirectionDownCallback
                0x0000000008001a88       0x14 ./Drivers/STM32H7xx_HAL_Driver/Src/stm32h7xx_hal_lptim.o
                0x0000000008001a88                HAL_LPTIM_DirectionDownCallback
 .text.HAL_PWREx_ConfigSupply
                0x0000000008001a9c       0x74 ./Drivers/STM32H7xx_HAL_Driver/Src/stm32h7xx_hal_pwr_ex.o
                0x0000000008001a9c                HAL_PWREx_ConfigSupply
 .text.HAL_RCC_OscConfig
                0x0000000008001b10      0x75c ./Drivers/STM32H7xx_HAL_Driver/Src/stm32h7xx_hal_rcc.o
                0x0000000008001b10                HAL_RCC_OscConfig
 .text.HAL_RCC_ClockConfig
                0x000000000800226c      0x36c ./Drivers/STM32H7xx_HAL_Driver/Src/stm32h7xx_hal_rcc.o
                0x000000000800226c                HAL_RCC_ClockConfig
 .text.HAL_RCC_GetSysClockFreq
                0x00000000080025d8      0x2f4 ./Drivers/STM32H7xx_HAL_Driver/Src/stm32h7xx_hal_rcc.o
                0x00000000080025d8                HAL_RCC_GetSysClockFreq
 .text.HAL_RCCEx_PeriphCLKConfig
                0x00000000080028cc      0xdf4 ./Drivers/STM32H7xx_HAL_Driver/Src/stm32h7xx_hal_rcc_ex.o
                0x00000000080028cc                HAL_RCCEx_PeriphCLKConfig
 .text.RCCEx_PLL2_Config
                0x00000000080036c0      0x164 ./Drivers/STM32H7xx_HAL_Driver/Src/stm32h7xx_hal_rcc_ex.o
 .text.RCCEx_PLL3_Config
                0x0000000008003824      0x164 ./Drivers/STM32H7xx_HAL_Driver/Src/stm32h7xx_hal_rcc_ex.o
 .text.HAL_TIM_IRQHandler
                0x0000000008003988      0x23e ./Drivers/STM32H7xx_HAL_Driver/Src/stm32h7xx_hal_tim.o
                0x0000000008003988                HAL_TIM_IRQHandler
 .text.HAL_TIM_PeriodElapsedCallback
                0x0000000008003bc6       0x14 ./Drivers/STM32H7xx_HAL_Driver/Src/stm32h7xx_hal_tim.o
                0x0000000008003bc6                HAL_TIM_PeriodElapsedCallback
 .text.HAL_TIM_OC_DelayElapsedCallback
                0x0000000008003bda       0x14 ./Drivers/STM32H7xx_HAL_Driver/Src/stm32h7xx_hal_tim.o
                0x0000000008003bda                HAL_TIM_OC_DelayElapsedCallback
 .text.HAL_TIM_IC_CaptureCallback
                0x0000000008003bee       0x14 ./Drivers/STM32H7xx_HAL_Driver/Src/stm32h7xx_hal_tim.o
                0x0000000008003bee                HAL_TIM_IC_CaptureCallback
 .text.HAL_TIM_PWM_PulseFinishedCallback
                0x0000000008003c02       0x14 ./Drivers/STM32H7xx_HAL_Driver/Src/stm32h7xx_hal_tim.o
                0x0000000008003c02                HAL_TIM_PWM_PulseFinishedCallback
 .text.HAL_TIM_TriggerCallback
                0x0000000008003c16       0x14 ./Drivers/STM32H7xx_HAL_Driver/Src/stm32h7xx_hal_tim.o
                0x0000000008003c16                HAL_TIM_TriggerCallback
 .text.HAL_TIMEx_CommutCallback
                0x0000000008003c2a       0x14 ./Drivers/STM32H7xx_HAL_Driver/Src/stm32h7xx_hal_tim_ex.o
                0x0000000008003c2a                HAL_TIMEx_CommutCallback
 .text.HAL_TIMEx_BreakCallback
                0x0000000008003c3e       0x14 ./Drivers/STM32H7xx_HAL_Driver/Src/stm32h7xx_hal_tim_ex.o
                0x0000000008003c3e                HAL_TIMEx_BreakCallback
 .text.HAL_TIMEx_Break2Callback
                0x0000000008003c52       0x14 ./Drivers/STM32H7xx_HAL_Driver/Src/stm32h7xx_hal_tim_ex.o
                0x0000000008003c52                HAL_TIMEx_Break2Callback
 *fill*         0x0000000008003c66        0x2 
 .text.__libc_init_array
                0x0000000008003c68       0x48 /home/dgoncas/st/stm32cubeide_1.6.1/plugins/com.st.stm32cube.ide.mcu.externaltools.gnu-tools-for-stm32.10.3-2021.10.linux64_1.0.100.202210260954/tools/bin/../lib/gcc/arm-none-eabi/10.3.1/../../../../arm-none-eabi/lib/thumb/v7e-m+dp/hard/libc_nano.a(lib_a-init.o)
                0x0000000008003c68                __libc_init_array
 .text.memset   0x0000000008003cb0       0x10 /home/dgoncas/st/stm32cubeide_1.6.1/plugins/com.st.stm32cube.ide.mcu.externaltools.gnu-tools-for-stm32.10.3-2021.10.linux64_1.0.100.202210260954/tools/bin/../lib/gcc/arm-none-eabi/10.3.1/../../../../arm-none-eabi/lib/thumb/v7e-m+dp/hard/libc_nano.a(lib_a-memset.o)
                0x0000000008003cb0                memset
 *(.glue_7)
 .glue_7        0x0000000008003cc0        0x0 linker stubs
 *(.glue_7t)
 .glue_7t       0x0000000008003cc0        0x0 linker stubs
 *(.eh_frame)
 .eh_frame      0x0000000008003cc0        0x0 /home/dgoncas/st/stm32cubeide_1.6.1/plugins/com.st.stm32cube.ide.mcu.externaltools.gnu-tools-for-stm32.10.3-2021.10.linux64_1.0.100.202210260954/tools/bin/../lib/gcc/arm-none-eabi/10.3.1/thumb/v7e-m+dp/hard/crtbegin.o
 *(.init)
 .init          0x0000000008003cc0        0x4 /home/dgoncas/st/stm32cubeide_1.6.1/plugins/com.st.stm32cube.ide.mcu.externaltools.gnu-tools-for-stm32.10.3-2021.10.linux64_1.0.100.202210260954/tools/bin/../lib/gcc/arm-none-eabi/10.3.1/thumb/v7e-m+dp/hard/crti.o
                0x0000000008003cc0                _init
 .init          0x0000000008003cc4        0x8 /home/dgoncas/st/stm32cubeide_1.6.1/plugins/com.st.stm32cube.ide.mcu.externaltools.gnu-tools-for-stm32.10.3-2021.10.linux64_1.0.100.202210260954/tools/bin/../lib/gcc/arm-none-eabi/10.3.1/thumb/v7e-m+dp/hard/crtn.o
 *(.fini)
 .fini          0x0000000008003ccc        0x4 /home/dgoncas/st/stm32cubeide_1.6.1/plugins/com.st.stm32cube.ide.mcu.externaltools.gnu-tools-for-stm32.10.3-2021.10.linux64_1.0.100.202210260954/tools/bin/../lib/gcc/arm-none-eabi/10.3.1/thumb/v7e-m+dp/hard/crti.o
                0x0000000008003ccc                _fini
 .fini          0x0000000008003cd0        0x8 /home/dgoncas/st/stm32cubeide_1.6.1/plugins/com.st.stm32cube.ide.mcu.externaltools.gnu-tools-for-stm32.10.3-2021.10.linux64_1.0.100.202210260954/tools/bin/../lib/gcc/arm-none-eabi/10.3.1/thumb/v7e-m+dp/hard/crtn.o
                0x0000000008003cd8                . = ALIGN (0x4)
                0x0000000008003cd8                _etext = .

.vfp11_veneer   0x0000000008003cd8        0x0
 .vfp11_veneer  0x0000000008003cd8        0x0 linker stubs

.v4_bx          0x0000000008003cd8        0x0
 .v4_bx         0x0000000008003cd8        0x0 linker stubs

.iplt           0x0000000008003cd8        0x0
 .iplt          0x0000000008003cd8        0x0 /home/dgoncas/st/stm32cubeide_1.6.1/plugins/com.st.stm32cube.ide.mcu.externaltools.gnu-tools-for-stm32.10.3-2021.10.linux64_1.0.100.202210260954/tools/bin/../lib/gcc/arm-none-eabi/10.3.1/thumb/v7e-m+dp/hard/crtbegin.o

.rodata         0x0000000008003cd8       0x10
                0x0000000008003cd8                . = ALIGN (0x4)
 *(.rodata)
 *(.rodata*)
 .rodata.D1CorePrescTable
                0x0000000008003cd8       0x10 ./Core/Src/system_stm32h7xx.o
                0x0000000008003cd8                D1CorePrescTable
                0x0000000008003ce8                . = ALIGN (0x4)

.rel.dyn        0x0000000008003ce8        0x0
 .rel.iplt      0x0000000008003ce8        0x0 /home/dgoncas/st/stm32cubeide_1.6.1/plugins/com.st.stm32cube.ide.mcu.externaltools.gnu-tools-for-stm32.10.3-2021.10.linux64_1.0.100.202210260954/tools/bin/../lib/gcc/arm-none-eabi/10.3.1/thumb/v7e-m+dp/hard/crtbegin.o

.ARM.extab
 *(.ARM.extab* .gnu.linkonce.armextab.*)

.ARM            0x0000000008003ce8        0x0
                0x0000000008003ce8                __exidx_start = .
 *(.ARM.exidx*)
                0x0000000008003ce8                __exidx_end = .

.preinit_array  0x0000000008003ce8        0x0
                0x0000000008003ce8                PROVIDE (__preinit_array_start = .)
 *(.preinit_array*)
                0x0000000008003ce8                PROVIDE (__preinit_array_end = .)

.init_array     0x0000000008003ce8        0x4
                0x0000000008003ce8                PROVIDE (__init_array_start = .)
 *(SORT_BY_NAME(.init_array.*))
 *(.init_array*)
 .init_array    0x0000000008003ce8        0x4 /home/dgoncas/st/stm32cubeide_1.6.1/plugins/com.st.stm32cube.ide.mcu.externaltools.gnu-tools-for-stm32.10.3-2021.10.linux64_1.0.100.202210260954/tools/bin/../lib/gcc/arm-none-eabi/10.3.1/thumb/v7e-m+dp/hard/crtbegin.o
                0x0000000008003cec                PROVIDE (__init_array_end = .)

.fini_array     0x0000000008003cec        0x4
                [!provide]                        PROVIDE (__fini_array_start = .)
 *(SORT_BY_NAME(.fini_array.*))
 *(.fini_array*)
 .fini_array    0x0000000008003cec        0x4 /home/dgoncas/st/stm32cubeide_1.6.1/plugins/com.st.stm32cube.ide.mcu.externaltools.gnu-tools-for-stm32.10.3-2021.10.linux64_1.0.100.202210260954/tools/bin/../lib/gcc/arm-none-eabi/10.3.1/thumb/v7e-m+dp/hard/crtbegin.o
                [!provide]                        PROVIDE (__fini_array_end = .)
                0x0000000008003cf0                _sidata = LOADADDR (.data)

.data           0x0000000024000000       0x10 load address 0x0000000008003cf0
                0x0000000024000000                . = ALIGN (0x4)
                0x0000000024000000                _sdata = .
 *(.data)
 *(.data*)
 .data.SystemCoreClock
                0x0000000024000000        0x4 ./Core/Src/system_stm32h7xx.o
                0x0000000024000000                SystemCoreClock
 .data.SystemD2Clock
                0x0000000024000004        0x4 ./Core/Src/system_stm32h7xx.o
                0x0000000024000004                SystemD2Clock
 .data.uwTickPrio
                0x0000000024000008        0x4 ./Drivers/STM32H7xx_HAL_Driver/Src/stm32h7xx_hal.o
                0x0000000024000008                uwTickPrio
 .data.uwTickFreq
                0x000000002400000c        0x1 ./Drivers/STM32H7xx_HAL_Driver/Src/stm32h7xx_hal.o
                0x000000002400000c                uwTickFreq
 *(.RamFunc)
 *(.RamFunc*)
                0x0000000024000010                . = ALIGN (0x4)
 *fill*         0x000000002400000d        0x3 
                0x0000000024000010                _edata = .

.igot.plt       0x0000000024000010        0x0 load address 0x0000000008003d00
 .igot.plt      0x0000000024000010        0x0 /home/dgoncas/st/stm32cubeide_1.6.1/plugins/com.st.stm32cube.ide.mcu.externaltools.gnu-tools-for-stm32.10.3-2021.10.linux64_1.0.100.202210260954/tools/bin/../lib/gcc/arm-none-eabi/10.3.1/thumb/v7e-m+dp/hard/crtbegin.o
                0x0000000024000010                . = ALIGN (0x4)

.bss            0x0000000024000010      0x360 load address 0x0000000008003d00
                0x0000000024000010                _sbss = .
                0x0000000024000010                __bss_start__ = _sbss
 *(.bss)
 .bss           0x0000000024000010       0x1c /home/dgoncas/st/stm32cubeide_1.6.1/plugins/com.st.stm32cube.ide.mcu.externaltools.gnu-tools-for-stm32.10.3-2021.10.linux64_1.0.100.202210260954/tools/bin/../lib/gcc/arm-none-eabi/10.3.1/thumb/v7e-m+dp/hard/crtbegin.o
 *(.bss*)
 .bss.hdma_adc1
                0x000000002400002c       0x78 ./Core/Src/main.o
                0x000000002400002c                hdma_adc1
 .bss.hdma_adc2
                0x00000000240000a4       0x78 ./Core/Src/main.o
                0x00000000240000a4                hdma_adc2
 .bss.hdma_adc3
                0x000000002400011c       0x78 ./Core/Src/main.o
                0x000000002400011c                hdma_adc3
 .bss.hlptim1   0x0000000024000194       0x38 ./Core/Src/main.o
                0x0000000024000194                hlptim1
 .bss.hlptim2   0x00000000240001cc       0x38 ./Core/Src/main.o
                0x00000000240001cc                hlptim2
 .bss.hlptim3   0x0000000024000204       0x38 ./Core/Src/main.o
                0x0000000024000204                hlptim3
 .bss.htim2     0x000000002400023c       0x4c ./Core/Src/main.o
                0x000000002400023c                htim2
 .bss.htim5     0x0000000024000288       0x4c ./Core/Src/main.o
                0x0000000024000288                htim5
 .bss.htim6     0x00000000240002d4       0x4c ./Core/Src/main.o
                0x00000000240002d4                htim6
 .bss.htim24    0x0000000024000320       0x4c ./Core/Src/main.o
                0x0000000024000320                htim24
 .bss.uwTick    0x000000002400036c        0x4 ./Drivers/STM32H7xx_HAL_Driver/Src/stm32h7xx_hal.o
                0x000000002400036c                uwTick
 *(COMMON)
                0x0000000024000370                . = ALIGN (0x4)
                0x0000000024000370                _ebss = .
                0x0000000024000370                __bss_end__ = _ebss

._user_heap_stack
                0x0000000024000370      0x600 load address 0x0000000008003d00
                0x0000000024000370                . = ALIGN (0x8)
                [!provide]                        PROVIDE (end = .)
                0x0000000024000370                PROVIDE (_end = .)
                0x0000000024000570                . = (. + _Min_Heap_Size)
 *fill*         0x0000000024000370      0x200 
                0x0000000024000970                . = (. + _Min_Stack_Size)
 *fill*         0x0000000024000570      0x400 
                0x0000000024000970                . = ALIGN (0x8)

/DISCARD/
 libc.a(*)
 libm.a(*)
 libgcc.a(*)

.ARM.attributes
                0x0000000000000000       0x2e
 *(.ARM.attributes)
 .ARM.attributes
                0x0000000000000000       0x1e /home/dgoncas/st/stm32cubeide_1.6.1/plugins/com.st.stm32cube.ide.mcu.externaltools.gnu-tools-for-stm32.10.3-2021.10.linux64_1.0.100.202210260954/tools/bin/../lib/gcc/arm-none-eabi/10.3.1/thumb/v7e-m+dp/hard/crti.o
 .ARM.attributes
                0x000000000000001e       0x32 /home/dgoncas/st/stm32cubeide_1.6.1/plugins/com.st.stm32cube.ide.mcu.externaltools.gnu-tools-for-stm32.10.3-2021.10.linux64_1.0.100.202210260954/tools/bin/../lib/gcc/arm-none-eabi/10.3.1/thumb/v7e-m+dp/hard/crtbegin.o
 .ARM.attributes
                0x0000000000000050       0x32 ./Core/Src/main.o
 .ARM.attributes
                0x0000000000000082       0x32 ./Core/Src/stm32h7xx_hal_msp.o
 .ARM.attributes
                0x00000000000000b4       0x32 ./Core/Src/stm32h7xx_it.o
 .ARM.attributes
                0x00000000000000e6       0x32 ./Core/Src/system_stm32h7xx.o
 .ARM.attributes
                0x0000000000000118       0x21 ./Core/Startup/startup_stm32h723zgtx.o
 .ARM.attributes
                0x0000000000000139       0x32 ./Drivers/STM32H7xx_HAL_Driver/Src/stm32h7xx_hal.o
 .ARM.attributes
                0x000000000000016b       0x32 ./Drivers/STM32H7xx_HAL_Driver/Src/stm32h7xx_hal_cortex.o
 .ARM.attributes
                0x000000000000019d       0x32 ./Drivers/STM32H7xx_HAL_Driver/Src/stm32h7xx_hal_dma.o
 .ARM.attributes
                0x00000000000001cf       0x32 ./Drivers/STM32H7xx_HAL_Driver/Src/stm32h7xx_hal_gpio.o
 .ARM.attributes
                0x0000000000000201       0x32 ./Drivers/STM32H7xx_HAL_Driver/Src/stm32h7xx_hal_lptim.o
 .ARM.attributes
                0x0000000000000233       0x32 ./Drivers/STM32H7xx_HAL_Driver/Src/stm32h7xx_hal_pwr_ex.o
 .ARM.attributes
                0x0000000000000265       0x32 ./Drivers/STM32H7xx_HAL_Driver/Src/stm32h7xx_hal_rcc.o
 .ARM.attributes
                0x0000000000000297       0x32 ./Drivers/STM32H7xx_HAL_Driver/Src/stm32h7xx_hal_rcc_ex.o
 .ARM.attributes
                0x00000000000002c9       0x32 ./Drivers/STM32H7xx_HAL_Driver/Src/stm32h7xx_hal_tim.o
 .ARM.attributes
                0x00000000000002fb       0x32 ./Drivers/STM32H7xx_HAL_Driver/Src/stm32h7xx_hal_tim_ex.o
 .ARM.attributes
                0x000000000000032d       0x32 /home/dgoncas/st/stm32cubeide_1.6.1/plugins/com.st.stm32cube.ide.mcu.externaltools.gnu-tools-for-stm32.10.3-2021.10.linux64_1.0.100.202210260954/tools/bin/../lib/gcc/arm-none-eabi/10.3.1/../../../../arm-none-eabi/lib/thumb/v7e-m+dp/hard/libc_nano.a(lib_a-init.o)
 .ARM.attributes
                0x000000000000035f       0x32 /home/dgoncas/st/stm32cubeide_1.6.1/plugins/com.st.stm32cube.ide.mcu.externaltools.gnu-tools-for-stm32.10.3-2021.10.linux64_1.0.100.202210260954/tools/bin/../lib/gcc/arm-none-eabi/10.3.1/../../../../arm-none-eabi/lib/thumb/v7e-m+dp/hard/libc_nano.a(lib_a-memset.o)
 .ARM.attributes
                0x0000000000000391       0x1e /home/dgoncas/st/stm32cubeide_1.6.1/plugins/com.st.stm32cube.ide.mcu.externaltools.gnu-tools-for-stm32.10.3-2021.10.linux64_1.0.100.202210260954/tools/bin/../lib/gcc/arm-none-eabi/10.3.1/thumb/v7e-m+dp/hard/crtn.o
OUTPUT(template-project.elf elf32-littlearm)
LOAD linker stubs
LOAD /home/dgoncas/st/stm32cubeide_1.6.1/plugins/com.st.stm32cube.ide.mcu.externaltools.gnu-tools-for-stm32.10.3-2021.10.linux64_1.0.100.202210260954/tools/bin/../lib/gcc/arm-none-eabi/10.3.1/../../../../arm-none-eabi/lib/thumb/v7e-m+dp/hard/libc.a
LOAD /home/dgoncas/st/stm32cubeide_1.6.1/plugins/com.st.stm32cube.ide.mcu.externaltools.gnu-tools-for-stm32.10.3-2021.10.linux64_1.0.100.202210260954/tools/bin/../lib/gcc/arm-none-eabi/10.3.1/../../../../arm-none-eabi/lib/thumb/v7e-m+dp/hard/libm.a
LOAD /home/dgoncas/st/stm32cubeide_1.6.1/plugins/com.st.stm32cube.ide.mcu.externaltools.gnu-tools-for-stm32.10.3-2021.10.linux64_1.0.100.202210260954/tools/bin/../lib/gcc/arm-none-eabi/10.3.1/thumb/v7e-m+dp/hard/libgcc.a

.debug_info     0x0000000000000000    0x171bf
 .debug_info    0x0000000000000000     0x546e ./Core/Src/main.o
 .debug_info    0x000000000000546e     0x3b8b ./Core/Src/stm32h7xx_hal_msp.o
 .debug_info    0x0000000000008ff9      0xc82 ./Core/Src/stm32h7xx_it.o
 .debug_info    0x0000000000009c7b      0xb45 ./Core/Src/system_stm32h7xx.o
 .debug_info    0x000000000000a7c0       0x22 ./Core/Startup/startup_stm32h723zgtx.o
 .debug_info    0x000000000000a7e2     0x1746 ./Drivers/STM32H7xx_HAL_Driver/Src/stm32h7xx_hal.o
 .debug_info    0x000000000000bf28     0x1161 ./Drivers/STM32H7xx_HAL_Driver/Src/stm32h7xx_hal_cortex.o
 .debug_info    0x000000000000d089      0xc06 ./Drivers/STM32H7xx_HAL_Driver/Src/stm32h7xx_hal_dma.o
 .debug_info    0x000000000000dc8f      0xd37 ./Drivers/STM32H7xx_HAL_Driver/Src/stm32h7xx_hal_gpio.o
 .debug_info    0x000000000000e9c6     0x10ff ./Drivers/STM32H7xx_HAL_Driver/Src/stm32h7xx_hal_lptim.o
 .debug_info    0x000000000000fac5      0xe71 ./Drivers/STM32H7xx_HAL_Driver/Src/stm32h7xx_hal_pwr_ex.o
 .debug_info    0x0000000000010936      0xe4a ./Drivers/STM32H7xx_HAL_Driver/Src/stm32h7xx_hal_rcc.o
 .debug_info    0x0000000000011780     0x1299 ./Drivers/STM32H7xx_HAL_Driver/Src/stm32h7xx_hal_rcc_ex.o
 .debug_info    0x0000000000012a19     0x2dd1 ./Drivers/STM32H7xx_HAL_Driver/Src/stm32h7xx_hal_tim.o
 .debug_info    0x00000000000157ea     0x19d5 ./Drivers/STM32H7xx_HAL_Driver/Src/stm32h7xx_hal_tim_ex.o

.debug_abbrev   0x0000000000000000     0x2440
 .debug_abbrev  0x0000000000000000      0x61d ./Core/Src/main.o
 .debug_abbrev  0x000000000000061d      0x283 ./Core/Src/stm32h7xx_hal_msp.o
 .debug_abbrev  0x00000000000008a0      0x19e ./Core/Src/stm32h7xx_it.o
 .debug_abbrev  0x0000000000000a3e      0x136 ./Core/Src/system_stm32h7xx.o
 .debug_abbrev  0x0000000000000b74       0x12 ./Core/Startup/startup_stm32h723zgtx.o
 .debug_abbrev  0x0000000000000b86      0x292 ./Drivers/STM32H7xx_HAL_Driver/Src/stm32h7xx_hal.o
 .debug_abbrev  0x0000000000000e18      0x329 ./Drivers/STM32H7xx_HAL_Driver/Src/stm32h7xx_hal_cortex.o
 .debug_abbrev  0x0000000000001141      0x239 ./Drivers/STM32H7xx_HAL_Driver/Src/stm32h7xx_hal_dma.o
 .debug_abbrev  0x000000000000137a      0x1ec ./Drivers/STM32H7xx_HAL_Driver/Src/stm32h7xx_hal_gpio.o
 .debug_abbrev  0x0000000000001566      0x282 ./Drivers/STM32H7xx_HAL_Driver/Src/stm32h7xx_hal_lptim.o
 .debug_abbrev  0x00000000000017e8      0x27e ./Drivers/STM32H7xx_HAL_Driver/Src/stm32h7xx_hal_pwr_ex.o
 .debug_abbrev  0x0000000000001a66      0x2a7 ./Drivers/STM32H7xx_HAL_Driver/Src/stm32h7xx_hal_rcc.o
 .debug_abbrev  0x0000000000001d0d      0x25c ./Drivers/STM32H7xx_HAL_Driver/Src/stm32h7xx_hal_rcc_ex.o
 .debug_abbrev  0x0000000000001f69      0x25d ./Drivers/STM32H7xx_HAL_Driver/Src/stm32h7xx_hal_tim.o
 .debug_abbrev  0x00000000000021c6      0x27a ./Drivers/STM32H7xx_HAL_Driver/Src/stm32h7xx_hal_tim_ex.o

.debug_aranges  0x0000000000000000      0xfc0
 .debug_aranges
                0x0000000000000000       0x40 ./Core/Src/main.o
 .debug_aranges
                0x0000000000000040       0xe8 ./Core/Src/stm32h7xx_hal_msp.o
 .debug_aranges
                0x0000000000000128       0xc0 ./Core/Src/stm32h7xx_it.o
 .debug_aranges
                0x00000000000001e8       0x28 ./Core/Src/system_stm32h7xx.o
 .debug_aranges
                0x0000000000000210       0x28 ./Core/Startup/startup_stm32h723zgtx.o
 .debug_aranges
                0x0000000000000238      0x1c8 ./Drivers/STM32H7xx_HAL_Driver/Src/stm32h7xx_hal.o
 .debug_aranges
                0x0000000000000400      0x120 ./Drivers/STM32H7xx_HAL_Driver/Src/stm32h7xx_hal_cortex.o
 .debug_aranges
                0x0000000000000520       0xa0 ./Drivers/STM32H7xx_HAL_Driver/Src/stm32h7xx_hal_dma.o
 .debug_aranges
                0x00000000000005c0       0x58 ./Drivers/STM32H7xx_HAL_Driver/Src/stm32h7xx_hal_gpio.o
 .debug_aranges
                0x0000000000000618      0x168 ./Drivers/STM32H7xx_HAL_Driver/Src/stm32h7xx_hal_lptim.o
 .debug_aranges
                0x0000000000000780      0x148 ./Drivers/STM32H7xx_HAL_Driver/Src/stm32h7xx_hal_pwr_ex.o
 .debug_aranges
                0x00000000000008c8       0x88 ./Drivers/STM32H7xx_HAL_Driver/Src/stm32h7xx_hal_rcc.o
 .debug_aranges
                0x0000000000000950       0xf8 ./Drivers/STM32H7xx_HAL_Driver/Src/stm32h7xx_hal_rcc_ex.o
 .debug_aranges
                0x0000000000000a48      0x3e0 ./Drivers/STM32H7xx_HAL_Driver/Src/stm32h7xx_hal_tim.o
 .debug_aranges
                0x0000000000000e28      0x198 ./Drivers/STM32H7xx_HAL_Driver/Src/stm32h7xx_hal_tim_ex.o

.debug_ranges   0x0000000000000000      0xed8
 .debug_ranges  0x0000000000000000       0x30 ./Core/Src/main.o
 .debug_ranges  0x0000000000000030       0xd8 ./Core/Src/stm32h7xx_hal_msp.o
 .debug_ranges  0x0000000000000108       0xb0 ./Core/Src/stm32h7xx_it.o
 .debug_ranges  0x00000000000001b8       0x18 ./Core/Src/system_stm32h7xx.o
 .debug_ranges  0x00000000000001d0       0x20 ./Core/Startup/startup_stm32h723zgtx.o
 .debug_ranges  0x00000000000001f0      0x1b8 ./Drivers/STM32H7xx_HAL_Driver/Src/stm32h7xx_hal.o
 .debug_ranges  0x00000000000003a8      0x110 ./Drivers/STM32H7xx_HAL_Driver/Src/stm32h7xx_hal_cortex.o
 .debug_ranges  0x00000000000004b8       0x90 ./Drivers/STM32H7xx_HAL_Driver/Src/stm32h7xx_hal_dma.o
 .debug_ranges  0x0000000000000548       0x48 ./Drivers/STM32H7xx_HAL_Driver/Src/stm32h7xx_hal_gpio.o
 .debug_ranges  0x0000000000000590      0x158 ./Drivers/STM32H7xx_HAL_Driver/Src/stm32h7xx_hal_lptim.o
 .debug_ranges  0x00000000000006e8      0x138 ./Drivers/STM32H7xx_HAL_Driver/Src/stm32h7xx_hal_pwr_ex.o
 .debug_ranges  0x0000000000000820       0x78 ./Drivers/STM32H7xx_HAL_Driver/Src/stm32h7xx_hal_rcc.o
 .debug_ranges  0x0000000000000898       0xe8 ./Drivers/STM32H7xx_HAL_Driver/Src/stm32h7xx_hal_rcc_ex.o
 .debug_ranges  0x0000000000000980      0x3d0 ./Drivers/STM32H7xx_HAL_Driver/Src/stm32h7xx_hal_tim.o
 .debug_ranges  0x0000000000000d50      0x188 ./Drivers/STM32H7xx_HAL_Driver/Src/stm32h7xx_hal_tim_ex.o

.debug_macro    0x0000000000000000    0x3c1a6
 .debug_macro   0x0000000000000000      0xf02 ./Core/Src/main.o
 .debug_macro   0x0000000000000f02      0xc28 ./Core/Src/main.o
 .debug_macro   0x0000000000001b2a      0x262 ./Core/Src/main.o
 .debug_macro   0x0000000000001d8c       0x2e ./Core/Src/main.o
 .debug_macro   0x0000000000001dba       0x3b ./Core/Src/main.o
 .debug_macro   0x0000000000001df5       0x1c ./Core/Src/main.o
 .debug_macro   0x0000000000001e11       0x22 ./Core/Src/main.o
 .debug_macro   0x0000000000001e33       0x8e ./Core/Src/main.o
 .debug_macro   0x0000000000001ec1       0x51 ./Core/Src/main.o
 .debug_macro   0x0000000000001f12      0x103 ./Core/Src/main.o
 .debug_macro   0x0000000000002015       0x6a ./Core/Src/main.o
 .debug_macro   0x000000000000207f      0x1df ./Core/Src/main.o
 .debug_macro   0x000000000000225e       0x1c ./Core/Src/main.o
 .debug_macro   0x000000000000227a       0x22 ./Core/Src/main.o
 .debug_macro   0x000000000000229c       0xfb ./Core/Src/main.o
 .debug_macro   0x0000000000002397     0x1305 ./Core/Src/main.o
 .debug_macro   0x000000000000369c      0x11f ./Core/Src/main.o
 .debug_macro   0x00000000000037bb       0x27 ./Core/Src/main.o
 .debug_macro   0x00000000000037e2    0x211d1 ./Core/Src/main.o
 .debug_macro   0x00000000000249b3       0x6d ./Core/Src/main.o
 .debug_macro   0x0000000000024a20     0x3d0d ./Core/Src/main.o
 .debug_macro   0x000000000002872d      0x17b ./Core/Src/main.o
 .debug_macro   0x00000000000288a8      0x18a ./Core/Src/main.o
 .debug_macro   0x0000000000028a32       0x10 ./Core/Src/main.o
 .debug_macro   0x0000000000028a42       0xba ./Core/Src/main.o
 .debug_macro   0x0000000000028afc       0xf7 ./Core/Src/main.o
 .debug_macro   0x0000000000028bf3      0x34c ./Core/Src/main.o
 .debug_macro   0x0000000000028f3f       0x18 ./Core/Src/main.o
 .debug_macro   0x0000000000028f57       0x52 ./Core/Src/main.o
 .debug_macro   0x0000000000028fa9       0x1d ./Core/Src/main.o
 .debug_macro   0x0000000000028fc6       0x3c ./Core/Src/main.o
 .debug_macro   0x0000000000029002       0x34 ./Core/Src/main.o
 .debug_macro   0x0000000000029036       0x16 ./Core/Src/main.o
 .debug_macro   0x000000000002904c       0x43 ./Core/Src/main.o
 .debug_macro   0x000000000002908f       0x34 ./Core/Src/main.o
 .debug_macro   0x00000000000290c3       0x10 ./Core/Src/main.o
 .debug_macro   0x00000000000290d3       0x58 ./Core/Src/main.o
 .debug_macro   0x000000000002912b       0x71 ./Core/Src/main.o
 .debug_macro   0x000000000002919c       0x16 ./Core/Src/main.o
 .debug_macro   0x00000000000291b2      0x12a ./Core/Src/main.o
 .debug_macro   0x00000000000292dc      0x364 ./Core/Src/main.o
 .debug_macro   0x0000000000029640      0x194 ./Core/Src/main.o
 .debug_macro   0x00000000000297d4       0x10 ./Core/Src/main.o
 .debug_macro   0x00000000000297e4       0x16 ./Core/Src/main.o
 .debug_macro   0x00000000000297fa       0x35 ./Core/Src/main.o
 .debug_macro   0x000000000002982f       0x16 ./Core/Src/main.o
 .debug_macro   0x0000000000029845       0x29 ./Core/Src/main.o
 .debug_macro   0x000000000002986e       0x10 ./Core/Src/main.o
 .debug_macro   0x000000000002987e      0x3d5 ./Core/Src/main.o
 .debug_macro   0x0000000000029c53       0x16 ./Core/Src/main.o
 .debug_macro   0x0000000000029c69       0x1c ./Core/Src/main.o
 .debug_macro   0x0000000000029c85       0x4f ./Core/Src/main.o
 .debug_macro   0x0000000000029cd4       0x94 ./Core/Src/main.o
 .debug_macro   0x0000000000029d68       0x19 ./Core/Src/main.o
 .debug_macro   0x0000000000029d81       0x10 ./Core/Src/main.o
 .debug_macro   0x0000000000029d91       0x17 ./Core/Src/main.o
 .debug_macro   0x0000000000029da8       0x10 ./Core/Src/main.o
 .debug_macro   0x0000000000029db8       0x28 ./Core/Src/main.o
 .debug_macro   0x0000000000029de0       0x2e ./Core/Src/main.o
 .debug_macro   0x0000000000029e0e       0x16 ./Core/Src/main.o
 .debug_macro   0x0000000000029e24       0x10 ./Core/Src/main.o
 .debug_macro   0x0000000000029e34       0x12 ./Core/Src/main.o
 .debug_macro   0x0000000000029e46       0x19 ./Core/Src/main.o
 .debug_macro   0x0000000000029e5f       0x88 ./Core/Src/main.o
 .debug_macro   0x0000000000029ee7       0x19 ./Core/Src/main.o
 .debug_macro   0x0000000000029f00      0x120 ./Core/Src/main.o
 .debug_macro   0x000000000002a020       0x11 ./Core/Src/main.o
 .debug_macro   0x000000000002a031       0x17 ./Core/Src/main.o
 .debug_macro   0x000000000002a048       0x17 ./Core/Src/main.o
 .debug_macro   0x000000000002a05f       0x17 ./Core/Src/main.o
 .debug_macro   0x000000000002a076       0x17 ./Core/Src/main.o
 .debug_macro   0x000000000002a08d       0x17 ./Core/Src/main.o
 .debug_macro   0x000000000002a0a4       0x17 ./Core/Src/main.o
 .debug_macro   0x000000000002a0bb       0x5d ./Core/Src/main.o
 .debug_macro   0x000000000002a118     0x2462 ./Core/Src/main.o
 .debug_macro   0x000000000002c57a     0x104f ./Core/Src/main.o
 .debug_macro   0x000000000002d5c9      0x14d ./Core/Src/main.o
 .debug_macro   0x000000000002d716      0x114 ./Core/Src/main.o
 .debug_macro   0x000000000002d82a      0x3f8 ./Core/Src/main.o
 .debug_macro   0x000000000002dc22       0xac ./Core/Src/main.o
 .debug_macro   0x000000000002dcce      0x788 ./Core/Src/main.o
 .debug_macro   0x000000000002e456      0x228 ./Core/Src/main.o
 .debug_macro   0x000000000002e67e       0x66 ./Core/Src/main.o
 .debug_macro   0x000000000002e6e4      0x3a6 ./Core/Src/main.o
 .debug_macro   0x000000000002ea8a      0x3f9 ./Core/Src/main.o
 .debug_macro   0x000000000002ee83      0x275 ./Core/Src/main.o
 .debug_macro   0x000000000002f0f8     0x116a ./Core/Src/main.o
 .debug_macro   0x0000000000030262      0x7c1 ./Core/Src/main.o
 .debug_macro   0x0000000000030a23      0x398 ./Core/Src/main.o
 .debug_macro   0x0000000000030dbb      0xe42 ./Core/Src/main.o
 .debug_macro   0x0000000000031bfd      0x1f4 ./Core/Src/main.o
 .debug_macro   0x0000000000031df1      0x3ca ./Core/Src/main.o
 .debug_macro   0x00000000000321bb      0x45c ./Core/Src/main.o
 .debug_macro   0x0000000000032617       0x3c ./Core/Src/main.o
 .debug_macro   0x0000000000032653      0x184 ./Core/Src/main.o
 .debug_macro   0x00000000000327d7       0x4a ./Core/Src/main.o
 .debug_macro   0x0000000000032821      0x22c ./Core/Src/main.o
 .debug_macro   0x0000000000032a4d       0x67 ./Core/Src/main.o
 .debug_macro   0x0000000000032ab4       0xa5 ./Core/Src/main.o
 .debug_macro   0x0000000000032b59      0x295 ./Core/Src/main.o
 .debug_macro   0x0000000000032dee      0x1c4 ./Core/Src/main.o
 .debug_macro   0x0000000000032fb2      0x22a ./Core/Src/main.o
 .debug_macro   0x00000000000331dc       0x35 ./Core/Src/main.o
 .debug_macro   0x0000000000033211      0x321 ./Core/Src/main.o
 .debug_macro   0x0000000000033532      0x662 ./Core/Src/main.o
 .debug_macro   0x0000000000033b94       0xe4 ./Core/Src/main.o
 .debug_macro   0x0000000000033c78      0x5e4 ./Core/Src/main.o
 .debug_macro   0x000000000003425c       0x9e ./Core/Src/main.o
 .debug_macro   0x00000000000342fa      0xb16 ./Core/Src/main.o
 .debug_macro   0x0000000000034e10      0x29f ./Core/Src/main.o
 .debug_macro   0x00000000000350af      0x67e ./Core/Src/main.o
 .debug_macro   0x000000000003572d       0xa6 ./Core/Src/main.o
 .debug_macro   0x00000000000357d3      0x5e6 ./Core/Src/main.o
 .debug_macro   0x0000000000035db9      0x2b6 ./Core/Src/main.o
 .debug_macro   0x000000000003606f       0x11 ./Core/Src/main.o
 .debug_macro   0x0000000000036080       0x11 ./Core/Src/main.o
 .debug_macro   0x0000000000036091       0x11 ./Core/Src/main.o
 .debug_macro   0x00000000000360a2       0x10 ./Core/Src/main.o
 .debug_macro   0x00000000000360b2       0x35 ./Core/Src/main.o
 .debug_macro   0x00000000000360e7       0x17 ./Core/Src/main.o
 .debug_macro   0x00000000000360fe       0x18 ./Core/Src/main.o
 .debug_macro   0x0000000000036116       0x1f ./Core/Src/main.o
 .debug_macro   0x0000000000036135       0x10 ./Core/Src/main.o
 .debug_macro   0x0000000000036145       0x11 ./Core/Src/main.o
 .debug_macro   0x0000000000036156       0xf0 ./Core/Src/main.o
 .debug_macro   0x0000000000036246       0x11 ./Core/Src/main.o
 .debug_macro   0x0000000000036257       0x12 ./Core/Src/main.o
 .debug_macro   0x0000000000036269       0x11 ./Core/Src/main.o
 .debug_macro   0x000000000003627a       0x2d ./Core/Src/main.o
 .debug_macro   0x00000000000362a7       0x26 ./Core/Src/main.o
 .debug_macro   0x00000000000362cd       0x22 ./Core/Src/main.o
 .debug_macro   0x00000000000362ef       0x3c ./Core/Src/main.o
 .debug_macro   0x000000000003632b       0x10 ./Core/Src/main.o
 .debug_macro   0x000000000003633b       0x10 ./Core/Src/main.o
 .debug_macro   0x000000000003634b       0x33 ./Core/Src/main.o
 .debug_macro   0x000000000003637e      0x173 ./Core/Src/main.o
 .debug_macro   0x00000000000364f1       0x11 ./Core/Src/main.o
 .debug_macro   0x0000000000036502       0x10 ./Core/Src/main.o
 .debug_macro   0x0000000000036512       0x5e ./Core/Src/main.o
 .debug_macro   0x0000000000036570       0x16 ./Core/Src/main.o
 .debug_macro   0x0000000000036586       0x52 ./Core/Src/main.o
 .debug_macro   0x00000000000365d8       0x5e ./Core/Src/main.o
 .debug_macro   0x0000000000036636       0x11 ./Core/Src/main.o
 .debug_macro   0x0000000000036647       0x2f ./Core/Src/main.o
 .debug_macro   0x0000000000036676       0x16 ./Core/Src/main.o
 .debug_macro   0x000000000003668c       0x1d ./Core/Src/main.o
 .debug_macro   0x00000000000366a9       0x1c ./Core/Src/main.o
 .debug_macro   0x00000000000366c5       0x10 ./Core/Src/main.o
 .debug_macro   0x00000000000366d5       0x1c ./Core/Src/main.o
 .debug_macro   0x00000000000366f1       0x52 ./Core/Src/main.o
 .debug_macro   0x0000000000036743       0x22 ./Core/Src/main.o
 .debug_macro   0x0000000000036765       0x10 ./Core/Src/main.o
 .debug_macro   0x0000000000036775       0x52 ./Core/Src/main.o
 .debug_macro   0x00000000000367c7       0xd5 ./Core/Src/main.o
 .debug_macro   0x000000000003689c       0x1c ./Core/Src/main.o
 .debug_macro   0x00000000000368b8       0x3d ./Core/Src/main.o
 .debug_macro   0x00000000000368f5       0x16 ./Core/Src/main.o
 .debug_macro   0x000000000003690b      0x130 ./Core/Src/main.o
 .debug_macro   0x0000000000036a3b      0x11d ./Core/Src/main.o
 .debug_macro   0x0000000000036b58       0x10 ./Core/Src/main.o
 .debug_macro   0x0000000000036b68      0x241 ./Core/Src/main.o
 .debug_macro   0x0000000000036da9       0x17 ./Core/Src/main.o
 .debug_macro   0x0000000000036dc0       0x10 ./Core/Src/main.o
 .debug_macro   0x0000000000036dd0       0x10 ./Core/Src/main.o
 .debug_macro   0x0000000000036de0       0x76 ./Core/Src/main.o
 .debug_macro   0x0000000000036e56       0x16 ./Core/Src/main.o
 .debug_macro   0x0000000000036e6c       0x16 ./Core/Src/main.o
 .debug_macro   0x0000000000036e82       0x10 ./Core/Src/main.o
 .debug_macro   0x0000000000036e92       0x41 ./Core/Src/main.o
 .debug_macro   0x0000000000036ed3       0x40 ./Core/Src/main.o
 .debug_macro   0x0000000000036f13       0x20 ./Core/Src/main.o
 .debug_macro   0x0000000000036f33       0x22 ./Core/Src/main.o
 .debug_macro   0x0000000000036f55       0x41 ./Core/Src/main.o
 .debug_macro   0x0000000000036f96       0x10 ./Core/Src/main.o
 .debug_macro   0x0000000000036fa6       0x31 ./Core/Src/main.o
 .debug_macro   0x0000000000036fd7       0x10 ./Core/Src/main.o
 .debug_macro   0x0000000000036fe7       0x3c ./Core/Src/main.o
 .debug_macro   0x0000000000037023       0x17 ./Core/Src/main.o
 .debug_macro   0x000000000003703a       0x11 ./Core/Src/main.o
 .debug_macro   0x000000000003704b       0x12 ./Core/Src/main.o
 .debug_macro   0x000000000003705d       0x4c ./Core/Src/main.o
 .debug_macro   0x00000000000370a9       0x27 ./Core/Src/main.o
 .debug_macro   0x00000000000370d0       0x1f ./Core/Src/main.o
 .debug_macro   0x00000000000370ef       0x19 ./Core/Src/main.o
 .debug_macro   0x0000000000037108       0x10 ./Core/Src/main.o
 .debug_macro   0x0000000000037118       0x17 ./Core/Src/main.o
 .debug_macro   0x000000000003712f       0x24 ./Core/Src/main.o
 .debug_macro   0x0000000000037153       0x12 ./Core/Src/main.o
 .debug_macro   0x0000000000037165       0x1f ./Core/Src/main.o
 .debug_macro   0x0000000000037184       0x18 ./Core/Src/main.o
 .debug_macro   0x000000000003719c       0x16 ./Core/Src/main.o
 .debug_macro   0x00000000000371b2       0x20 ./Core/Src/main.o
 .debug_macro   0x00000000000371d2       0x8e ./Core/Src/main.o
 .debug_macro   0x0000000000037260       0x10 ./Core/Src/main.o
 .debug_macro   0x0000000000037270       0x4c ./Core/Src/main.o
 .debug_macro   0x00000000000372bc       0x2e ./Core/Src/main.o
 .debug_macro   0x00000000000372ea       0x10 ./Core/Src/main.o
 .debug_macro   0x00000000000372fa       0x10 ./Core/Src/main.o
 .debug_macro   0x000000000003730a      0x335 ./Core/Src/stm32h7xx_hal_msp.o
 .debug_macro   0x000000000003763f      0xa90 ./Core/Src/stm32h7xx_hal_msp.o
 .debug_macro   0x00000000000380cf     0x1305 ./Core/Src/stm32h7xx_hal_msp.o
 .debug_macro   0x00000000000393d4      0x174 ./Core/Src/stm32h7xx_hal_msp.o
 .debug_macro   0x0000000000039548       0x34 ./Core/Src/stm32h7xx_hal_msp.o
 .debug_macro   0x000000000003957c       0x43 ./Core/Src/stm32h7xx_hal_msp.o
 .debug_macro   0x00000000000395bf       0x1c ./Core/Src/stm32h7xx_hal_msp.o
 .debug_macro   0x00000000000395db      0x341 ./Core/Src/stm32h7xx_hal_msp.o
 .debug_macro   0x000000000003991c      0x19b ./Core/Src/stm32h7xx_hal_msp.o
 .debug_macro   0x0000000000039ab7      0x33f ./Core/Src/stm32h7xx_it.o
 .debug_macro   0x0000000000039df6      0x326 ./Core/Src/system_stm32h7xx.o
 .debug_macro   0x000000000003a11c      0x350 ./Drivers/STM32H7xx_HAL_Driver/Src/stm32h7xx_hal.o
 .debug_macro   0x000000000003a46c      0x326 ./Drivers/STM32H7xx_HAL_Driver/Src/stm32h7xx_hal_cortex.o
 .debug_macro   0x000000000003a792      0x379 ./Drivers/STM32H7xx_HAL_Driver/Src/stm32h7xx_hal_dma.o
 .debug_macro   0x000000000003ab0b      0x32d ./Drivers/STM32H7xx_HAL_Driver/Src/stm32h7xx_hal_gpio.o
 .debug_macro   0x000000000003ae38      0x32e ./Drivers/STM32H7xx_HAL_Driver/Src/stm32h7xx_hal_lptim.o
 .debug_macro   0x000000000003b166      0x35f ./Drivers/STM32H7xx_HAL_Driver/Src/stm32h7xx_hal_pwr_ex.o
 .debug_macro   0x000000000003b4c5      0x34a ./Drivers/STM32H7xx_HAL_Driver/Src/stm32h7xx_hal_rcc.o
 .debug_macro   0x000000000003b80f      0x344 ./Drivers/STM32H7xx_HAL_Driver/Src/stm32h7xx_hal_rcc_ex.o
 .debug_macro   0x000000000003bb53      0x327 ./Drivers/STM32H7xx_HAL_Driver/Src/stm32h7xx_hal_tim.o
 .debug_macro   0x000000000003be7a      0x32c ./Drivers/STM32H7xx_HAL_Driver/Src/stm32h7xx_hal_tim_ex.o

.debug_line     0x0000000000000000    0x1595b
 .debug_line    0x0000000000000000     0x2947 ./Core/Src/main.o
 .debug_line    0x0000000000002947     0x1162 ./Core/Src/stm32h7xx_hal_msp.o
 .debug_line    0x0000000000003aa9      0xb40 ./Core/Src/stm32h7xx_it.o
 .debug_line    0x00000000000045e9      0xb02 ./Core/Src/system_stm32h7xx.o
 .debug_line    0x00000000000050eb       0x88 ./Core/Startup/startup_stm32h723zgtx.o
 .debug_line    0x0000000000005173      0xf9c ./Drivers/STM32H7xx_HAL_Driver/Src/stm32h7xx_hal.o
 .debug_line    0x000000000000610f      0xf11 ./Drivers/STM32H7xx_HAL_Driver/Src/stm32h7xx_hal_cortex.o
 .debug_line    0x0000000000007020     0x285d ./Drivers/STM32H7xx_HAL_Driver/Src/stm32h7xx_hal_dma.o
 .debug_line    0x000000000000987d      0xdba ./Drivers/STM32H7xx_HAL_Driver/Src/stm32h7xx_hal_gpio.o
 .debug_line    0x000000000000a637     0x13ee ./Drivers/STM32H7xx_HAL_Driver/Src/stm32h7xx_hal_lptim.o
 .debug_line    0x000000000000ba25      0xf80 ./Drivers/STM32H7xx_HAL_Driver/Src/stm32h7xx_hal_pwr_ex.o
 .debug_line    0x000000000000c9a5     0x13e0 ./Drivers/STM32H7xx_HAL_Driver/Src/stm32h7xx_hal_rcc.o
 .debug_line    0x000000000000dd85     0x1b59 ./Drivers/STM32H7xx_HAL_Driver/Src/stm32h7xx_hal_rcc_ex.o
 .debug_line    0x000000000000f8de     0x4064 ./Drivers/STM32H7xx_HAL_Driver/Src/stm32h7xx_hal_tim.o
 .debug_line    0x0000000000013942     0x2019 ./Drivers/STM32H7xx_HAL_Driver/Src/stm32h7xx_hal_tim_ex.o

.debug_str      0x0000000000000000   0x183885
 .debug_str     0x0000000000000000   0x17d84a ./Core/Src/main.o
                                     0x17e74f (size before relaxing)
 .debug_str     0x000000000017d84a     0x1dda ./Core/Src/stm32h7xx_hal_msp.o
                                     0x17429c (size before relaxing)
 .debug_str     0x000000000017f624      0x1f2 ./Core/Src/stm32h7xx_it.o
                                     0x172328 (size before relaxing)
 .debug_str     0x000000000017f816      0x29c ./Core/Src/system_stm32h7xx.o
                                     0x171272 (size before relaxing)
 .debug_str     0x000000000017fab2       0x36 ./Core/Startup/startup_stm32h723zgtx.o
                                         0x76 (size before relaxing)
 .debug_str     0x000000000017fae8      0x98b ./Drivers/STM32H7xx_HAL_Driver/Src/stm32h7xx_hal.o
                                     0x1722fc (size before relaxing)
 .debug_str     0x0000000000180473      0x324 ./Drivers/STM32H7xx_HAL_Driver/Src/stm32h7xx_hal_cortex.o
                                     0x171bde (size before relaxing)
 .debug_str     0x0000000000180797      0x8b2 ./Drivers/STM32H7xx_HAL_Driver/Src/stm32h7xx_hal_dma.o
                                     0x171a27 (size before relaxing)
 .debug_str     0x0000000000181049      0x114 ./Drivers/STM32H7xx_HAL_Driver/Src/stm32h7xx_hal_gpio.o
                                     0x1712bd (size before relaxing)
 .debug_str     0x000000000018115d      0x467 ./Drivers/STM32H7xx_HAL_Driver/Src/stm32h7xx_hal_lptim.o
                                     0x1716ae (size before relaxing)
 .debug_str     0x00000000001815c4      0x5e7 ./Drivers/STM32H7xx_HAL_Driver/Src/stm32h7xx_hal_pwr_ex.o
                                     0x1716c5 (size before relaxing)
 .debug_str     0x0000000000181bab      0x22e ./Drivers/STM32H7xx_HAL_Driver/Src/stm32h7xx_hal_rcc.o
                                     0x171640 (size before relaxing)
 .debug_str     0x0000000000181dd9      0x64b ./Drivers/STM32H7xx_HAL_Driver/Src/stm32h7xx_hal_rcc_ex.o
                                     0x171b2f (size before relaxing)
 .debug_str     0x0000000000182424      0xde3 ./Drivers/STM32H7xx_HAL_Driver/Src/stm32h7xx_hal_tim.o
                                     0x17242e (size before relaxing)
 .debug_str     0x0000000000183207      0x67e ./Drivers/STM32H7xx_HAL_Driver/Src/stm32h7xx_hal_tim_ex.o
                                     0x171deb (size before relaxing)

.comment        0x0000000000000000       0x50
 .comment       0x0000000000000000       0x50 ./Core/Src/main.o
                                         0x51 (size before relaxing)
 .comment       0x0000000000000050       0x51 ./Core/Src/stm32h7xx_hal_msp.o
 .comment       0x0000000000000050       0x51 ./Core/Src/stm32h7xx_it.o
 .comment       0x0000000000000050       0x51 ./Core/Src/system_stm32h7xx.o
 .comment       0x0000000000000050       0x51 ./Drivers/STM32H7xx_HAL_Driver/Src/stm32h7xx_hal.o
 .comment       0x0000000000000050       0x51 ./Drivers/STM32H7xx_HAL_Driver/Src/stm32h7xx_hal_cortex.o
 .comment       0x0000000000000050       0x51 ./Drivers/STM32H7xx_HAL_Driver/Src/stm32h7xx_hal_dma.o
 .comment       0x0000000000000050       0x51 ./Drivers/STM32H7xx_HAL_Driver/Src/stm32h7xx_hal_gpio.o
 .comment       0x0000000000000050       0x51 ./Drivers/STM32H7xx_HAL_Driver/Src/stm32h7xx_hal_lptim.o
 .comment       0x0000000000000050       0x51 ./Drivers/STM32H7xx_HAL_Driver/Src/stm32h7xx_hal_pwr_ex.o
 .comment       0x0000000000000050       0x51 ./Drivers/STM32H7xx_HAL_Driver/Src/stm32h7xx_hal_rcc.o
 .comment       0x0000000000000050       0x51 ./Drivers/STM32H7xx_HAL_Driver/Src/stm32h7xx_hal_rcc_ex.o
 .comment       0x0000000000000050       0x51 ./Drivers/STM32H7xx_HAL_Driver/Src/stm32h7xx_hal_tim.o
 .comment       0x0000000000000050       0x51 ./Drivers/STM32H7xx_HAL_Driver/Src/stm32h7xx_hal_tim_ex.o

.debug_frame    0x0000000000000000     0x4258
 .debug_frame   0x0000000000000000       0xb4 ./Core/Src/main.o
 .debug_frame   0x00000000000000b4      0x3f0 ./Core/Src/stm32h7xx_hal_msp.o
 .debug_frame   0x00000000000004a4      0x254 ./Core/Src/stm32h7xx_it.o
 .debug_frame   0x00000000000006f8       0x58 ./Core/Src/system_stm32h7xx.o
 .debug_frame   0x0000000000000750      0x760 ./Drivers/STM32H7xx_HAL_Driver/Src/stm32h7xx_hal.o
 .debug_frame   0x0000000000000eb0      0x4b8 ./Drivers/STM32H7xx_HAL_Driver/Src/stm32h7xx_hal_cortex.o
 .debug_frame   0x0000000000001368      0x2b4 ./Drivers/STM32H7xx_HAL_Driver/Src/stm32h7xx_hal_dma.o
 .debug_frame   0x000000000000161c      0x14c ./Drivers/STM32H7xx_HAL_Driver/Src/stm32h7xx_hal_gpio.o
 .debug_frame   0x0000000000001768      0x634 ./Drivers/STM32H7xx_HAL_Driver/Src/stm32h7xx_hal_lptim.o
 .debug_frame   0x0000000000001d9c      0x540 ./Drivers/STM32H7xx_HAL_Driver/Src/stm32h7xx_hal_pwr_ex.o
 .debug_frame   0x00000000000022dc      0x1fc ./Drivers/STM32H7xx_HAL_Driver/Src/stm32h7xx_hal_rcc.o
 .debug_frame   0x00000000000024d8      0x3f4 ./Drivers/STM32H7xx_HAL_Driver/Src/stm32h7xx_hal_rcc_ex.o
 .debug_frame   0x00000000000028cc     0x121c ./Drivers/STM32H7xx_HAL_Driver/Src/stm32h7xx_hal_tim.o
 .debug_frame   0x0000000000003ae8      0x724 ./Drivers/STM32H7xx_HAL_Driver/Src/stm32h7xx_hal_tim_ex.o
 .debug_frame   0x000000000000420c       0x2c /home/dgoncas/st/stm32cubeide_1.6.1/plugins/com.st.stm32cube.ide.mcu.externaltools.gnu-tools-for-stm32.10.3-2021.10.linux64_1.0.100.202210260954/tools/bin/../lib/gcc/arm-none-eabi/10.3.1/../../../../arm-none-eabi/lib/thumb/v7e-m+dp/hard/libc_nano.a(lib_a-init.o)
 .debug_frame   0x0000000000004238       0x20 /home/dgoncas/st/stm32cubeide_1.6.1/plugins/com.st.stm32cube.ide.mcu.externaltools.gnu-tools-for-stm32.10.3-2021.10.linux64_1.0.100.202210260954/tools/bin/../lib/gcc/arm-none-eabi/10.3.1/../../../../arm-none-eabi/lib/thumb/v7e-m+dp/hard/libc_nano.a(lib_a-memset.o)
