c:\st\stm32cubeide_1.10.1\stm32cubeide\plugins\com.st.stm32cube.ide.mcu.externaltools.gnu-tools-for-stm32.10.3-2021.10.win32_1.0.0.202111181127\tools\bin\../lib/gcc/arm-none-eabi/10.3.1/../../../../arm-none-eabi/include/c++/10.3.1/arm-none-eabi/thumb/v7e-m+dp/hard/bits/gthr-default.h:229:1:int __gthread_key_delete(__gthread_key_t)	16	static
../Core/Src/main.cpp:124:5:int main()	8	static
../Core/Src/main.cpp:194:6:void SystemClock_Config()	120	static
../Core/Src/main.cpp:257:6:void PeriphCommonClock_Config()	192	static
../Core/Src/main.cpp:284:13:void MX_ADC1_Init()	56	static
../Core/Src/main.cpp:433:13:void MX_ADC2_Init()	48	static
../Core/Src/main.cpp:501:13:void MX_ADC3_Init()	48	static
../Core/Src/main.cpp:627:13:void MX_CORDIC_Init()	8	static
../Core/Src/main.cpp:653:13:void MX_FDCAN1_Init()	8	static
../Core/Src/main.cpp:706:13:void MX_FDCAN3_Init()	8	static
../Core/Src/main.cpp:759:13:void MX_FMAC_Init()	8	static
../Core/Src/main.cpp:785:13:void MX_LPTIM1_Init()	8	static
../Core/Src/main.cpp:819:13:void MX_LPTIM2_Init()	8	static
../Core/Src/main.cpp:853:13:void MX_LPTIM3_Init()	8	static
../Core/Src/main.cpp:886:13:void MX_RTC_Init()	8	static
../Core/Src/main.cpp:922:13:void MX_SPI3_Init()	8	static
../Core/Src/main.cpp:970:13:void MX_TIM1_Init()	104	static
../Core/Src/main.cpp:1052:13:void MX_TIM3_Init()	48	static
../Core/Src/main.cpp:1113:13:void MX_TIM4_Init()	48	static
../Core/Src/main.cpp:1174:13:void MX_TIM8_Init()	56	static
../Core/Src/main.cpp:1225:13:void MX_TIM12_Init()	40	static
../Core/Src/main.cpp:1271:13:void MX_TIM15_Init()	104	static
../Core/Src/main.cpp:1341:13:void MX_TIM16_Init()	88	static
../Core/Src/main.cpp:1404:13:void MX_TIM17_Init()	88	static
../Core/Src/main.cpp:1467:13:void MX_TIM23_Init()	64	static
../Core/Src/main.cpp:1537:13:void MX_USART1_UART_Init()	8	static
../Core/Src/main.cpp:1585:13:void MX_USART2_UART_Init()	8	static
../Core/Src/main.cpp:1631:13:void MX_DMA_Init()	16	static
../Core/Src/main.cpp:1655:13:void MX_GPIO_Init()	64	static
../Core/Src/main.cpp:1718:6:void Error_Handler()	4	static,ignoring_inline_asm
