/home/dgoncas/st/stm32cubeide_1.6.1/plugins/com.st.stm32cube.ide.mcu.externaltools.gnu-tools-for-stm32.10.3-2021.10.linux64_1.0.100.202210260954/tools/arm-none-eabi/include/c++/10.3.1/arm-none-eabi/thumb/v7e-m+dp/hard/bits/gthr-default.h:229:1:int __gthread_key_delete(__gthread_key_t)	16	static
../Core/Src/main.cpp:18:5:int main()	8	static
../Core/Src/main.cpp:27:6:void SystemClock_Config()	120	static
../Core/Src/main.cpp:86:6:void PeriphCommonClock_Config()	192	static
../Core/Src/main.cpp:109:6:void Error_Handler()	4	static,ignoring_inline_asm
